Archive member included to satisfy reference by file (symbol)

c:/program files (x86)/atmel/studio/7.0/toolchain/avr8/avr8-gnu-toolchain/bin/../lib/gcc/avr/5.4.0/../../../../avr/lib/avr5\libm.a(addsf3.o)
                              Kalman.o (__subsf3)
c:/program files (x86)/atmel/studio/7.0/toolchain/avr8/avr8-gnu-toolchain/bin/../lib/gcc/avr/5.4.0/../../../../avr/lib/avr5\libm.a(addsf3x.o)
                              c:/program files (x86)/atmel/studio/7.0/toolchain/avr8/avr8-gnu-toolchain/bin/../lib/gcc/avr/5.4.0/../../../../avr/lib/avr5\libm.a(addsf3.o) (__addsf3x)
c:/program files (x86)/atmel/studio/7.0/toolchain/avr8/avr8-gnu-toolchain/bin/../lib/gcc/avr/5.4.0/../../../../avr/lib/avr5\libm.a(asin.o)
                              Sketch.o (asin)
c:/program files (x86)/atmel/studio/7.0/toolchain/avr8/avr8-gnu-toolchain/bin/../lib/gcc/avr/5.4.0/../../../../avr/lib/avr5\libm.a(atan2.o)
                              Sketch.o (atan2)
c:/program files (x86)/atmel/studio/7.0/toolchain/avr8/avr8-gnu-toolchain/bin/../lib/gcc/avr/5.4.0/../../../../avr/lib/avr5\libm.a(atan.o)
                              c:/program files (x86)/atmel/studio/7.0/toolchain/avr8/avr8-gnu-toolchain/bin/../lib/gcc/avr/5.4.0/../../../../avr/lib/avr5\libm.a(atan2.o) (atan)
c:/program files (x86)/atmel/studio/7.0/toolchain/avr8/avr8-gnu-toolchain/bin/../lib/gcc/avr/5.4.0/../../../../avr/lib/avr5\libm.a(cmpsf2.o)
                              libs/MPU6050.o (__ltsf2)
c:/program files (x86)/atmel/studio/7.0/toolchain/avr8/avr8-gnu-toolchain/bin/../lib/gcc/avr/5.4.0/../../../../avr/lib/avr5\libm.a(divsf3.o)
                              Kalman.o (__divsf3)
c:/program files (x86)/atmel/studio/7.0/toolchain/avr8/avr8-gnu-toolchain/bin/../lib/gcc/avr/5.4.0/../../../../avr/lib/avr5\libm.a(divsf3x.o)
                              c:/program files (x86)/atmel/studio/7.0/toolchain/avr8/avr8-gnu-toolchain/bin/../lib/gcc/avr/5.4.0/../../../../avr/lib/avr5\libm.a(divsf3.o) (__divsf3x)
c:/program files (x86)/atmel/studio/7.0/toolchain/avr8/avr8-gnu-toolchain/bin/../lib/gcc/avr/5.4.0/../../../../avr/lib/avr5\libm.a(fixsfsi.o)
                              libs/MPU6050.o (__fixsfsi)
c:/program files (x86)/atmel/studio/7.0/toolchain/avr8/avr8-gnu-toolchain/bin/../lib/gcc/avr/5.4.0/../../../../avr/lib/avr5\libm.a(fixunssfsi.o)
                              libs/MPU6050.o (__fixunssfsi)
c:/program files (x86)/atmel/studio/7.0/toolchain/avr8/avr8-gnu-toolchain/bin/../lib/gcc/avr/5.4.0/../../../../avr/lib/avr5\libm.a(floatsisf.o)
                              libs/MPU6050.o (__floatunsisf)
c:/program files (x86)/atmel/studio/7.0/toolchain/avr8/avr8-gnu-toolchain/bin/../lib/gcc/avr/5.4.0/../../../../avr/lib/avr5\libm.a(fp_arccos.o)
                              c:/program files (x86)/atmel/studio/7.0/toolchain/avr8/avr8-gnu-toolchain/bin/../lib/gcc/avr/5.4.0/../../../../avr/lib/avr5\libm.a(asin.o) (__fp_arccos)
c:/program files (x86)/atmel/studio/7.0/toolchain/avr8/avr8-gnu-toolchain/bin/../lib/gcc/avr/5.4.0/../../../../avr/lib/avr5\libm.a(fp_cmp.o)
                              c:/program files (x86)/atmel/studio/7.0/toolchain/avr8/avr8-gnu-toolchain/bin/../lib/gcc/avr/5.4.0/../../../../avr/lib/avr5\libm.a(cmpsf2.o) (__fp_cmp)
c:/program files (x86)/atmel/studio/7.0/toolchain/avr8/avr8-gnu-toolchain/bin/../lib/gcc/avr/5.4.0/../../../../avr/lib/avr5\libm.a(fp_inf.o)
                              c:/program files (x86)/atmel/studio/7.0/toolchain/avr8/avr8-gnu-toolchain/bin/../lib/gcc/avr/5.4.0/../../../../avr/lib/avr5\libm.a(addsf3x.o) (__fp_inf)
c:/program files (x86)/atmel/studio/7.0/toolchain/avr8/avr8-gnu-toolchain/bin/../lib/gcc/avr/5.4.0/../../../../avr/lib/avr5\libm.a(fp_nan.o)
                              c:/program files (x86)/atmel/studio/7.0/toolchain/avr8/avr8-gnu-toolchain/bin/../lib/gcc/avr/5.4.0/../../../../avr/lib/avr5\libm.a(addsf3x.o) (__fp_nan)
c:/program files (x86)/atmel/studio/7.0/toolchain/avr8/avr8-gnu-toolchain/bin/../lib/gcc/avr/5.4.0/../../../../avr/lib/avr5\libm.a(fp_powser.o)
                              c:/program files (x86)/atmel/studio/7.0/toolchain/avr8/avr8-gnu-toolchain/bin/../lib/gcc/avr/5.4.0/../../../../avr/lib/avr5\libm.a(atan.o) (__fp_powser)
c:/program files (x86)/atmel/studio/7.0/toolchain/avr8/avr8-gnu-toolchain/bin/../lib/gcc/avr/5.4.0/../../../../avr/lib/avr5\libm.a(fp_powsodd.o)
                              c:/program files (x86)/atmel/studio/7.0/toolchain/avr8/avr8-gnu-toolchain/bin/../lib/gcc/avr/5.4.0/../../../../avr/lib/avr5\libm.a(asin.o) (__fp_powsodd)
c:/program files (x86)/atmel/studio/7.0/toolchain/avr8/avr8-gnu-toolchain/bin/../lib/gcc/avr/5.4.0/../../../../avr/lib/avr5\libm.a(fp_pscA.o)
                              c:/program files (x86)/atmel/studio/7.0/toolchain/avr8/avr8-gnu-toolchain/bin/../lib/gcc/avr/5.4.0/../../../../avr/lib/avr5\libm.a(addsf3x.o) (__fp_pscA)
[...]
Memory Configuration

Name             Origin             Length             Attributes
text             0x00000000         0x00008000         xr
data             0x00800100         0x00000800         rw !x
eeprom           0x00810000         0x00000400         rw !x
fuse             0x00820000         0x00000003         rw !x
lock             0x00830000         0x00000400         rw !x
signature        0x00840000         0x00000400         rw !x
user_signatures  0x00850000         0x00000400         rw !x
*default*        0x00000000         0xffffffff

Linker script and memory map

Address of section .data set to 0x800100
LOAD C:/Program Files (x86)/Atmel/Studio/7.0/Packs/atmel/ATmega_DFP/1.6.364/gcc/dev/atmega328p/avr5/crtatmega328p.o
LOAD GimbalMot.o
LOAD Kalman.o
LOAD libs/I2Cdev.o
LOAD libs/MPU6050.o
LOAD PID.o
LOAD Sketch.o
START GROUP
LOAD c:/program files (x86)/atmel/studio/7.0/toolchain/avr8/avr8-gnu-toolchain/bin/../lib/gcc/avr/5.4.0/../../../../avr/lib/avr5\libm.a
LOAD C:\Users\Saas\Desktop\diploma\Code\Diploma\Diploma\ArduinoCore\Debug\libArduinoCore.a
END GROUP
LOAD c:/program files (x86)/atmel/studio/7.0/toolchain/avr8/avr8-gnu-toolchain/bin/../lib/gcc/avr/5.4.0/avr5\libgcc.a
LOAD c:/program files (x86)/atmel/studio/7.0/toolchain/avr8/avr8-gnu-toolchain/bin/../lib/gcc/avr/5.4.0/../../../../avr/lib/avr5\libm.a
START GROUP
LOAD c:/program files (x86)/atmel/studio/7.0/toolchain/avr8/avr8-gnu-toolchain/bin/../lib/gcc/avr/5.4.0/avr5\libgcc.a
LOAD c:/program files (x86)/atmel/studio/7.0/toolchain/avr8/avr8-gnu-toolchain/bin/../lib/gcc/avr/5.4.0/../../../../avr/lib/avr5\libm.a
LOAD c:/program files (x86)/atmel/studio/7.0/toolchain/avr8/avr8-gnu-toolchain/bin/../lib/gcc/avr/5.4.0/../../../../avr/lib/avr5\libc.a
LOAD C:/Program Files (x86)/Atmel/Studio/7.0/Packs/atmel/ATmega_DFP/1.6.364/gcc/dev/atmega328p/avr5\libatmega328p.a
END GROUP
                0x00000000                __TEXT_REGION_ORIGIN__ = DEFINED (__TEXT_REGION_ORIGIN__)?__TEXT_REGION_ORIGIN__:0x0
                [0x00800100]                __DATA_REGION_ORIGIN__ = DEFINED (__DATA_REGION_ORIGIN__)?__DATA_REGION_ORIGIN__:0x800060
                [0x00008000]                __TEXT_REGION_LENGTH__ = DEFINED (__TEXT_REGION_LENGTH__)?__TEXT_REGION_LENGTH__:0x20000
                [0x00000800]                __DATA_REGION_LENGTH__ = DEFINED (__DATA_REGION_LENGTH__)?__DATA_REGION_LENGTH__:0xffa0
                [0x00000400]                __EEPROM_REGION_LENGTH__ = DEFINED (__EEPROM_REGION_LENGTH__)?__EEPROM_REGION_LENGTH__:0x10000
                [0x00000003]                __FUSE_REGION_LENGTH__ = DEFINED (__FUSE_REGION_LENGTH__)?__FUSE_REGION_LENGTH__:0x400
                0x00000400                __LOCK_REGION_LENGTH__ = DEFINED (__LOCK_REGION_LENGTH__)?__LOCK_REGION_LENGTH__:0x400
                0x00000400                __SIGNATURE_REGION_LENGTH__ = DEFINED (__SIGNATURE_REGION_LENGTH__)?__SIGNATURE_REGION_LENGTH__:0x400
                0x00000400                __USER_SIGNATURE_REGION_LENGTH__ = DEFINED (__USER_SIGNATURE_REGION_LENGTH__)?__USER_SIGNATURE_REGION_LENGTH__:0x400

.hash
 *(.hash)

.dynsym
 *(.dynsym)

.dynstr
 *(.dynstr)

.gnu.version
 *(.gnu.version)

.gnu.version_d
 *(.gnu.version_d)

.gnu.version_r
 *(.gnu.version_r)

.rel.init
 *(.rel.init)

.rela.init
 *(.rela.init)

.rel.text
 *(.rel.text)
 *(.rel.text.*)
 *(.rel.gnu.linkonce.t*)

.rela.text
 *(.rela.text)
 *(.rela.text.*)
 *(.rela.gnu.linkonce.t*)

.rel.fini
 *(.rel.fini)

.rela.fini
 *(.rela.fini)

.rel.rodata
 *(.rel.rodata)
 *(.rel.rodata.*)
 *(.rel.gnu.linkonce.r*)

.rela.rodata
 *(.rela.rodata)
 *(.rela.rodata.*)
 *(.rela.gnu.linkonce.r*)

.rel.data
 *(.rel.data)
 *(.rel.data.*)
 *(.rel.gnu.linkonce.d*)

.rela.data
 *(.rela.data)
 *(.rela.data.*)
 *(.rela.gnu.linkonce.d*)

.rel.ctors
 *(.rel.ctors)

.rela.ctors
 *(.rela.ctors)

.rel.dtors
 *(.rel.dtors)

.rela.dtors
 *(.rela.dtors)

.rel.got
 *(.rel.got)

.rela.got
 *(.rela.got)

.rel.bss
 *(.rel.bss)

.rela.bss
 *(.rela.bss)

.rel.plt
 *(.rel.plt)

.rela.plt
 *(.rela.plt)

.text           0x00000000     0x40ca
 *(.vectors)
 .vectors       0x00000000       0x68 C:/Program Files (x86)/Atmel/Studio/7.0/Packs/atmel/ATmega_DFP/1.6.364/gcc/dev/atmega328p/avr5/crtatmega328p.o
                0x00000000                __vector_default
                0x00000000                __vectors
 *(.vectors)
 *(.progmem.gcc*)
 .progmem.gcc_fplib
                0x00000068       0x2d c:/program files (x86)/atmel/studio/7.0/toolchain/avr8/avr8-gnu-toolchain/bin/../lib/gcc/avr/5.4.0/../../../../avr/lib/avr5\libm.a(atan.o)
                0x00000096                . = ALIGN (0x2)
 *fill*         0x00000095        0x1 
                0x00000096                __trampolines_start = .
 *(.trampolines)
 .trampolines   0x00000096        0x0 linker stubs
 *(.trampolines*)
                0x00000096                __trampolines_end = .
 *libprintf_flt.a:*(.progmem.data)
 *libc.a:*(.progmem.data)
 *(.progmem*)
 .progmem.data._ZZ4loopE3__c
                0x00000096        0xf Sketch.o
 .progmem.data._ZZ5setupE3__c_0
                0x000000a5        0x2 Sketch.o
 .progmem.data._ZZ5setupE3__c
                0x000000a7       0x21 Sketch.o
 .progmem.data._ZZN7MPU605013dmpInitializeEvE3__c_30
                0x000000c8       0x38 Sketch.o
 .progmem.data._ZZN7MPU605013dmpInitializeEvE3__c_29
                0x00000100       0x3b Sketch.o
 .progmem.data._ZZN7MPU605013dmpInitializeEvE3__c_28
                0x0000013b       0x28 Sketch.o
 .progmem.data._ZZN7MPU605013dmpInitializeEvE3__c_27
                0x00000163       0x1c Sketch.o
 .progmem.data._ZZN7MPU605013dmpInitializeEvE3__c_26
                0x0000017f       0x11 Sketch.o
 .progmem.data._ZZN7MPU605013dmpInitializeEvE3__c_25
                0x00000190       0x11 Sketch.o
 .progmem.data._ZZN7MPU605013dmpInitializeEvE3__c_24
                0x000001a1       0x2f Sketch.o
 .progmem.data._ZZN7MPU605013dmpInitializeEvE3__c_23
                0x000001d0       0x2b Sketch.o
 .progmem.data._ZZN7MPU605013dmpInitializeEvE3__c_22
                0x000001fb       0x32 Sketch.o
 .progmem.data._ZZN7MPU605013dmpInitializeEvE3__c_21
                0x0000022d       0x2b Sketch.o
 .progmem.data._ZZN7MPU605013dmpInitializeEvE3__c_20
                0x00000258       0x1a Sketch.o
 .progmem.data._ZZN7MPU605013dmpInitializeEvE3__c_19
                0x00000272       0x28 Sketch.o
 .progmem.data._ZZN7MPU605013dmpInitializeEvE3__c_18
                0x0000029a        0x8 Sketch.o
 .progmem.data._ZZN7MPU605013dmpInitializeEvE3__c_17
                0x000002a2       0x27 Sketch.o
 .progmem.data._ZZN7MPU605013dmpInitializeEvE3__c_16
                0x000002c9       0x30 Sketch.o
 .progmem.data._ZZN7MPU605013dmpInitializeEvE3__c_15
                0x000002f9       0x22 Sketch.o
 .progmem.data._ZZN7MPU605013dmpInitializeEvE3__c_14
                0x0000031b       0x30 Sketch.o
 .progmem.data._ZZN7MPU605013dmpInitializeEvE3__c_13
                0x0000034b       0x20 Sketch.o
 .progmem.data._ZZN7MPU605013dmpInitializeEvE3__c_12
                0x0000036b       0x31 Sketch.o
 .progmem.data._ZZN7MPU605013dmpInitializeEvE3__c_11
                0x0000039c       0x22 Sketch.o
 .progmem.data._ZZN7MPU605013dmpInitializeEvE3__c_10
                0x000003be       0x20 Sketch.o
 .progmem.data._ZZN7MPU605013dmpInitializeEvE3__c_9
                0x000003de       0x2a Sketch.o
 .progmem.data._ZZN7MPU605013dmpInitializeEvE3__c_8
                0x00000408       0x1d Sketch.o
 .progmem.data._ZZN7MPU605013dmpInitializeEvE3__c_7
                0x00000425       0x23 Sketch.o
 .progmem.data._ZZN7MPU605013dmpInitializeEvE3__c_6
                0x00000448        0x9 Sketch.o
 .progmem.data._ZZN7MPU605013dmpInitializeEvE3__c_5
                0x00000451        0x7 Sketch.o
 .progmem.data._ZZN7MPU605013dmpInitializeEvE3__c_4
                0x00000458        0xd Sketch.o
 .progmem.data._ZZN7MPU605013dmpInitializeEvE3__c_3
                0x00000465       0x1f Sketch.o
 .progmem.data._ZZN7MPU605013dmpInitializeEvE3__c_2
                0x00000484       0x28 Sketch.o
 .progmem.data._ZZN7MPU605013dmpInitializeEvE3__c_1
                0x000004ac       0x1a Sketch.o
 .progmem.data._ZZN7MPU605013dmpInitializeEvE3__c_0
                0x000004c6       0x1e Sketch.o
 .progmem.data._ZZN7MPU605013dmpInitializeEvE3__c
                0x000004e4       0x17 Sketch.o
 .progmem.data._ZL9dmpMemory
                0x000004fb      0x789 Sketch.o
 .progmem.data.digital_pin_to_timer_PGM
                0x00000c84       0x14 C:\Users\Saas\Desktop\diploma\Code\Diploma\Diploma\ArduinoCore\Debug\libArduinoCore.a(wiring_digital.o)
                0x00000c84                digital_pin_to_timer_PGM
 .progmem.data.digital_pin_to_bit_mask_PGM
                0x00000c98       0x14 C:\Users\Saas\Desktop\diploma\Code\Diploma\Diploma\ArduinoCore\Debug\libArduinoCore.a(wiring_digital.o)
                0x00000c98                digital_pin_to_bit_mask_PGM
 .progmem.data.digital_pin_to_port_PGM
                0x00000cac       0x14 C:\Users\Saas\Desktop\diploma\Code\Diploma\Diploma\ArduinoCore\Debug\libArduinoCore.a(wiring_digital.o)
                0x00000cac                digital_pin_to_port_PGM
 .progmem.data.port_to_output_PGM
                0x00000cc0        0xa C:\Users\Saas\Desktop\diploma\Code\Diploma\Diploma\ArduinoCore\Debug\libArduinoCore.a(wiring_digital.o)
                0x00000cc0                port_to_output_PGM
                0x00000cca                . = ALIGN (0x2)
 *(.jumptables)
 *(.jumptables*)
 *(.lowtext)
 *(.lowtext*)
                0x00000cca                __ctors_start = .
 *(.ctors)
 .ctors         0x00000cca        0x2 Sketch.o
 .ctors         0x00000ccc        0x2 C:\Users\Saas\Desktop\diploma\Code\Diploma\Diploma\ArduinoCore\Debug\libArduinoCore.a(HardwareSerial0.o)
 .ctors         0x00000cce        0x2 C:\Users\Saas\Desktop\diploma\Code\Diploma\Diploma\ArduinoCore\Debug\libArduinoCore.a(Wire.o)
                0x00000cd0                __ctors_end = .
                0x00000cd0                __dtors_start = .
 *(.dtors)
                0x00000cd0                __dtors_end = .
 SORT(*)(.ctors)
 SORT(*)(.dtors)
 *(.init0)
 .init0         0x00000cd0        0x0 C:/Program Files (x86)/Atmel/Studio/7.0/Packs/atmel/ATmega_DFP/1.6.364/gcc/dev/atmega328p/avr5/crtatmega328p.o
                0x00000cd0                __init
 *(.init0)
 *(.init1)
 *(.init1)
 *(.init2)
 .init2         0x00000cd0        0xc C:/Program Files (x86)/Atmel/Studio/7.0/Packs/atmel/ATmega_DFP/1.6.364/gcc/dev/atmega328p/avr5/crtatmega328p.o
 *(.init2)
 *(.init3)
 *(.init3)
 *(.init4)
 .init4         0x00000cdc       0x16 c:/program files (x86)/atmel/studio/7.0/toolchain/avr8/avr8-gnu-toolchain/bin/../lib/gcc/avr/5.4.0/avr5\libgcc.a(_copy_data.o)
                0x00000cdc                __do_copy_data
 .init4         0x00000cf2       0x10 c:/program files (x86)/atmel/studio/7.0/toolchain/avr8/avr8-gnu-toolchain/bin/../lib/gcc/avr/5.4.0/avr5\libgcc.a(_clear_bss.o)
                0x00000cf2                __do_clear_bss
 *(.init4)
 *(.init5)
 *(.init5)
 *(.init6)
 .init6         0x00000d02       0x16 c:/program files (x86)/atmel/studio/7.0/toolchain/avr8/avr8-gnu-toolchain/bin/../lib/gcc/avr/5.4.0/avr5\libgcc.a(_ctors.o)
                0x00000d02                __do_global_ctors
 *(.init6)
 *(.init7)
 *(.init7)
 *(.init8)
 *(.init8)
 *(.init9)
 .init9         0x00000d18        0x8 C:/Program Files (x86)/Atmel/Studio/7.0/Packs/atmel/ATmega_DFP/1.6.364/gcc/dev/atmega328p/avr5/crtatmega328p.o
 *(.init9)
 *(.text)
 .text          0x00000d20        0x4 C:/Program Files (x86)/Atmel/Studio/7.0/Packs/atmel/ATmega_DFP/1.6.364/gcc/dev/atmega328p/avr5/crtatmega328p.o
                0x00000d20                __vector_22
                0x00000d20                __vector_12
                0x00000d20                __bad_interrupt
                0x00000d20                __vector_6
                0x00000d20                __vector_3
                0x00000d20                __vector_23
                0x00000d20                __vector_25
                0x00000d20                __vector_11
                0x00000d20                __vector_13
                0x00000d20                __vector_17
                0x00000d20                __vector_7
                0x00000d20                __vector_5
                0x00000d20                __vector_4
                0x00000d20                __vector_9
                0x00000d20                __vector_21
                0x00000d20                __vector_15
                0x00000d20                __vector_8
                0x00000d20                __vector_14
                0x00000d20                __vector_10
                0x00000d20                __vector_20
                0x00000d24                . = ALIGN (0x2)
 *(.text.*)
 .text._ZN6KalmanC2Ev
                0x00000d24       0x5c Kalman.o
                0x00000d24                _ZN6KalmanC1Ev
                0x00000d24                _ZN6KalmanC2Ev
 .text._ZN6Kalman8setAngleEf
                0x00000d80        0xc Kalman.o
                0x00000d80                _ZN6Kalman8setAngleEf
 .text._ZN6I2Cdev10writeBytesEhhhPh
                0x00000d8c       0x60 libs/I2Cdev.o
                0x00000d8c                _ZN6I2Cdev10writeBytesEhhhPh
 .text._ZN6I2Cdev9writeByteEhhh
                0x00000dec       0x20 libs/I2Cdev.o
                0x00000dec                _ZN6I2Cdev9writeByteEhhh
 .text._ZN6I2Cdev10writeWordsEhhhPj
                0x00000e0c       0x6a libs/I2Cdev.o
                0x00000e0c                _ZN6I2Cdev10writeWordsEhhhPj
 .text._ZN6I2Cdev9writeWordEhhj
                0x00000e76       0x24 libs/I2Cdev.o
                0x00000e76                _ZN6I2Cdev9writeWordEhhj
 .text._ZN6I2Cdev9readBytesEhhhPhj
                0x00000e9a      0x16a libs/I2Cdev.o
                0x00000e9a                _ZN6I2Cdev9readBytesEhhhPhj
 .text._ZN6I2Cdev8readByteEhhPhj
                0x00001004       0x14 libs/I2Cdev.o
                0x00001004                _ZN6I2Cdev8readByteEhhPhj
 .text._ZN6I2Cdev7readBitEhhhPhj
                0x00001018       0x4a libs/I2Cdev.o
                0x00001018                _ZN6I2Cdev7readBitEhhhPhj
 .text._ZN6I2Cdev8readBitsEhhhhPhj
                0x00001062       0x7a libs/I2Cdev.o
                0x00001062                _ZN6I2Cdev8readBitsEhhhhPhj
 .text._ZN6I2Cdev8writeBitEhhhh
                0x000010dc       0x60 libs/I2Cdev.o
                0x000010dc                _ZN6I2Cdev8writeBitEhhhh
 .text._ZN6I2Cdev9writeBitsEhhhhh
                0x0000113c       0x94 libs/I2Cdev.o
                0x0000113c                _ZN6I2Cdev9writeBitsEhhhhh
 .text._ZN7MPU6050C2Eh
                0x000011d0        0x6 libs/MPU6050.o
                0x000011d0                _ZN7MPU6050C1Eh
                0x000011d0                _ZN7MPU6050C2Eh
 .text._ZN7MPU60507setRateEh
                0x000011d6        0xc libs/MPU6050.o
                0x000011d6                _ZN7MPU60507setRateEh
 .text._ZN7MPU605020setExternalFrameSyncEh
                0x000011e2       0x16 libs/MPU6050.o
                0x000011e2                _ZN7MPU605020setExternalFrameSyncEh
 .text._ZN7MPU605011setDLPFModeEh
                0x000011f8       0x16 libs/MPU6050.o
                0x000011f8                _ZN7MPU605011setDLPFModeEh
 .text._ZN7MPU605021setFullScaleGyroRangeEh
                0x0000120e       0x16 libs/MPU6050.o
                0x0000120e                _ZN7MPU605021setFullScaleGyroRangeEh
 .text._ZN7MPU605022setFullScaleAccelRangeEh
                0x00001224       0x16 libs/MPU6050.o
                0x00001224                _ZN7MPU605022setFullScaleAccelRangeEh
 .text._ZN7MPU605011setDHPFModeEh
                0x0000123a       0x16 libs/MPU6050.o
                0x0000123a                _ZN7MPU605011setDHPFModeEh
 .text._ZN7MPU605027setMotionDetectionThresholdEh
                0x00001250        0xc libs/MPU6050.o
                0x00001250                _ZN7MPU605027setMotionDetectionThresholdEh
 .text._ZN7MPU605026setMotionDetectionDurationEh
                0x0000125c        0xc libs/MPU6050.o
                0x0000125c                _ZN7MPU605026setMotionDetectionDurationEh
 .text._ZN7MPU605031setZeroMotionDetectionThresholdEh
                0x00001268        0xc libs/MPU6050.o
                0x00001268                _ZN7MPU605031setZeroMotionDetectionThresholdEh
 .text._ZN7MPU605030setZeroMotionDetectionDurationEh
                0x00001274        0xc libs/MPU6050.o
                0x00001274                _ZN7MPU605030setZeroMotionDetectionDurationEh
 .text._ZN7MPU605015setSlaveAddressEhh
                0x00001280       0x16 libs/MPU6050.o
                0x00001280                _ZN7MPU605015setSlaveAddressEhh
 .text._ZN7MPU605013setIntEnabledEh
                0x00001296        0xc libs/MPU6050.o
                0x00001296                _ZN7MPU605013setIntEnabledEh
 .text._ZN7MPU605012getIntStatusEv
                0x000012a2       0x24 libs/MPU6050.o
                0x000012a2                _ZN7MPU605012getIntStatusEv
 .text._ZN7MPU605014setFIFOEnabledEb
                0x000012c6        0xe libs/MPU6050.o
                0x000012c6                _ZN7MPU605014setFIFOEnabledEb
 .text._ZN7MPU605023setI2CMasterModeEnabledEb
                0x000012d4        0xe libs/MPU6050.o
                0x000012d4                _ZN7MPU605023setI2CMasterModeEnabledEb
 .text._ZN7MPU60509resetFIFOEv
                0x000012e2        0xe libs/MPU6050.o
                0x000012e2                _ZN7MPU60509resetFIFOEv
 .text._ZN7MPU605014resetI2CMasterEv
                0x000012f0        0xe libs/MPU6050.o
                0x000012f0                _ZN7MPU605014resetI2CMasterEv
 .text._ZN7MPU60505resetEv
                0x000012fe        0xe libs/MPU6050.o
                0x000012fe                _ZN7MPU60505resetEv
 .text._ZN7MPU605015setSleepEnabledEb
                0x0000130c        0xe libs/MPU6050.o
                0x0000130c                _ZN7MPU605015setSleepEnabledEb
 .text._ZN7MPU605014setClockSourceEh
                0x0000131a       0x16 libs/MPU6050.o
                0x0000131a                _ZN7MPU605014setClockSourceEh
 .text._ZN7MPU605010initializeEv
                0x00001330       0x28 libs/MPU6050.o
                0x00001330                _ZN7MPU605010initializeEv
 .text._ZN7MPU605012getFIFOCountEv
                0x00001358       0x36 libs/MPU6050.o
                0x00001358                _ZN7MPU605012getFIFOCountEv
 .text._ZN7MPU605012getFIFOBytesEPhh
                0x0000138e       0x28 libs/MPU6050.o
                0x0000138e                _ZN7MPU605012getFIFOBytesEPhh
 .text._ZN7MPU605011getDeviceIDEv
                0x000013b6       0x38 libs/MPU6050.o
                0x000013b6                _ZN7MPU605011getDeviceIDEv
 .text._ZN7MPU605015getOTPBankValidEv
                0x000013ee       0x2e libs/MPU6050.o
                0x000013ee                _ZN7MPU605015getOTPBankValidEv
 .text._ZN7MPU605015setOTPBankValidEb
                0x0000141c        0xe libs/MPU6050.o
                0x0000141c                _ZN7MPU605015setOTPBankValidEb
 .text._ZN7MPU605015setZAccelOffsetEi
                0x0000142a       0x2a libs/MPU6050.o
                0x0000142a                _ZN7MPU605015setZAccelOffsetEi
 .text._ZN7MPU605014setXGyroOffsetEi
                0x00001454        0xc libs/MPU6050.o
                0x00001454                _ZN7MPU605014setXGyroOffsetEi
 .text._ZN7MPU605014setYGyroOffsetEi
                0x00001460        0xc libs/MPU6050.o
                0x00001460                _ZN7MPU605014setYGyroOffsetEi
 .text._ZN7MPU605014setZGyroOffsetEi
                0x0000146c        0xc libs/MPU6050.o
                0x0000146c                _ZN7MPU605014setZGyroOffsetEi
 .text._ZN7MPU605013setDMPEnabledEb
                0x00001478        0xe libs/MPU6050.o
                0x00001478                _ZN7MPU605013setDMPEnabledEb
 .text._ZN7MPU60508resetDMPEv
                0x00001486        0xe libs/MPU6050.o
                0x00001486                _ZN7MPU60508resetDMPEv
 .text._ZN7MPU605013setMemoryBankEhbb
                0x00001494       0x16 libs/MPU6050.o
                0x00001494                _ZN7MPU605013setMemoryBankEhbb
 .text._ZN7MPU605021setMemoryStartAddressEh
                0x000014aa        0xc libs/MPU6050.o
                0x000014aa                _ZN7MPU605021setMemoryStartAddressEh
 .text._ZN7MPU605014readMemoryByteEv
                0x000014b6       0x24 libs/MPU6050.o
                0x000014b6                _ZN7MPU605014readMemoryByteEv
 .text._ZN7MPU605016writeMemoryBlockEPKhjhhbb
                0x000014da      0x1d0 libs/MPU6050.o
                0x000014da                _ZN7MPU605016writeMemoryBlockEPKhjhhbb
 .text._ZN7MPU605020writeProgMemoryBlockEPKhjhhb
                0x000016aa       0x16 libs/MPU6050.o
                0x000016aa                _ZN7MPU605020writeProgMemoryBlockEPKhjhhb
 .text._ZN7MPU605013setDMPConfig1Eh
                0x000016c0        0xc libs/MPU6050.o
                0x000016c0                _ZN7MPU605013setDMPConfig1Eh
 .text._ZN7MPU605013setDMPConfig2Eh
                0x000016cc        0xc libs/MPU6050.o
                0x000016cc                _ZN7MPU605013setDMPConfig2Eh
 .text._Z12dmpDataReadyv
                0x000016d8        0x8 Sketch.o
                0x000016d8                _Z12dmpDataReadyv
 .text._ZN7MPU605013dmpInitializeEv
                0x000016e0      0x30c Sketch.o
                0x000016e0                _ZN7MPU605013dmpInitializeEv
 .text._ZN7MPU605016dmpGetQuaternionEPiPKh
                0x000019ec       0x60 Sketch.o
                0x000019ec                _ZN7MPU605016dmpGetQuaternionEPiPKh
 .text._ZN7MPU605016dmpGetQuaternionEP10QuaternionPKh
                0x00001a4c       0xde Sketch.o
                0x00001a4c                _ZN7MPU605016dmpGetQuaternionEP10QuaternionPKh
 .text._ZN7MPU605013dmpGetGravityEP11VectorFloatP10Quaternion
                0x00001b2a      0x18c Sketch.o
                0x00001b2a                _ZN7MPU605013dmpGetGravityEP11VectorFloatP10Quaternion
 .text._ZN7MPU605018dmpGetYawPitchRollEPfP10QuaternionP11VectorFloat
                0x00001cb6      0x1f8 Sketch.o
                0x00001cb6                _ZN7MPU605018dmpGetYawPitchRollEPfP10QuaternionP11VectorFloat
 .text.loop     0x00001eae      0x1b6 Sketch.o
                0x00001eae                loop
 .text.startup._GLOBAL__sub_I__ZN7MPU605013dmpInitializeEv
                0x00002064       0x5c Sketch.o
 .text.setup    0x000020c0       0xfa Sketch.o
                0x000020c0                setup
 .text.avr-libc.fplib
                0x000021ba        0xe c:/program files (x86)/atmel/studio/7.0/toolchain/avr8/avr8-gnu-toolchain/bin/../lib/gcc/avr/5.4.0/../../../../avr/lib/avr5\libm.a(addsf3.o)
                0x000021ba                __subsf3
                0x000021bc                __addsf3
 .text.avr-libc.fplib
                0x000021c8       0xcc c:/program files (x86)/atmel/studio/7.0/toolchain/avr8/avr8-gnu-toolchain/bin/../lib/gcc/avr/5.4.0/../../../../avr/lib/avr5\libm.a(addsf3x.o)
                0x000021ea                __addsf3x
 .text.avr-libc.fplib
                0x00002294       0x86 c:/program files (x86)/atmel/studio/7.0/toolchain/avr8/avr8-gnu-toolchain/bin/../lib/gcc/avr/5.4.0/../../../../avr/lib/avr5\libm.a(atan2.o)
                0x000022ba                atan2
 .text.avr-libc.fplib
                0x0000231a       0x5e c:/program files (x86)/atmel/studio/7.0/toolchain/avr8/avr8-gnu-toolchain/bin/../lib/gcc/avr/5.4.0/../../../../avr/lib/avr5\libm.a(atan.o)
                0x0000231a                atan
 .text.avr-libc.fplib
                0x00002378        0xa c:/program files (x86)/atmel/studio/7.0/toolchain/avr8/avr8-gnu-toolchain/bin/../lib/gcc/avr/5.4.0/../../../../avr/lib/avr5\libm.a(cmpsf2.o)
                0x00002378                __nesf2
                0x00002378                __eqsf2
                0x00002378                __cmpsf2
                0x00002378                __ltsf2
                0x00002378                __lesf2
 .text.avr-libc.fplib
                0x00002382        0x8 c:/program files (x86)/atmel/studio/7.0/toolchain/avr8/avr8-gnu-toolchain/bin/../lib/gcc/avr/5.4.0/../../../../avr/lib/avr5\libm.a(divsf3.o)
                0x00002382                __divsf3
 .text.avr-libc.fplib
                0x0000238a       0xdc c:/program files (x86)/atmel/studio/7.0/toolchain/avr8/avr8-gnu-toolchain/bin/../lib/gcc/avr/5.4.0/../../../../avr/lib/avr5\libm.a(divsf3x.o)
                0x000023aa                __divsf3x
                0x000023b0                __divsf3_pse
 .text.avr-libc.fplib
                0x00002466       0x5e c:/program files (x86)/atmel/studio/7.0/toolchain/avr8/avr8-gnu-toolchain/bin/../lib/gcc/avr/5.4.0/../../../../avr/lib/avr5\libm.a(fixunssfsi.o)
                0x00002466                __fixunssfsi
 .text.avr-libc.fplib
                0x000024c4       0x7a c:/program files (x86)/atmel/studio/7.0/toolchain/avr8/avr8-gnu-toolchain/bin/../lib/gcc/avr/5.4.0/../../../../avr/lib/avr5\libm.a(floatsisf.o)
                0x000024c4                __floatunsisf
                0x000024c8                __floatsisf
 .text.avr-libc.fplib
                0x0000253e       0x48 c:/program files (x86)/atmel/studio/7.0/toolchain/avr8/avr8-gnu-toolchain/bin/../lib/gcc/avr/5.4.0/../../../../avr/lib/avr5\libm.a(fp_cmp.o)
                0x0000253e                __fp_cmp
 .text.avr-libc.fplib
                0x00002586        0xc c:/program files (x86)/atmel/studio/7.0/toolchain/avr8/avr8-gnu-toolchain/bin/../lib/gcc/avr/5.4.0/../../../../avr/lib/avr5\libm.a(fp_inf.o)
                0x00002586                __fp_inf
 .text.avr-libc.fplib
                0x00002592        0x6 c:/program files (x86)/atmel/studio/7.0/toolchain/avr8/avr8-gnu-toolchain/bin/../lib/gcc/avr/5.4.0/../../../../avr/lib/avr5\libm.a(fp_nan.o)
                0x00002592                __fp_nan
 .text.avr-libc.fplib
                0x00002598       0x4e c:/program files (x86)/atmel/studio/7.0/toolchain/avr8/avr8-gnu-toolchain/bin/../lib/gcc/avr/5.4.0/../../../../avr/lib/avr5\libm.a(fp_powser.o)
                0x00002598                __fp_powser
 .text.avr-libc.fplib
                0x000025e6        0xe c:/program files (x86)/atmel/studio/7.0/toolchain/avr8/avr8-gnu-toolchain/bin/../lib/gcc/avr/5.4.0/../../../../avr/lib/avr5\libm.a(fp_pscA.o)
                0x000025e6                __fp_pscA
 .text.avr-libc.fplib
                0x000025f4        0xe c:/program files (x86)/atmel/studio/7.0/toolchain/avr8/avr8-gnu-toolchain/bin/../lib/gcc/avr/5.4.0/../../../../avr/lib/avr5\libm.a(fp_pscB.o)
                0x000025f4                __fp_pscB
 .text.avr-libc.fplib
                0x00002602       0x22 c:/program files (x86)/atmel/studio/7.0/toolchain/avr8/avr8-gnu-toolchain/bin/../lib/gcc/avr/5.4.0/../../../../avr/lib/avr5\libm.a(fp_round.o)
                0x00002602                __fp_round
 .text.avr-libc.fplib
                0x00002624       0x44 c:/program files (x86)/atmel/studio/7.0/toolchain/avr8/avr8-gnu-toolchain/bin/../lib/gcc/avr/5.4.0/../../../../avr/lib/avr5\libm.a(fp_split3.o)
                0x00002624                __fp_split3
                0x00002634                __fp_splitA
 .text.avr-libc.fplib
                0x00002668        0xe c:/program files (x86)/atmel/studio/7.0/toolchain/avr8/avr8-gnu-toolchain/bin/../lib/gcc/avr/5.4.0/../../../../avr/lib/avr5\libm.a(fp_zero.o)
                0x00002668                __fp_zero
                0x0000266a                __fp_szero
 .text.avr-libc.fplib
                0x00002676        0xa c:/program files (x86)/atmel/studio/7.0/toolchain/avr8/avr8-gnu-toolchain/bin/../lib/gcc/avr/5.4.0/../../../../avr/lib/avr5\libm.a(gesf2.o)
                0x00002676                __gesf2
                0x00002676                __gtsf2
 .text.avr-libc.fplib
                0x00002680       0x10 c:/program files (x86)/atmel/studio/7.0/toolchain/avr8/avr8-gnu-toolchain/bin/../lib/gcc/avr/5.4.0/../../../../avr/lib/avr5\libm.a(inverse.o)
                0x00002680                inverse
 .text.avr-libc.fplib
                0x00002690        0x8 c:/program files (x86)/atmel/studio/7.0/toolchain/avr8/avr8-gnu-toolchain/bin/../lib/gcc/avr/5.4.0/../../../../avr/lib/avr5\libm.a(mulsf3.o)
                0x00002690                __mulsf3
 .text.avr-libc.fplib
                0x00002698       0xd2 c:/program files (x86)/atmel/studio/7.0/toolchain/avr8/avr8-gnu-toolchain/bin/../lib/gcc/avr/5.4.0/../../../../avr/lib/avr5\libm.a(mulsf3x.o)
                0x000026b6                __mulsf3x
                0x000026bc                __mulsf3_pse
 .text.avr-libc.fplib
                0x0000276a       0x8c c:/program files (x86)/atmel/studio/7.0/toolchain/avr8/avr8-gnu-toolchain/bin/../lib/gcc/avr/5.4.0/../../../../avr/lib/avr5\libm.a(sqrt.o)
                0x00002776                sqrtf
                0x00002776                sqrt
 .text.avr-libc.fplib
                0x000027f6        0x8 c:/program files (x86)/atmel/studio/7.0/toolchain/avr8/avr8-gnu-toolchain/bin/../lib/gcc/avr/5.4.0/../../../../avr/lib/avr5\libm.a(square.o)
                0x000027f6                square
 .text.avr-libc.fplib
                0x000027fe       0x1c c:/program files (x86)/atmel/studio/7.0/toolchain/avr8/avr8-gnu-toolchain/bin/../lib/gcc/avr/5.4.0/../../../../avr/lib/avr5\libm.a(fp_mpack.o)
                0x000027fe                __fp_mpack
                0x00002802                __fp_mpack_finite
 .text.avr-libc.fplib
                0x0000281a        0xe c:/program files (x86)/atmel/studio/7.0/toolchain/avr8/avr8-gnu-toolchain/bin/../lib/gcc/avr/5.4.0/../../../../avr/lib/avr5\libm.a(fp_norm2.o)
                0x0000281a                __fp_norm2
 .text._ZN14HardwareSerial9availableEv
                0x00002828       0x18 C:\Users\Saas\Desktop\diploma\Code\Diploma\Diploma\ArduinoCore\Debug\libArduinoCore.a(HardwareSerial.o)
                0x00002828                _ZN14HardwareSerial9availableEv
 .text._ZN14HardwareSerial4peekEv
                0x00002840       0x1c C:\Users\Saas\Desktop\diploma\Code\Diploma\Diploma\ArduinoCore\Debug\libArduinoCore.a(HardwareSerial.o)
                0x00002840                _ZN14HardwareSerial4peekEv
 .text._ZN14HardwareSerial4readEv
                0x0000285c       0x28 C:\Users\Saas\Desktop\diploma\Code\Diploma\Diploma\ArduinoCore\Debug\libArduinoCore.a(HardwareSerial.o)
                0x0000285c                _ZN14HardwareSerial4readEv
 .text._ZN14HardwareSerial17availableForWriteEv
                0x00002884       0x1e C:\Users\Saas\Desktop\diploma\Code\Diploma\Diploma\ArduinoCore\Debug\libArduinoCore.a(HardwareSerial.o)
                0x00002884                _ZN14HardwareSerial17availableForWriteEv
 .text._Z14serialEventRunv
                0x000028a2       0x1c C:\Users\Saas\Desktop\diploma\Code\Diploma\Diploma\ArduinoCore\Debug\libArduinoCore.a(HardwareSerial.o)
                0x000028a2                _Z14serialEventRunv
 .text._ZN14HardwareSerial17_tx_udr_empty_irqEv
                0x000028be       0x44 C:\Users\Saas\Desktop\diploma\Code\Diploma\Diploma\ArduinoCore\Debug\libArduinoCore.a(HardwareSerial.o)
                0x000028be                _ZN14HardwareSerial17_tx_udr_empty_irqEv
 .text._ZN14HardwareSerial5writeEh
                0x00002902       0x9a C:\Users\Saas\Desktop\diploma\Code\Diploma\Diploma\ArduinoCore\Debug\libArduinoCore.a(HardwareSerial.o)
                0x00002902                _ZN14HardwareSerial5writeEh
 .text._ZN14HardwareSerial5flushEv
                0x0000299c       0x44 C:\Users\Saas\Desktop\diploma\Code\Diploma\Diploma\ArduinoCore\Debug\libArduinoCore.a(HardwareSerial.o)
                0x0000299c                _ZN14HardwareSerial5flushEv
 .text._ZN14HardwareSerial5beginEmh
                0x000029e0       0xca C:\Users\Saas\Desktop\diploma\Code\Diploma\Diploma\ArduinoCore\Debug\libArduinoCore.a(HardwareSerial.o)
                0x000029e0                _ZN14HardwareSerial5beginEmh
 .text._ZN5Print17availableForWriteEv
                0x00002aaa        0x6 C:\Users\Saas\Desktop\diploma\Code\Diploma\Diploma\ArduinoCore\Debug\libArduinoCore.a(HardwareSerial0.o)
                0x00002aaa                _ZN5Print17availableForWriteEv
 .text.__vector_18
                0x00002ab0       0x64 C:\Users\Saas\Desktop\diploma\Code\Diploma\Diploma\ArduinoCore\Debug\libArduinoCore.a(HardwareSerial0.o)
                0x00002ab0                __vector_18
 .text.__vector_19
                0x00002b14       0x4c C:\Users\Saas\Desktop\diploma\Code\Diploma\Diploma\ArduinoCore\Debug\libArduinoCore.a(HardwareSerial0.o)
                0x00002b14                __vector_19
 .text._Z17Serial0_availablev
                0x00002b60       0x14 C:\Users\Saas\Desktop\diploma\Code\Diploma\Diploma\ArduinoCore\Debug\libArduinoCore.a(HardwareSerial0.o)
                0x00002b60                _Z17Serial0_availablev
 .text.startup._GLOBAL__sub_I___vector_18
                0x00002b74       0x5a C:\Users\Saas\Desktop\diploma\Code\Diploma\Diploma\ArduinoCore\Debug\libArduinoCore.a(HardwareSerial0.o)
 .text.initVariant
                0x00002bce        0x2 C:\Users\Saas\Desktop\diploma\Code\Diploma\Diploma\ArduinoCore\Debug\libArduinoCore.a(main.o)
                0x00002bce                initVariant
 .text.startup.main
                0x00002bd0       0x1e C:\Users\Saas\Desktop\diploma\Code\Diploma\Diploma\ArduinoCore\Debug\libArduinoCore.a(main.o)
                0x00002bd0                main
 .text._ZN5Print5writeEPKhj
                0x00002bee       0x54 C:\Users\Saas\Desktop\diploma\Code\Diploma\Diploma\ArduinoCore\Debug\libArduinoCore.a(Print.o)
                0x00002bee                _ZN5Print5writeEPKhj
 .text._ZN5Print5writeEPKc
                0x00002c42       0x2a C:\Users\Saas\Desktop\diploma\Code\Diploma\Diploma\ArduinoCore\Debug\libArduinoCore.a(Print.o)
                0x00002c42                _ZN5Print5writeEPKc
 .text._ZN5Print5printEPK19__FlashStringHelper
                0x00002c6c       0x48 C:\Users\Saas\Desktop\diploma\Code\Diploma\Diploma\ArduinoCore\Debug\libArduinoCore.a(Print.o)
                0x00002c6c                _ZN5Print5printEPK19__FlashStringHelper
 .text._ZN5Print5printEPKc
                0x00002cb4        0x4 C:\Users\Saas\Desktop\diploma\Code\Diploma\Diploma\ArduinoCore\Debug\libArduinoCore.a(Print.o)
                0x00002cb4                _ZN5Print5printEPKc
 .text._ZN5Print5printEc
                0x00002cb8        0xe C:\Users\Saas\Desktop\diploma\Code\Diploma\Diploma\ArduinoCore\Debug\libArduinoCore.a(Print.o)
                0x00002cb8                _ZN5Print5printEc
 .text._ZN5Print7printlnEv
                0x00002cc6        0x8 C:\Users\Saas\Desktop\diploma\Code\Diploma\Diploma\ArduinoCore\Debug\libArduinoCore.a(Print.o)
                0x00002cc6                _ZN5Print7printlnEv
 .text._ZN5Print7printlnEPK19__FlashStringHelper
                0x00002cce       0x24 C:\Users\Saas\Desktop\diploma\Code\Diploma\Diploma\ArduinoCore\Debug\libArduinoCore.a(Print.o)
                0x00002cce                _ZN5Print7printlnEPK19__FlashStringHelper
 .text._ZN5Print11printNumberEmh
                0x00002cf2       0x92 C:\Users\Saas\Desktop\diploma\Code\Diploma\Diploma\ArduinoCore\Debug\libArduinoCore.a(Print.o)
                0x00002cf2                _ZN5Print11printNumberEmh
 .text._ZN5Print5printEmi
                0x00002d84       0x1a C:\Users\Saas\Desktop\diploma\Code\Diploma\Diploma\ArduinoCore\Debug\libArduinoCore.a(Print.o)
                0x00002d84                _ZN5Print5printEmi
 .text._ZN5Print5printEhi
                0x00002d9e        0xe C:\Users\Saas\Desktop\diploma\Code\Diploma\Diploma\ArduinoCore\Debug\libArduinoCore.a(Print.o)
                0x00002d9e                _ZN5Print5printEhi
 .text._ZN5Print7printlnEhi
                0x00002dac       0x24 C:\Users\Saas\Desktop\diploma\Code\Diploma\Diploma\ArduinoCore\Debug\libArduinoCore.a(Print.o)
                0x00002dac                _ZN5Print7printlnEhi
 .text._ZN5Print5printEji
                0x00002dd0        0xc C:\Users\Saas\Desktop\diploma\Code\Diploma\Diploma\ArduinoCore\Debug\libArduinoCore.a(Print.o)
                0x00002dd0                _ZN5Print5printEji
 .text._ZN5Print5printEli
                0x00002ddc       0x90 C:\Users\Saas\Desktop\diploma\Code\Diploma\Diploma\ArduinoCore\Debug\libArduinoCore.a(Print.o)
                0x00002ddc                _ZN5Print5printEli
 .text._ZN5Print5printEii
                0x00002e6c        0xe C:\Users\Saas\Desktop\diploma\Code\Diploma\Diploma\ArduinoCore\Debug\libArduinoCore.a(Print.o)
                0x00002e6c                _ZN5Print5printEii
 .text._ZN5Print10printFloatEdh
                0x00002e7a      0x1b6 C:\Users\Saas\Desktop\diploma\Code\Diploma\Diploma\ArduinoCore\Debug\libArduinoCore.a(Print.o)
                0x00002e7a                _ZN5Print10printFloatEdh
 .text._ZN5Print5printEdi
                0x00003030        0x4 C:\Users\Saas\Desktop\diploma\Code\Diploma\Diploma\ArduinoCore\Debug\libArduinoCore.a(Print.o)
                0x00003030                _ZN5Print5printEdi
 .text._ZN5Print7printlnEdi
                0x00003034       0x24 C:\Users\Saas\Desktop\diploma\Code\Diploma\Diploma\ArduinoCore\Debug\libArduinoCore.a(Print.o)
                0x00003034                _ZN5Print7printlnEdi
 .text.nothing  0x00003058        0x2 C:\Users\Saas\Desktop\diploma\Code\Diploma\Diploma\ArduinoCore\Debug\libArduinoCore.a(WInterrupts.o)
 .text.attachInterrupt
                0x0000305a       0x40 C:\Users\Saas\Desktop\diploma\Code\Diploma\Diploma\ArduinoCore\Debug\libArduinoCore.a(WInterrupts.o)
                0x0000305a                attachInterrupt
 .text.__vector_1
                0x0000309a       0x4e C:\Users\Saas\Desktop\diploma\Code\Diploma\Diploma\ArduinoCore\Debug\libArduinoCore.a(WInterrupts.o)
                0x0000309a                __vector_1
 .text.__vector_2
                0x000030e8       0x4e C:\Users\Saas\Desktop\diploma\Code\Diploma\Diploma\ArduinoCore\Debug\libArduinoCore.a(WInterrupts.o)
                0x000030e8                __vector_2
 .text.__vector_16
                0x00003136       0x94 C:\Users\Saas\Desktop\diploma\Code\Diploma\Diploma\ArduinoCore\Debug\libArduinoCore.a(wiring.o)
                0x00003136                __vector_16
 .text.millis   0x000031ca       0x18 C:\Users\Saas\Desktop\diploma\Code\Diploma\Diploma\ArduinoCore\Debug\libArduinoCore.a(wiring.o)
                0x000031ca                millis
 .text.micros   0x000031e2       0x4a C:\Users\Saas\Desktop\diploma\Code\Diploma\Diploma\ArduinoCore\Debug\libArduinoCore.a(wiring.o)
                0x000031e2                micros
 .text.delay    0x0000322c       0x78 C:\Users\Saas\Desktop\diploma\Code\Diploma\Diploma\ArduinoCore\Debug\libArduinoCore.a(wiring.o)
                0x0000322c                delay
 .text.init     0x000032a4       0x76 C:\Users\Saas\Desktop\diploma\Code\Diploma\Diploma\ArduinoCore\Debug\libArduinoCore.a(wiring.o)
                0x000032a4                init
 .text.turnOffPWM
                0x0000331a       0x52 C:\Users\Saas\Desktop\diploma\Code\Diploma\Diploma\ArduinoCore\Debug\libArduinoCore.a(wiring_digital.o)
 .text.digitalWrite
                0x0000336c       0x5e C:\Users\Saas\Desktop\diploma\Code\Diploma\Diploma\ArduinoCore\Debug\libArduinoCore.a(wiring_digital.o)
                0x0000336c                digitalWrite
 .text._ZN7TwoWire9availableEv
                0x000033ca       0x10 C:\Users\Saas\Desktop\diploma\Code\Diploma\Diploma\ArduinoCore\Debug\libArduinoCore.a(Wire.o)
                0x000033ca                _ZN7TwoWire9availableEv
 .text._ZN7TwoWire4readEv
                0x000033da       0x28 C:\Users\Saas\Desktop\diploma\Code\Diploma\Diploma\ArduinoCore\Debug\libArduinoCore.a(Wire.o)
                0x000033da                _ZN7TwoWire4readEv
 .text._ZN7TwoWire4peekEv
                0x00003402       0x1e C:\Users\Saas\Desktop\diploma\Code\Diploma\Diploma\ArduinoCore\Debug\libArduinoCore.a(Wire.o)
                0x00003402                _ZN7TwoWire4peekEv
 .text._ZN7TwoWire5flushEv
                0x00003420        0x2 C:\Users\Saas\Desktop\diploma\Code\Diploma\Diploma\ArduinoCore\Debug\libArduinoCore.a(Wire.o)
                0x00003420                _ZN7TwoWire5flushEv
 .text._ZN7TwoWire16onReceiveServiceEPhi
                0x00003422       0x54 C:\Users\Saas\Desktop\diploma\Code\Diploma\Diploma\ArduinoCore\Debug\libArduinoCore.a(Wire.o)
                0x00003422                _ZN7TwoWire16onReceiveServiceEPhi
 .text._ZN7TwoWire16onRequestServiceEv
                0x00003476       0x18 C:\Users\Saas\Desktop\diploma\Code\Diploma\Diploma\ArduinoCore\Debug\libArduinoCore.a(Wire.o)
                0x00003476                _ZN7TwoWire16onRequestServiceEv
 .text._ZN7TwoWire5writeEPKhj
                0x0000348e       0x5a C:\Users\Saas\Desktop\diploma\Code\Diploma\Diploma\ArduinoCore\Debug\libArduinoCore.a(Wire.o)
                0x0000348e                _ZN7TwoWire5writeEPKhj
 .text._ZN7TwoWire5writeEh
                0x000034e8       0x5e C:\Users\Saas\Desktop\diploma\Code\Diploma\Diploma\ArduinoCore\Debug\libArduinoCore.a(Wire.o)
                0x000034e8                _ZN7TwoWire5writeEh
 .text._ZN7TwoWireC2Ev
                0x00003546       0x20 C:\Users\Saas\Desktop\diploma\Code\Diploma\Diploma\ArduinoCore\Debug\libArduinoCore.a(Wire.o)
                0x00003546                _ZN7TwoWireC1Ev
                0x00003546                _ZN7TwoWireC2Ev
 .text._ZN7TwoWire5beginEv
                0x00003566       0x24 C:\Users\Saas\Desktop\diploma\Code\Diploma\Diploma\ArduinoCore\Debug\libArduinoCore.a(Wire.o)
                0x00003566                _ZN7TwoWire5beginEv
 .text._ZN7TwoWire17beginTransmissionEh
                0x0000358a       0x14 C:\Users\Saas\Desktop\diploma\Code\Diploma\Diploma\ArduinoCore\Debug\libArduinoCore.a(Wire.o)
                0x0000358a                _ZN7TwoWire17beginTransmissionEh
 .text._ZN7TwoWire15endTransmissionEh
                0x0000359e       0x26 C:\Users\Saas\Desktop\diploma\Code\Diploma\Diploma\ArduinoCore\Debug\libArduinoCore.a(Wire.o)
                0x0000359e                _ZN7TwoWire15endTransmissionEh
 .text._ZN7TwoWire11requestFromEhhmhh
                0x000035c4       0xa8 C:\Users\Saas\Desktop\diploma\Code\Diploma\Diploma\ArduinoCore\Debug\libArduinoCore.a(Wire.o)
                0x000035c4                _ZN7TwoWire11requestFromEhhmhh
 .text._ZN7TwoWire11requestFromEhhh
                0x0000366c       0x20 C:\Users\Saas\Desktop\diploma\Code\Diploma\Diploma\ArduinoCore\Debug\libArduinoCore.a(Wire.o)
                0x0000366c                _ZN7TwoWire11requestFromEhhh
 .text._ZN7TwoWire11requestFromEhh
                0x0000368c        0x6 C:\Users\Saas\Desktop\diploma\Code\Diploma\Diploma\ArduinoCore\Debug\libArduinoCore.a(Wire.o)
                0x0000368c                _ZN7TwoWire11requestFromEhh
 .text._ZN7TwoWire15endTransmissionEv
                0x00003692        0x6 C:\Users\Saas\Desktop\diploma\Code\Diploma\Diploma\ArduinoCore\Debug\libArduinoCore.a(Wire.o)
                0x00003692                _ZN7TwoWire15endTransmissionEv
 .text.startup._GLOBAL__sub_I__ZN7TwoWire8rxBufferE
                0x00003698        0x8 C:\Users\Saas\Desktop\diploma\Code\Diploma\Diploma\ArduinoCore\Debug\libArduinoCore.a(Wire.o)
 .text.__empty  0x000036a0        0x2 C:\Users\Saas\Desktop\diploma\Code\Diploma\Diploma\ArduinoCore\Debug\libArduinoCore.a(hooks.o)
                0x000036a0                yield
 .text.twi_init
                0x000036a2       0x3c C:\Users\Saas\Desktop\diploma\Code\Diploma\Diploma\ArduinoCore\Debug\libArduinoCore.a(twi.o)
                0x000036a2                twi_init
 .text.twi_disable
                0x000036de       0x1a C:\Users\Saas\Desktop\diploma\Code\Diploma\Diploma\ArduinoCore\Debug\libArduinoCore.a(twi.o)
                0x000036de                twi_disable
 .text.twi_transmit
                0x000036f8       0x50 C:\Users\Saas\Desktop\diploma\Code\Diploma\Diploma\ArduinoCore\Debug\libArduinoCore.a(twi.o)
                0x000036f8                twi_transmit
 .text.twi_attachSlaveRxEvent
                0x00003748        0xa C:\Users\Saas\Desktop\diploma\Code\Diploma\Diploma\ArduinoCore\Debug\libArduinoCore.a(twi.o)
                0x00003748                twi_attachSlaveRxEvent
 .text.twi_attachSlaveTxEvent
                0x00003752        0xa C:\Users\Saas\Desktop\diploma\Code\Diploma\Diploma\ArduinoCore\Debug\libArduinoCore.a(twi.o)
                0x00003752                twi_attachSlaveTxEvent
 .text.twi_releaseBus
                0x0000375c        0xc C:\Users\Saas\Desktop\diploma\Code\Diploma\Diploma\ArduinoCore\Debug\libArduinoCore.a(twi.o)
                0x0000375c                twi_releaseBus
 .text.twi_handleTimeout
                0x00003768       0x2c C:\Users\Saas\Desktop\diploma\Code\Diploma\Diploma\ArduinoCore\Debug\libArduinoCore.a(twi.o)
                0x00003768                twi_handleTimeout
 .text.twi_readFrom
                0x00003794      0x1d2 C:\Users\Saas\Desktop\diploma\Code\Diploma\Diploma\ArduinoCore\Debug\libArduinoCore.a(twi.o)
                0x00003794                twi_readFrom
 .text.twi_writeTo
                0x00003966      0x1e0 C:\Users\Saas\Desktop\diploma\Code\Diploma\Diploma\ArduinoCore\Debug\libArduinoCore.a(twi.o)
                0x00003966                twi_writeTo
 .text.twi_stop
                0x00003b46       0x70 C:\Users\Saas\Desktop\diploma\Code\Diploma\Diploma\ArduinoCore\Debug\libArduinoCore.a(twi.o)
                0x00003b46                twi_stop
 .text.__vector_24
                0x00003bb6      0x25a C:\Users\Saas\Desktop\diploma\Code\Diploma\Diploma\ArduinoCore\Debug\libArduinoCore.a(twi.o)
                0x00003bb6                __vector_24
 .text.avr-libc.fplib
                0x00003e10        0xa c:/program files (x86)/atmel/studio/7.0/toolchain/avr8/avr8-gnu-toolchain/bin/../lib/gcc/avr/5.4.0/../../../../avr/lib/avr5\libm.a(unordsf2.o)
                0x00003e10                __unordsf2
 .text.libgcc.div
                0x00003e1a       0x44 c:/program files (x86)/atmel/studio/7.0/toolchain/avr8/avr8-gnu-toolchain/bin/../lib/gcc/avr/5.4.0/avr5\libgcc.a(_udivmodsi4.o)
                0x00003e1a                __udivmodsi4
 .text.libgcc   0x00003e5e        0xc c:/program files (x86)/atmel/studio/7.0/toolchain/avr8/avr8-gnu-toolchain/bin/../lib/gcc/avr/5.4.0/avr5\libgcc.a(_tablejump2.o)
                0x00003e5e                __tablejump2__
 .text.avr-libc
                0x00003e6a      0x242 c:/program files (x86)/atmel/studio/7.0/toolchain/avr8/avr8-gnu-toolchain/bin/../lib/gcc/avr/5.4.0/../../../../avr/lib/avr5\libc.a(malloc.o)
                0x00003e6a                malloc
                0x00003f9a                free
 .text.avr-libc
                0x000040ac       0x1a c:/program files (x86)/atmel/studio/7.0/toolchain/avr8/avr8-gnu-toolchain/bin/../lib/gcc/avr/5.4.0/../../../../avr/lib/avr5\libc.a(memcmp.o)
                0x000040ac                memcmp
                0x000040c6                . = ALIGN (0x2)
 *(.fini9)
 .fini9         0x000040c6        0x0 c:/program files (x86)/atmel/studio/7.0/toolchain/avr8/avr8-gnu-toolchain/bin/../lib/gcc/avr/5.4.0/avr5\libgcc.a(_exit.o)
                0x000040c6                _exit
                0x000040c6                exit
 *(.fini9)
 *(.fini8)
 *(.fini8)
 *(.fini7)
 *(.fini7)
 *(.fini6)
 *(.fini6)
 *(.fini5)
 *(.fini5)
 *(.fini4)
 *(.fini4)
 *(.fini3)
 *(.fini3)
 *(.fini2)
 *(.fini2)
 *(.fini1)
 *(.fini1)
 *(.fini0)
 .fini0         0x000040c6        0x4 c:/program files (x86)/atmel/studio/7.0/toolchain/avr8/avr8-gnu-toolchain/bin/../lib/gcc/avr/5.4.0/avr5\libgcc.a(_exit.o)
 *(.fini0)
                0x000040ca                _etext = .

.data           0x00800100       0x42 load address 0x000040ca
                0x00800100                PROVIDE (__data_start, .)
 *(.data)
 .data          0x00800100        0x6 c:/program files (x86)/atmel/studio/7.0/toolchain/avr8/avr8-gnu-toolchain/bin/../lib/gcc/avr/5.4.0/../../../../avr/lib/avr5\libc.a(malloc.o)
                0x00800100                __malloc_heap_end
                0x00800102                __malloc_heap_start
                0x00800104                __malloc_margin
 *(.data*)
 .data._ZN6I2Cdev11readTimeoutE
                0x00800106        0x2 libs/I2Cdev.o
                0x00800106                _ZN6I2Cdev11readTimeoutE
 .data.intFunc  0x00800108        0x4 C:\Users\Saas\Desktop\diploma\Code\Diploma\Diploma\ArduinoCore\Debug\libArduinoCore.a(WInterrupts.o)
 *(.gnu.linkonce.d*)
 *(.rodata)
 *(.rodata*)
 .rodata.str1.1
                0x0080010c        0x2 Sketch.o
 .rodata._ZTV14HardwareSerial
                0x0080010e       0x12 C:\Users\Saas\Desktop\diploma\Code\Diploma\Diploma\ArduinoCore\Debug\libArduinoCore.a(HardwareSerial.o)
                0x0080010e                _ZTV14HardwareSerial
 .rodata.str1.1
                0x00800120        0xf C:\Users\Saas\Desktop\diploma\Code\Diploma\Diploma\ArduinoCore\Debug\libArduinoCore.a(Print.o)
 .rodata._ZTV7TwoWire
                0x0080012f       0x12 C:\Users\Saas\Desktop\diploma\Code\Diploma\Diploma\ArduinoCore\Debug\libArduinoCore.a(Wire.o)
                0x0080012f                _ZTV7TwoWire
 *(.gnu.linkonce.r*)
                0x00800142                . = ALIGN (0x2)
 *fill*         0x00800141        0x1 
                0x00800142                _edata = .
                0x00800142                PROVIDE (__data_end, .)

.bss            0x00800142      0x21f
                0x00800142                PROVIDE (__bss_start, .)
 *(.bss)
 *(.bss*)
 .bss.mpuInterrupt
                0x00800142        0x1 Sketch.o
                0x00800142                mpuInterrupt
 .bss.ypr       0x00800143        0xc Sketch.o
                0x00800143                ypr
 .bss.gravity   0x0080014f        0xc Sketch.o
                0x0080014f                gravity
 .bss.q         0x0080015b       0x10 Sketch.o
                0x0080015b                q
 .bss.fifoBuffer
                0x0080016b       0x40 Sketch.o
                0x0080016b                fifoBuffer
 .bss.fifoCount
                0x008001ab        0x2 Sketch.o
                0x008001ab                fifoCount
 .bss.packetSize
                0x008001ad        0x2 Sketch.o
                0x008001ad                packetSize
 .bss.devStatus
                0x008001af        0x1 Sketch.o
                0x008001af                devStatus
 .bss.mpuIntStatus
                0x008001b0        0x1 Sketch.o
                0x008001b0                mpuIntStatus
 .bss.dmpReady  0x008001b1        0x1 Sketch.o
                0x008001b1                dmpReady
 .bss.kalmanX   0x008001b2       0x28 Sketch.o
                0x008001b2                kalmanX
 .bss.mpu       0x008001da       0x13 Sketch.o
                0x008001da                mpu
 .bss.Serial    0x008001ed       0x9d C:\Users\Saas\Desktop\diploma\Code\Diploma\Diploma\ArduinoCore\Debug\libArduinoCore.a(HardwareSerial0.o)
                0x008001ed                Serial
 .bss.timer0_fract
                0x0080028a        0x1 C:\Users\Saas\Desktop\diploma\Code\Diploma\Diploma\ArduinoCore\Debug\libArduinoCore.a(wiring.o)
 .bss.timer0_millis
                0x0080028b        0x4 C:\Users\Saas\Desktop\diploma\Code\Diploma\Diploma\ArduinoCore\Debug\libArduinoCore.a(wiring.o)
                0x0080028b                timer0_millis
 .bss.timer0_overflow_count
                0x0080028f        0x4 C:\Users\Saas\Desktop\diploma\Code\Diploma\Diploma\ArduinoCore\Debug\libArduinoCore.a(wiring.o)
                0x0080028f                timer0_overflow_count
 .bss.Wire      0x00800293        0xc C:\Users\Saas\Desktop\diploma\Code\Diploma\Diploma\ArduinoCore\Debug\libArduinoCore.a(Wire.o)
                0x00800293                Wire
 .bss._ZN7TwoWire14user_onReceiveE
                0x0080029f        0x2 C:\Users\Saas\Desktop\diploma\Code\Diploma\Diploma\ArduinoCore\Debug\libArduinoCore.a(Wire.o)
                0x0080029f                _ZN7TwoWire14user_onReceiveE
 .bss._ZN7TwoWire14user_onRequestE
                0x008002a1        0x2 C:\Users\Saas\Desktop\diploma\Code\Diploma\Diploma\ArduinoCore\Debug\libArduinoCore.a(Wire.o)
                0x008002a1                _ZN7TwoWire14user_onRequestE
 .bss._ZN7TwoWire12transmittingE
                0x008002a3        0x1 C:\Users\Saas\Desktop\diploma\Code\Diploma\Diploma\ArduinoCore\Debug\libArduinoCore.a(Wire.o)
                0x008002a3                _ZN7TwoWire12transmittingE
 .bss._ZN7TwoWire14txBufferLengthE
                0x008002a4        0x1 C:\Users\Saas\Desktop\diploma\Code\Diploma\Diploma\ArduinoCore\Debug\libArduinoCore.a(Wire.o)
                0x008002a4                _ZN7TwoWire14txBufferLengthE
 .bss._ZN7TwoWire13txBufferIndexE
                0x008002a5        0x1 C:\Users\Saas\Desktop\diploma\Code\Diploma\Diploma\ArduinoCore\Debug\libArduinoCore.a(Wire.o)
                0x008002a5                _ZN7TwoWire13txBufferIndexE
 .bss._ZN7TwoWire8txBufferE
                0x008002a6       0x20 C:\Users\Saas\Desktop\diploma\Code\Diploma\Diploma\ArduinoCore\Debug\libArduinoCore.a(Wire.o)
                0x008002a6                _ZN7TwoWire8txBufferE
 .bss._ZN7TwoWire9txAddressE
                0x008002c6        0x1 C:\Users\Saas\Desktop\diploma\Code\Diploma\Diploma\ArduinoCore\Debug\libArduinoCore.a(Wire.o)
                0x008002c6                _ZN7TwoWire9txAddressE
 .bss._ZN7TwoWire14rxBufferLengthE
                0x008002c7        0x1 C:\Users\Saas\Desktop\diploma\Code\Diploma\Diploma\ArduinoCore\Debug\libArduinoCore.a(Wire.o)
                0x008002c7                _ZN7TwoWire14rxBufferLengthE
 .bss._ZN7TwoWire13rxBufferIndexE
                0x008002c8        0x1 C:\Users\Saas\Desktop\diploma\Code\Diploma\Diploma\ArduinoCore\Debug\libArduinoCore.a(Wire.o)
                0x008002c8                _ZN7TwoWire13rxBufferIndexE
 .bss._ZN7TwoWire8rxBufferE
                0x008002c9       0x20 C:\Users\Saas\Desktop\diploma\Code\Diploma\Diploma\ArduinoCore\Debug\libArduinoCore.a(Wire.o)
                0x008002c9                _ZN7TwoWire8rxBufferE
 .bss.twi_error
                0x008002e9        0x1 C:\Users\Saas\Desktop\diploma\Code\Diploma\Diploma\ArduinoCore\Debug\libArduinoCore.a(twi.o)
 .bss.twi_rxBufferIndex
                0x008002ea        0x1 C:\Users\Saas\Desktop\diploma\Code\Diploma\Diploma\ArduinoCore\Debug\libArduinoCore.a(twi.o)
 .bss.twi_rxBuffer
                0x008002eb       0x20 C:\Users\Saas\Desktop\diploma\Code\Diploma\Diploma\ArduinoCore\Debug\libArduinoCore.a(twi.o)
 .bss.twi_txBufferLength
                0x0080030b        0x1 C:\Users\Saas\Desktop\diploma\Code\Diploma\Diploma\ArduinoCore\Debug\libArduinoCore.a(twi.o)
 .bss.twi_txBufferIndex
                0x0080030c        0x1 C:\Users\Saas\Desktop\diploma\Code\Diploma\Diploma\ArduinoCore\Debug\libArduinoCore.a(twi.o)
 .bss.twi_txBuffer
                0x0080030d       0x20 C:\Users\Saas\Desktop\diploma\Code\Diploma\Diploma\ArduinoCore\Debug\libArduinoCore.a(twi.o)
 .bss.twi_masterBufferLength
                0x0080032d        0x1 C:\Users\Saas\Desktop\diploma\Code\Diploma\Diploma\ArduinoCore\Debug\libArduinoCore.a(twi.o)
 .bss.twi_masterBufferIndex
                0x0080032e        0x1 C:\Users\Saas\Desktop\diploma\Code\Diploma\Diploma\ArduinoCore\Debug\libArduinoCore.a(twi.o)
 .bss.twi_masterBuffer
                0x0080032f       0x20 C:\Users\Saas\Desktop\diploma\Code\Diploma\Diploma\ArduinoCore\Debug\libArduinoCore.a(twi.o)
 .bss.twi_onSlaveReceive
                0x0080034f        0x2 C:\Users\Saas\Desktop\diploma\Code\Diploma\Diploma\ArduinoCore\Debug\libArduinoCore.a(twi.o)
 .bss.twi_onSlaveTransmit
                0x00800351        0x2 C:\Users\Saas\Desktop\diploma\Code\Diploma\Diploma\ArduinoCore\Debug\libArduinoCore.a(twi.o)
 .bss.twi_do_reset_on_timeout
                0x00800353        0x1 C:\Users\Saas\Desktop\diploma\Code\Diploma\Diploma\ArduinoCore\Debug\libArduinoCore.a(twi.o)
 .bss.twi_timed_out_flag
                0x00800354        0x1 C:\Users\Saas\Desktop\diploma\Code\Diploma\Diploma\ArduinoCore\Debug\libArduinoCore.a(twi.o)
 .bss.twi_timeout_us
                0x00800355        0x4 C:\Users\Saas\Desktop\diploma\Code\Diploma\Diploma\ArduinoCore\Debug\libArduinoCore.a(twi.o)
 .bss.twi_inRepStart
                0x00800359        0x1 C:\Users\Saas\Desktop\diploma\Code\Diploma\Diploma\ArduinoCore\Debug\libArduinoCore.a(twi.o)
 .bss.twi_sendStop
                0x0080035a        0x1 C:\Users\Saas\Desktop\diploma\Code\Diploma\Diploma\ArduinoCore\Debug\libArduinoCore.a(twi.o)
 .bss.twi_slarw
                0x0080035b        0x1 C:\Users\Saas\Desktop\diploma\Code\Diploma\Diploma\ArduinoCore\Debug\libArduinoCore.a(twi.o)
 .bss.twi_state
                0x0080035c        0x1 C:\Users\Saas\Desktop\diploma\Code\Diploma\Diploma\ArduinoCore\Debug\libArduinoCore.a(twi.o)
 *(COMMON)
 COMMON         0x0080035d        0x4 c:/program files (x86)/atmel/studio/7.0/toolchain/avr8/avr8-gnu-toolchain/bin/../lib/gcc/avr/5.4.0/../../../../avr/lib/avr5\libc.a(malloc.o)
                0x0080035d                __brkval
                0x0080035f                __flp
                0x00800361                PROVIDE (__bss_end, .)
                0x000040ca                __data_load_start = LOADADDR (.data)
                0x0000410c                __data_load_end = (__data_load_start + SIZEOF (.data))

.noinit         0x00800361        0x0
                [!provide]                PROVIDE (__noinit_start, .)
 *(.noinit*)
                [!provide]                PROVIDE (__noinit_end, .)
                0x00800361                _end = .
                0x00800361                PROVIDE (__heap_start, .)

.eeprom         0x00810000        0x0
 *(.eeprom*)
                0x00810000                __eeprom_end = .

.fuse
 *(.fuse)
 *(.lfuse)
 *(.hfuse)
 *(.efuse)

.lock
 *(.lock*)

.signature
 *(.signature*)

.user_signatures
 *(.user_signatures*)

.stab
 *(.stab)

.stabstr
 *(.stabstr)

.stab.excl
 *(.stab.excl)

.stab.exclstr
 *(.stab.exclstr)

.stab.index
 *(.stab.index)

.stab.indexstr
 *(.stab.indexstr)

.comment        0x00000000       0x30
 *(.comment)
 .comment       0x00000000       0x30 Kalman.o
                                 0x31 (size before relaxing)
 .comment       0x00000030       0x31 libs/I2Cdev.o
 .comment       0x00000030       0x31 libs/MPU6050.o
 .comment       0x00000030       0x31 Sketch.o
 .comment       0x00000030       0x31 C:\Users\Saas\Desktop\diploma\Code\Diploma\Diploma\ArduinoCore\Debug\libArduinoCore.a(HardwareSerial.o)
 .comment       0x00000030       0x31 C:\Users\Saas\Desktop\diploma\Code\Diploma\Diploma\ArduinoCore\Debug\libArduinoCore.a(HardwareSerial0.o)
 .comment       0x00000030       0x31 C:\Users\Saas\Desktop\diploma\Code\Diploma\Diploma\ArduinoCore\Debug\libArduinoCore.a(main.o)
 .comment       0x00000030       0x31 C:\Users\Saas\Desktop\diploma\Code\Diploma\Diploma\ArduinoCore\Debug\libArduinoCore.a(Print.o)
 .comment       0x00000030       0x31 C:\Users\Saas\Desktop\diploma\Code\Diploma\Diploma\ArduinoCore\Debug\libArduinoCore.a(WInterrupts.o)
 .comment       0x00000030       0x31 C:\Users\Saas\Desktop\diploma\Code\Diploma\Diploma\ArduinoCore\Debug\libArduinoCore.a(wiring.o)
 .comment       0x00000030       0x31 C:\Users\Saas\Desktop\diploma\Code\Diploma\Diploma\ArduinoCore\Debug\libArduinoCore.a(wiring_digital.o)
 .comment       0x00000030       0x31 C:\Users\Saas\Desktop\diploma\Code\Diploma\Diploma\ArduinoCore\Debug\libArduinoCore.a(Wire.o)
 .comment       0x00000030       0x31 C:\Users\Saas\Desktop\diploma\Code\Diploma\Diploma\ArduinoCore\Debug\libArduinoCore.a(hooks.o)
 .comment       0x00000030       0x31 C:\Users\Saas\Desktop\diploma\Code\Diploma\Diploma\ArduinoCore\Debug\libArduinoCore.a(twi.o)
 .comment       0x00000030       0x31 c:/program files (x86)/atmel/studio/7.0/toolchain/avr8/avr8-gnu-toolchain/bin/../lib/gcc/avr/5.4.0/../../../../avr/lib/avr5\libc.a(malloc.o)

.note.gnu.avr.deviceinfo
                0x00000000       0x40
 .note.gnu.avr.deviceinfo
                0x00000000       0x40 C:/Program Files (x86)/Atmel/Studio/7.0/Packs/atmel/ATmega_DFP/1.6.364/gcc/dev/atmega328p/avr5/crtatmega328p.o

.note.gnu.build-id
 *(.note.gnu.build-id)

.debug
 *(.debug)

.line
 *(.line)

.debug_srcinfo
 *(.debug_srcinfo)

.debug_sfnames
 *(.debug_sfnames)

.debug_aranges  0x00000000      0xef8
 *(.debug_aranges)
 .debug_aranges
                0x00000000       0x68 Kalman.o
 .debug_aranges
                0x00000068       0xa0 libs/I2Cdev.o
 .debug_aranges
                0x00000108      0x898 libs/MPU6050.o
 .debug_aranges
                0x000009a0       0xf0 Sketch.o
 .debug_aranges
                0x00000a90       0x68 C:\Users\Saas\Desktop\diploma\Code\Diploma\Diploma\ArduinoCore\Debug\libArduinoCore.a(HardwareSerial.o)
 .debug_aranges
                0x00000af8       0x48 C:\Users\Saas\Desktop\diploma\Code\Diploma\Diploma\ArduinoCore\Debug\libArduinoCore.a(HardwareSerial0.o)
 .debug_aranges
                0x00000b40       0x30 C:\Users\Saas\Desktop\diploma\Code\Diploma\Diploma\ArduinoCore\Debug\libArduinoCore.a(main.o)
 .debug_aranges
                0x00000b70      0x100 C:\Users\Saas\Desktop\diploma\Code\Diploma\Diploma\ArduinoCore\Debug\libArduinoCore.a(Print.o)
 .debug_aranges
                0x00000c70       0x40 C:\Users\Saas\Desktop\diploma\Code\Diploma\Diploma\ArduinoCore\Debug\libArduinoCore.a(WInterrupts.o)
 .debug_aranges
                0x00000cb0       0x48 C:\Users\Saas\Desktop\diploma\Code\Diploma\Diploma\ArduinoCore\Debug\libArduinoCore.a(wiring.o)
 .debug_aranges
                0x00000cf8       0x38 C:\Users\Saas\Desktop\diploma\Code\Diploma\Diploma\ArduinoCore\Debug\libArduinoCore.a(wiring_digital.o)
 .debug_aranges
                0x00000d30      0x110 C:\Users\Saas\Desktop\diploma\Code\Diploma\Diploma\ArduinoCore\Debug\libArduinoCore.a(Wire.o)
 .debug_aranges
                0x00000e40       0x20 C:\Users\Saas\Desktop\diploma\Code\Diploma\Diploma\ArduinoCore\Debug\libArduinoCore.a(hooks.o)
 .debug_aranges
                0x00000e60       0x98 C:\Users\Saas\Desktop\diploma\Code\Diploma\Diploma\ArduinoCore\Debug\libArduinoCore.a(twi.o)

.debug_pubnames
 *(.debug_pubnames)

.debug_info     0x00000000    0x1ad54
 *(.debug_info .gnu.linkonce.wi.*)
 .debug_info    0x00000000      0x5f4 C:/Program Files (x86)/Atmel/Studio/7.0/Packs/atmel/ATmega_DFP/1.6.364/gcc/dev/atmega328p/avr5/crtatmega328p.o
 .debug_info    0x000005f4      0x4d2 Kalman.o
 .debug_info    0x00000ac6     0x1199 libs/I2Cdev.o
 .debug_info    0x00001c5f     0x9a5a libs/MPU6050.o
 .debug_info    0x0000b6b9     0x53dc Sketch.o
 .debug_info    0x00010a95     0x1f64 C:\Users\Saas\Desktop\diploma\Code\Diploma\Diploma\ArduinoCore\Debug\libArduinoCore.a(HardwareSerial.o)
 .debug_info    0x000129f9     0x1b16 C:\Users\Saas\Desktop\diploma\Code\Diploma\Diploma\ArduinoCore\Debug\libArduinoCore.a(HardwareSerial0.o)
 .debug_info    0x0001450f      0x237 C:\Users\Saas\Desktop\diploma\Code\Diploma\Diploma\ArduinoCore\Debug\libArduinoCore.a(main.o)
 .debug_info    0x00014746     0x28ff C:\Users\Saas\Desktop\diploma\Code\Diploma\Diploma\ArduinoCore\Debug\libArduinoCore.a(Print.o)
 .debug_info    0x00017045      0x21c C:\Users\Saas\Desktop\diploma\Code\Diploma\Diploma\ArduinoCore\Debug\libArduinoCore.a(WInterrupts.o)
 .debug_info    0x00017261      0x2cb C:\Users\Saas\Desktop\diploma\Code\Diploma\Diploma\ArduinoCore\Debug\libArduinoCore.a(wiring.o)
 .debug_info    0x0001752c      0x5fe C:\Users\Saas\Desktop\diploma\Code\Diploma\Diploma\ArduinoCore\Debug\libArduinoCore.a(wiring_digital.o)
 .debug_info    0x00017b2a     0x2910 C:\Users\Saas\Desktop\diploma\Code\Diploma\Diploma\ArduinoCore\Debug\libArduinoCore.a(Wire.o)
 .debug_info    0x0001a43a       0x3e C:\Users\Saas\Desktop\diploma\Code\Diploma\Diploma\ArduinoCore\Debug\libArduinoCore.a(hooks.o)
 .debug_info    0x0001a478      0x8dc C:\Users\Saas\Desktop\diploma\Code\Diploma\Diploma\ArduinoCore\Debug\libArduinoCore.a(twi.o)

.debug_abbrev   0x00000000     0x2d92
 *(.debug_abbrev)
 .debug_abbrev  0x00000000      0x5a2 C:/Program Files (x86)/Atmel/Studio/7.0/Packs/atmel/ATmega_DFP/1.6.364/gcc/dev/atmega328p/avr5/crtatmega328p.o
 .debug_abbrev  0x000005a2      0x1be Kalman.o
 .debug_abbrev  0x00000760      0x2bf libs/I2Cdev.o
 .debug_abbrev  0x00000a1f      0x435 libs/MPU6050.o
 .debug_abbrev  0x00000e54      0x4f6 Sketch.o
 .debug_abbrev  0x0000134a      0x4b7 C:\Users\Saas\Desktop\diploma\Code\Diploma\Diploma\ArduinoCore\Debug\libArduinoCore.a(HardwareSerial.o)
 .debug_abbrev  0x00001801      0x3ce C:\Users\Saas\Desktop\diploma\Code\Diploma\Diploma\ArduinoCore\Debug\libArduinoCore.a(HardwareSerial0.o)
 .debug_abbrev  0x00001bcf      0x12d C:\Users\Saas\Desktop\diploma\Code\Diploma\Diploma\ArduinoCore\Debug\libArduinoCore.a(main.o)
 .debug_abbrev  0x00001cfc      0x47a C:\Users\Saas\Desktop\diploma\Code\Diploma\Diploma\ArduinoCore\Debug\libArduinoCore.a(Print.o)
 .debug_abbrev  0x00002176       0xfc C:\Users\Saas\Desktop\diploma\Code\Diploma\Diploma\ArduinoCore\Debug\libArduinoCore.a(WInterrupts.o)
 .debug_abbrev  0x00002272      0x146 C:\Users\Saas\Desktop\diploma\Code\Diploma\Diploma\ArduinoCore\Debug\libArduinoCore.a(wiring.o)
 .debug_abbrev  0x000023b8      0x15b C:\Users\Saas\Desktop\diploma\Code\Diploma\Diploma\ArduinoCore\Debug\libArduinoCore.a(wiring_digital.o)
 .debug_abbrev  0x00002513      0x563 C:\Users\Saas\Desktop\diploma\Code\Diploma\Diploma\ArduinoCore\Debug\libArduinoCore.a(Wire.o)
 .debug_abbrev  0x00002a76       0x2a C:\Users\Saas\Desktop\diploma\Code\Diploma\Diploma\ArduinoCore\Debug\libArduinoCore.a(hooks.o)
 .debug_abbrev  0x00002aa0      0x2f2 C:\Users\Saas\Desktop\diploma\Code\Diploma\Diploma\ArduinoCore\Debug\libArduinoCore.a(twi.o)

.debug_line     0x00000000     0x5fe3
 *(.debug_line .debug_line.* .debug_line_end)
 .debug_line    0x00000000      0x134 C:/Program Files (x86)/Atmel/Studio/7.0/Packs/atmel/ATmega_DFP/1.6.364/gcc/dev/atmega328p/avr5/crtatmega328p.o
 .debug_line    0x00000134      0x1ad Kalman.o
 .debug_line    0x000002e1      0x639 libs/I2Cdev.o
 .debug_line    0x0000091a     0x2870 libs/MPU6050.o
 .debug_line    0x0000318a      0xaa7 Sketch.o
 .debug_line    0x00003c31      0x4d9 C:\Users\Saas\Desktop\diploma\Code\Diploma\Diploma\ArduinoCore\Debug\libArduinoCore.a(HardwareSerial.o)
 .debug_line    0x0000410a      0x2a1 C:\Users\Saas\Desktop\diploma\Code\Diploma\Diploma\ArduinoCore\Debug\libArduinoCore.a(HardwareSerial0.o)
 .debug_line    0x000043ab      0x17a C:\Users\Saas\Desktop\diploma\Code\Diploma\Diploma\ArduinoCore\Debug\libArduinoCore.a(main.o)
 .debug_line    0x00004525      0x69a C:\Users\Saas\Desktop\diploma\Code\Diploma\Diploma\ArduinoCore\Debug\libArduinoCore.a(Print.o)
 .debug_line    0x00004bbf      0x1b7 C:\Users\Saas\Desktop\diploma\Code\Diploma\Diploma\ArduinoCore\Debug\libArduinoCore.a(WInterrupts.o)
 .debug_line    0x00004d76      0x2ae C:\Users\Saas\Desktop\diploma\Code\Diploma\Diploma\ArduinoCore\Debug\libArduinoCore.a(wiring.o)
 .debug_line    0x00005024      0x267 C:\Users\Saas\Desktop\diploma\Code\Diploma\Diploma\ArduinoCore\Debug\libArduinoCore.a(wiring_digital.o)
 .debug_line    0x0000528b      0x643 C:\Users\Saas\Desktop\diploma\Code\Diploma\Diploma\ArduinoCore\Debug\libArduinoCore.a(Wire.o)
 .debug_line    0x000058ce       0x41 C:\Users\Saas\Desktop\diploma\Code\Diploma\Diploma\ArduinoCore\Debug\libArduinoCore.a(hooks.o)
 .debug_line    0x0000590f      0x6d4 C:\Users\Saas\Desktop\diploma\Code\Diploma\Diploma\ArduinoCore\Debug\libArduinoCore.a(twi.o)

.debug_frame    0x00000000     0x3788
 *(.debug_frame)
 .debug_frame   0x00000000      0x10c Kalman.o
 .debug_frame   0x0000010c      0x3b8 libs/I2Cdev.o
 .debug_frame   0x000004c4     0x20c8 libs/MPU6050.o
 .debug_frame   0x0000258c      0x4fc Sketch.o
 .debug_frame   0x00002a88      0x110 C:\Users\Saas\Desktop\diploma\Code\Diploma\Diploma\ArduinoCore\Debug\libArduinoCore.a(HardwareSerial.o)
 .debug_frame   0x00002b98       0xe0 C:\Users\Saas\Desktop\diploma\Code\Diploma\Diploma\ArduinoCore\Debug\libArduinoCore.a(HardwareSerial0.o)
 .debug_frame   0x00002c78       0x54 C:\Users\Saas\Desktop\diploma\Code\Diploma\Diploma\ArduinoCore\Debug\libArduinoCore.a(main.o)
 .debug_frame   0x00002ccc      0x3ac C:\Users\Saas\Desktop\diploma\Code\Diploma\Diploma\ArduinoCore\Debug\libArduinoCore.a(Print.o)
 .debug_frame   0x00003078       0xf4 C:\Users\Saas\Desktop\diploma\Code\Diploma\Diploma\ArduinoCore\Debug\libArduinoCore.a(WInterrupts.o)
 .debug_frame   0x0000316c       0xc4 C:\Users\Saas\Desktop\diploma\Code\Diploma\Diploma\ArduinoCore\Debug\libArduinoCore.a(wiring.o)
 .debug_frame   0x00003230       0x7c C:\Users\Saas\Desktop\diploma\Code\Diploma\Diploma\ArduinoCore\Debug\libArduinoCore.a(wiring_digital.o)
 .debug_frame   0x000032ac      0x2b0 C:\Users\Saas\Desktop\diploma\Code\Diploma\Diploma\ArduinoCore\Debug\libArduinoCore.a(Wire.o)
 .debug_frame   0x0000355c       0x24 C:\Users\Saas\Desktop\diploma\Code\Diploma\Diploma\ArduinoCore\Debug\libArduinoCore.a(hooks.o)
 .debug_frame   0x00003580      0x208 C:\Users\Saas\Desktop\diploma\Code\Diploma\Diploma\ArduinoCore\Debug\libArduinoCore.a(twi.o)

.debug_str      0x00000000     0x7cc9
 *(.debug_str)
 .debug_str     0x00000000      0x208 C:/Program Files (x86)/Atmel/Studio/7.0/Packs/atmel/ATmega_DFP/1.6.364/gcc/dev/atmega328p/avr5/crtatmega328p.o
 .debug_str     0x00000208      0x2fc Kalman.o
                                0x307 (size before relaxing)
 .debug_str     0x00000504      0x48b libs/I2Cdev.o
                                0x65d (size before relaxing)
 .debug_str     0x0000098f     0x3c5f libs/MPU6050.o
                               0x41cb (size before relaxing)
 .debug_str     0x000045ee     0x1609 Sketch.o
                               0x54e2 (size before relaxing)
 .debug_str     0x00005bf7     0x1294 C:\Users\Saas\Desktop\diploma\Code\Diploma\Diploma\ArduinoCore\Debug\libArduinoCore.a(HardwareSerial.o)
                               0x1605 (size before relaxing)
 .debug_str     0x00006e8b       0x86 C:\Users\Saas\Desktop\diploma\Code\Diploma\Diploma\ArduinoCore\Debug\libArduinoCore.a(HardwareSerial0.o)
                               0x13f8 (size before relaxing)
 .debug_str     0x00006f11       0x37 C:\Users\Saas\Desktop\diploma\Code\Diploma\Diploma\ArduinoCore\Debug\libArduinoCore.a(main.o)
                                0x2a4 (size before relaxing)
 .debug_str     0x00006f48      0x303 C:\Users\Saas\Desktop\diploma\Code\Diploma\Diploma\ArduinoCore\Debug\libArduinoCore.a(Print.o)
                               0x1232 (size before relaxing)
 .debug_str     0x0000724b      0x146 C:\Users\Saas\Desktop\diploma\Code\Diploma\Diploma\ArduinoCore\Debug\libArduinoCore.a(WInterrupts.o)
                                0x227 (size before relaxing)
 .debug_str     0x00007391       0x78 C:\Users\Saas\Desktop\diploma\Code\Diploma\Diploma\ArduinoCore\Debug\libArduinoCore.a(wiring.o)
                                0x23a (size before relaxing)
 .debug_str     0x00007409       0xd1 C:\Users\Saas\Desktop\diploma\Code\Diploma\Diploma\ArduinoCore\Debug\libArduinoCore.a(wiring_digital.o)
                                0x29f (size before relaxing)
 .debug_str     0x000074da      0x5ba C:\Users\Saas\Desktop\diploma\Code\Diploma\Diploma\ArduinoCore\Debug\libArduinoCore.a(Wire.o)
                               0x1999 (size before relaxing)
 .debug_str     0x00007a94       0x1c C:\Users\Saas\Desktop\diploma\Code\Diploma\Diploma\ArduinoCore\Debug\libArduinoCore.a(hooks.o)
                                0x12f (size before relaxing)
 .debug_str     0x00007ab0      0x219 C:\Users\Saas\Desktop\diploma\Code\Diploma\Diploma\ArduinoCore\Debug\libArduinoCore.a(twi.o)
                                0x4ed (size before relaxing)

.debug_loc      0x00000000    0x11319
 *(.debug_loc)
 .debug_loc     0x00000000      0x2a5 Kalman.o
 .debug_loc     0x000002a5     0x1636 libs/I2Cdev.o
 .debug_loc     0x000018db     0x9e3f libs/MPU6050.o
 .debug_loc     0x0000b71a     0x18f4 Sketch.o
 .debug_loc     0x0000d00e      0x4dc C:\Users\Saas\Desktop\diploma\Code\Diploma\Diploma\ArduinoCore\Debug\libArduinoCore.a(HardwareSerial.o)
 .debug_loc     0x0000d4ea      0x1b0 C:\Users\Saas\Desktop\diploma\Code\Diploma\Diploma\ArduinoCore\Debug\libArduinoCore.a(HardwareSerial0.o)
 .debug_loc     0x0000d69a     0x1c87 C:\Users\Saas\Desktop\diploma\Code\Diploma\Diploma\ArduinoCore\Debug\libArduinoCore.a(Print.o)
 .debug_loc     0x0000f321      0x235 C:\Users\Saas\Desktop\diploma\Code\Diploma\Diploma\ArduinoCore\Debug\libArduinoCore.a(WInterrupts.o)
 .debug_loc     0x0000f556      0x28d C:\Users\Saas\Desktop\diploma\Code\Diploma\Diploma\ArduinoCore\Debug\libArduinoCore.a(wiring.o)
 .debug_loc     0x0000f7e3      0x5fc C:\Users\Saas\Desktop\diploma\Code\Diploma\Diploma\ArduinoCore\Debug\libArduinoCore.a(wiring_digital.o)
 .debug_loc     0x0000fddf      0xcbb C:\Users\Saas\Desktop\diploma\Code\Diploma\Diploma\ArduinoCore\Debug\libArduinoCore.a(Wire.o)
 .debug_loc     0x00010a9a      0x87f C:\Users\Saas\Desktop\diploma\Code\Diploma\Diploma\ArduinoCore\Debug\libArduinoCore.a(twi.o)

.debug_macinfo
 *(.debug_macinfo)

.debug_weaknames
 *(.debug_weaknames)

.debug_funcnames
 *(.debug_funcnames)

.debug_typenames
 *(.debug_typenames)

.debug_varnames
 *(.debug_varnames)

.debug_pubtypes
 *(.debug_pubtypes)

.debug_ranges   0x00000000      0xee8
 *(.debug_ranges)
 .debug_ranges  0x00000000       0x58 Kalman.o
 .debug_ranges  0x00000058      0x100 libs/I2Cdev.o
 .debug_ranges  0x00000158      0x8b8 libs/MPU6050.o
 .debug_ranges  0x00000a10       0xe0 Sketch.o
 .debug_ranges  0x00000af0       0x58 C:\Users\Saas\Desktop\diploma\Code\Diploma\Diploma\ArduinoCore\Debug\libArduinoCore.a(HardwareSerial.o)
 .debug_ranges  0x00000b48       0x38 C:\Users\Saas\Desktop\diploma\Code\Diploma\Diploma\ArduinoCore\Debug\libArduinoCore.a(HardwareSerial0.o)
 .debug_ranges  0x00000b80       0x20 C:\Users\Saas\Desktop\diploma\Code\Diploma\Diploma\ArduinoCore\Debug\libArduinoCore.a(main.o)
 .debug_ranges  0x00000ba0      0x120 C:\Users\Saas\Desktop\diploma\Code\Diploma\Diploma\ArduinoCore\Debug\libArduinoCore.a(Print.o)
 .debug_ranges  0x00000cc0       0x30 C:\Users\Saas\Desktop\diploma\Code\Diploma\Diploma\ArduinoCore\Debug\libArduinoCore.a(WInterrupts.o)
 .debug_ranges  0x00000cf0       0x38 C:\Users\Saas\Desktop\diploma\Code\Diploma\Diploma\ArduinoCore\Debug\libArduinoCore.a(wiring.o)
 .debug_ranges  0x00000d28       0x28 C:\Users\Saas\Desktop\diploma\Code\Diploma\Diploma\ArduinoCore\Debug\libArduinoCore.a(wiring_digital.o)
 .debug_ranges  0x00000d50      0x100 C:\Users\Saas\Desktop\diploma\Code\Diploma\Diploma\ArduinoCore\Debug\libArduinoCore.a(Wire.o)
 .debug_ranges  0x00000e50       0x10 C:\Users\Saas\Desktop\diploma\Code\Diploma\Diploma\ArduinoCore\Debug\libArduinoCore.a(hooks.o)
 .debug_ranges  0x00000e60       0x88 C:\Users\Saas\Desktop\diploma\Code\Diploma\Diploma\ArduinoCore\Debug\libArduinoCore.a(twi.o)

.debug_macro
 *(.debug_macro)
OUTPUT(MPU6050_DMP6.elf elf32-avr)
LOAD linker stubs
