Archive member included to satisfy reference by file (symbol)

c:/program files (x86)/atmel/studio/7.0/toolchain/avr8/avr8-gnu-toolchain/bin/../lib/gcc/avr/5.4.0/../../../../avr/lib/avr5\libm.a(addsf3.o)
                              Kalman.o (__subsf3)
c:/program files (x86)/atmel/studio/7.0/toolchain/avr8/avr8-gnu-toolchain/bin/../lib/gcc/avr/5.4.0/../../../../avr/lib/avr5\libm.a(addsf3x.o)
                              c:/program files (x86)/atmel/studio/7.0/toolchain/avr8/avr8-gnu-toolchain/bin/../lib/gcc/avr/5.4.0/../../../../avr/lib/avr5\libm.a(addsf3.o) (__addsf3x)
c:/program files (x86)/atmel/studio/7.0/toolchain/avr8/avr8-gnu-toolchain/bin/../lib/gcc/avr/5.4.0/../../../../avr/lib/avr5\libm.a(asin.o)
                              Sketch.o (asin)
c:/program files (x86)/atmel/studio/7.0/toolchain/avr8/avr8-gnu-toolchain/bin/../lib/gcc/avr/5.4.0/../../../../avr/lib/avr5\libm.a(atan2.o)
                              Sketch.o (atan2)
c:/program files (x86)/atmel/studio/7.0/toolchain/avr8/avr8-gnu-toolchain/bin/../lib/gcc/avr/5.4.0/../../../../avr/lib/avr5\libm.a(atan.o)
                              c:/program files (x86)/atmel/studio/7.0/toolchain/avr8/avr8-gnu-toolchain/bin/../lib/gcc/avr/5.4.0/../../../../avr/lib/avr5\libm.a(atan2.o) (atan)
c:/program files (x86)/atmel/studio/7.0/toolchain/avr8/avr8-gnu-toolchain/bin/../lib/gcc/avr/5.4.0/../../../../avr/lib/avr5\libm.a(cmpsf2.o)
                              libs/MPU6050.o (__ltsf2)
c:/program files (x86)/atmel/studio/7.0/toolchain/avr8/avr8-gnu-toolchain/bin/../lib/gcc/avr/5.4.0/../../../../avr/lib/avr5\libm.a(divsf3.o)
                              Kalman.o (__divsf3)
c:/program files (x86)/atmel/studio/7.0/toolchain/avr8/avr8-gnu-toolchain/bin/../lib/gcc/avr/5.4.0/../../../../avr/lib/avr5\libm.a(divsf3x.o)
                              c:/program files (x86)/atmel/studio/7.0/toolchain/avr8/avr8-gnu-toolchain/bin/../lib/gcc/avr/5.4.0/../../../../avr/lib/avr5\libm.a(divsf3.o) (__divsf3x)
c:/program files (x86)/atmel/studio/7.0/toolchain/avr8/avr8-gnu-toolchain/bin/../lib/gcc/avr/5.4.0/../../../../avr/lib/avr5\libm.a(fixsfsi.o)
                              libs/MPU6050.o (__fixsfsi)
c:/program files (x86)/atmel/studio/7.0/toolchain/avr8/avr8-gnu-toolchain/bin/../lib/gcc/avr/5.4.0/../../../../avr/lib/avr5\libm.a(fixunssfsi.o)
                              libs/MPU6050.o (__fixunssfsi)
c:/program files (x86)/atmel/studio/7.0/toolchain/avr8/avr8-gnu-toolchain/bin/../lib/gcc/avr/5.4.0/../../../../avr/lib/avr5\libm.a(floatsisf.o)
                              libs/MPU6050.o (__floatunsisf)
c:/program files (x86)/atmel/studio/7.0/toolchain/avr8/avr8-gnu-toolchain/bin/../lib/gcc/avr/5.4.0/../../../../avr/lib/avr5\libm.a(fp_arccos.o)
                              c:/program files (x86)/atmel/studio/7.0/toolchain/avr8/avr8-gnu-toolchain/bin/../lib/gcc/avr/5.4.0/../../../../avr/lib/avr5\libm.a(asin.o) (__fp_arccos)
c:/program files (x86)/atmel/studio/7.0/toolchain/avr8/avr8-gnu-toolchain/bin/../lib/gcc/avr/5.4.0/../../../../avr/lib/avr5\libm.a(fp_cmp.o)
                              c:/program files (x86)/atmel/studio/7.0/toolchain/avr8/avr8-gnu-toolchain/bin/../lib/gcc/avr/5.4.0/../../../../avr/lib/avr5\libm.a(cmpsf2.o) (__fp_cmp)
c:/program files (x86)/atmel/studio/7.0/toolchain/avr8/avr8-gnu-toolchain/bin/../lib/gcc/avr/5.4.0/../../../../avr/lib/avr5\libm.a(fp_inf.o)
                              c:/program files (x86)/atmel/studio/7.0/toolchain/avr8/avr8-gnu-toolchain/bin/../lib/gcc/avr/5.4.0/../../../../avr/lib/avr5\libm.a(addsf3x.o) (__fp_inf)
c:/program files (x86)/atmel/studio/7.0/toolchain/avr8/avr8-gnu-toolchain/bin/../lib/gcc/avr/5.4.0/../../../../avr/lib/avr5\libm.a(fp_nan.o)
                              c:/program files (x86)/atmel/studio/7.0/toolchain/avr8/avr8-gnu-toolchain/bin/../lib/gcc/avr/5.4.0/../../../../avr/lib/avr5\libm.a(addsf3x.o) (__fp_nan)
c:/program files (x86)/atmel/studio/7.0/toolchain/avr8/avr8-gnu-toolchain/bin/../lib/gcc/avr/5.4.0/../../../../avr/lib/avr5\libm.a(fp_powser.o)
                              c:/program files (x86)/atmel/studio/7.0/toolchain/avr8/avr8-gnu-toolchain/bin/../lib/gcc/avr/5.4.0/../../../../avr/lib/avr5\libm.a(atan.o) (__fp_powser)
c:/program files (x86)/atmel/studio/7.0/toolchain/avr8/avr8-gnu-toolchain/bin/../lib/gcc/avr/5.4.0/../../../../avr/lib/avr5\libm.a(fp_powsodd.o)
                              c:/program files (x86)/atmel/studio/7.0/toolchain/avr8/avr8-gnu-toolchain/bin/../lib/gcc/avr/5.4.0/../../../../avr/lib/avr5\libm.a(asin.o) (__fp_powsodd)
c:/program files (x86)/atmel/studio/7.0/toolchain/avr8/avr8-gnu-toolchain/bin/../lib/gcc/avr/5.4.0/../../../../avr/lib/avr5\libm.a(fp_pscA.o)
                              c:/program files (x86)/atmel/studio/7.0/toolchain/avr8/avr8-gnu-toolchain/bin/../lib/gcc/avr/5.4.0/../../../../avr/lib/avr5\libm.a(addsf3x.o) (__fp_pscA)
[...]
Memory Configuration

Name             Origin             Length             Attributes
text             0x00000000         0x00008000         xr
data             0x00800100         0x00000800         rw !x
eeprom           0x00810000         0x00000400         rw !x
fuse             0x00820000         0x00000003         rw !x
lock             0x00830000         0x00000400         rw !x
signature        0x00840000         0x00000400         rw !x
user_signatures  0x00850000         0x00000400         rw !x
*default*        0x00000000         0xffffffff

Linker script and memory map

Address of section .data set to 0x800100
LOAD C:/Program Files (x86)/Atmel/Studio/7.0/Packs/atmel/ATmega_DFP/1.6.364/gcc/dev/atmega328p/avr5/crtatmega328p.o
LOAD GimbalMot.o
LOAD Kalman.o
LOAD libs/I2Cdev.o
LOAD libs/MPU6050.o
LOAD libs/pidautotuner.o
LOAD PID.o
LOAD Sketch.o
START GROUP
LOAD c:/program files (x86)/atmel/studio/7.0/toolchain/avr8/avr8-gnu-toolchain/bin/../lib/gcc/avr/5.4.0/../../../../avr/lib/avr5\libm.a
LOAD C:\Users\Saas\Desktop\diploma\Code\Diploma\Diploma\ArduinoCore\Debug\libArduinoCore.a
END GROUP
LOAD c:/program files (x86)/atmel/studio/7.0/toolchain/avr8/avr8-gnu-toolchain/bin/../lib/gcc/avr/5.4.0/avr5\libgcc.a
LOAD c:/program files (x86)/atmel/studio/7.0/toolchain/avr8/avr8-gnu-toolchain/bin/../lib/gcc/avr/5.4.0/../../../../avr/lib/avr5\libm.a
START GROUP
LOAD c:/program files (x86)/atmel/studio/7.0/toolchain/avr8/avr8-gnu-toolchain/bin/../lib/gcc/avr/5.4.0/avr5\libgcc.a
LOAD c:/program files (x86)/atmel/studio/7.0/toolchain/avr8/avr8-gnu-toolchain/bin/../lib/gcc/avr/5.4.0/../../../../avr/lib/avr5\libm.a
LOAD c:/program files (x86)/atmel/studio/7.0/toolchain/avr8/avr8-gnu-toolchain/bin/../lib/gcc/avr/5.4.0/../../../../avr/lib/avr5\libc.a
LOAD C:/Program Files (x86)/Atmel/Studio/7.0/Packs/atmel/ATmega_DFP/1.6.364/gcc/dev/atmega328p/avr5\libatmega328p.a
END GROUP
                0x00000000                __TEXT_REGION_ORIGIN__ = DEFINED (__TEXT_REGION_ORIGIN__)?__TEXT_REGION_ORIGIN__:0x0
                [0x00800100]                __DATA_REGION_ORIGIN__ = DEFINED (__DATA_REGION_ORIGIN__)?__DATA_REGION_ORIGIN__:0x800060
                [0x00008000]                __TEXT_REGION_LENGTH__ = DEFINED (__TEXT_REGION_LENGTH__)?__TEXT_REGION_LENGTH__:0x20000
                [0x00000800]                __DATA_REGION_LENGTH__ = DEFINED (__DATA_REGION_LENGTH__)?__DATA_REGION_LENGTH__:0xffa0
                [0x00000400]                __EEPROM_REGION_LENGTH__ = DEFINED (__EEPROM_REGION_LENGTH__)?__EEPROM_REGION_LENGTH__:0x10000
                [0x00000003]                __FUSE_REGION_LENGTH__ = DEFINED (__FUSE_REGION_LENGTH__)?__FUSE_REGION_LENGTH__:0x400
                0x00000400                __LOCK_REGION_LENGTH__ = DEFINED (__LOCK_REGION_LENGTH__)?__LOCK_REGION_LENGTH__:0x400
                0x00000400                __SIGNATURE_REGION_LENGTH__ = DEFINED (__SIGNATURE_REGION_LENGTH__)?__SIGNATURE_REGION_LENGTH__:0x400
                0x00000400                __USER_SIGNATURE_REGION_LENGTH__ = DEFINED (__USER_SIGNATURE_REGION_LENGTH__)?__USER_SIGNATURE_REGION_LENGTH__:0x400

.hash
 *(.hash)

.dynsym
 *(.dynsym)

.dynstr
 *(.dynstr)

.gnu.version
 *(.gnu.version)

.gnu.version_d
 *(.gnu.version_d)

.gnu.version_r
 *(.gnu.version_r)

.rel.init
 *(.rel.init)

.rela.init
 *(.rela.init)

.rel.text
 *(.rel.text)
 *(.rel.text.*)
 *(.rel.gnu.linkonce.t*)

.rela.text
 *(.rela.text)
 *(.rela.text.*)
 *(.rela.gnu.linkonce.t*)

.rel.fini
 *(.rel.fini)

.rela.fini
 *(.rela.fini)

.rel.rodata
 *(.rel.rodata)
 *(.rel.rodata.*)
 *(.rel.gnu.linkonce.r*)

.rela.rodata
 *(.rela.rodata)
 *(.rela.rodata.*)
 *(.rela.gnu.linkonce.r*)

.rel.data
 *(.rel.data)
 *(.rel.data.*)
 *(.rel.gnu.linkonce.d*)

.rela.data
 *(.rela.data)
 *(.rela.data.*)
 *(.rela.gnu.linkonce.d*)

.rel.ctors
 *(.rel.ctors)

.rela.ctors
 *(.rela.ctors)

.rel.dtors
 *(.rel.dtors)

.rela.dtors
 *(.rela.dtors)

.rel.got
 *(.rel.got)

.rela.got
 *(.rela.got)

.rel.bss
 *(.rel.bss)

.rela.bss
 *(.rela.bss)

.rel.plt
 *(.rel.plt)

.rela.plt
 *(.rela.plt)

.text           0x00000000     0x4f6c
 *(.vectors)
 .vectors       0x00000000       0x68 C:/Program Files (x86)/Atmel/Studio/7.0/Packs/atmel/ATmega_DFP/1.6.364/gcc/dev/atmega328p/avr5/crtatmega328p.o
                0x00000000                __vector_default
                0x00000000                __vectors
 *(.vectors)
 *(.progmem.gcc*)
 .progmem.gcc_fplib
                0x00000068       0x2d c:/program files (x86)/atmel/studio/7.0/toolchain/avr8/avr8-gnu-toolchain/bin/../lib/gcc/avr/5.4.0/../../../../avr/lib/avr5\libm.a(atan.o)
                0x00000096                . = ALIGN (0x2)
 *fill*         0x00000095        0x1 
                0x00000096                __trampolines_start = .
 *(.trampolines)
 .trampolines   0x00000096        0x0 linker stubs
 *(.trampolines*)
                0x00000096                __trampolines_end = .
 *libprintf_flt.a:*(.progmem.data)
 *libc.a:*(.progmem.data)
 .progmem.data  0x00000096       0x3b c:/program files (x86)/atmel/studio/7.0/toolchain/avr8/avr8-gnu-toolchain/bin/../lib/gcc/avr/5.4.0/../../../../avr/lib/avr5\libc.a(strtod.o)
 *(.progmem*)
 .progmem.data._ZZ5setupE3__c_0
                0x000000d1        0x2 Sketch.o
 .progmem.data._ZZ5setupE3__c
                0x000000d3       0x21 Sketch.o
 .progmem.data._ZZ10updateDatavE3__c
                0x000000f4        0xf Sketch.o
 .progmem.data._ZZN7MPU605013dmpInitializeEvE3__c_30
                0x00000103       0x38 Sketch.o
 .progmem.data._ZZN7MPU605013dmpInitializeEvE3__c_29
                0x0000013b       0x3b Sketch.o
 .progmem.data._ZZN7MPU605013dmpInitializeEvE3__c_28
                0x00000176       0x28 Sketch.o
 .progmem.data._ZZN7MPU605013dmpInitializeEvE3__c_27
                0x0000019e       0x1c Sketch.o
 .progmem.data._ZZN7MPU605013dmpInitializeEvE3__c_26
                0x000001ba       0x11 Sketch.o
 .progmem.data._ZZN7MPU605013dmpInitializeEvE3__c_25
                0x000001cb       0x11 Sketch.o
 .progmem.data._ZZN7MPU605013dmpInitializeEvE3__c_24
                0x000001dc       0x2f Sketch.o
 .progmem.data._ZZN7MPU605013dmpInitializeEvE3__c_23
                0x0000020b       0x2b Sketch.o
 .progmem.data._ZZN7MPU605013dmpInitializeEvE3__c_22
                0x00000236       0x32 Sketch.o
 .progmem.data._ZZN7MPU605013dmpInitializeEvE3__c_21
                0x00000268       0x2b Sketch.o
 .progmem.data._ZZN7MPU605013dmpInitializeEvE3__c_20
                0x00000293       0x1a Sketch.o
 .progmem.data._ZZN7MPU605013dmpInitializeEvE3__c_19
                0x000002ad       0x28 Sketch.o
 .progmem.data._ZZN7MPU605013dmpInitializeEvE3__c_18
                0x000002d5        0x8 Sketch.o
 .progmem.data._ZZN7MPU605013dmpInitializeEvE3__c_17
                0x000002dd       0x27 Sketch.o
 .progmem.data._ZZN7MPU605013dmpInitializeEvE3__c_16
                0x00000304       0x30 Sketch.o
 .progmem.data._ZZN7MPU605013dmpInitializeEvE3__c_15
                0x00000334       0x22 Sketch.o
 .progmem.data._ZZN7MPU605013dmpInitializeEvE3__c_14
                0x00000356       0x30 Sketch.o
 .progmem.data._ZZN7MPU605013dmpInitializeEvE3__c_13
                0x00000386       0x20 Sketch.o
 .progmem.data._ZZN7MPU605013dmpInitializeEvE3__c_12
                0x000003a6       0x31 Sketch.o
 .progmem.data._ZZN7MPU605013dmpInitializeEvE3__c_11
                0x000003d7       0x22 Sketch.o
 .progmem.data._ZZN7MPU605013dmpInitializeEvE3__c_10
                0x000003f9       0x20 Sketch.o
 .progmem.data._ZZN7MPU605013dmpInitializeEvE3__c_9
                0x00000419       0x2a Sketch.o
 .progmem.data._ZZN7MPU605013dmpInitializeEvE3__c_8
                0x00000443       0x1d Sketch.o
 .progmem.data._ZZN7MPU605013dmpInitializeEvE3__c_7
                0x00000460       0x23 Sketch.o
 .progmem.data._ZZN7MPU605013dmpInitializeEvE3__c_6
                0x00000483        0x9 Sketch.o
 .progmem.data._ZZN7MPU605013dmpInitializeEvE3__c_5
                0x0000048c        0x7 Sketch.o
 .progmem.data._ZZN7MPU605013dmpInitializeEvE3__c_4
                0x00000493        0xd Sketch.o
 .progmem.data._ZZN7MPU605013dmpInitializeEvE3__c_3
                0x000004a0       0x1f Sketch.o
 .progmem.data._ZZN7MPU605013dmpInitializeEvE3__c_2
                0x000004bf       0x28 Sketch.o
 .progmem.data._ZZN7MPU605013dmpInitializeEvE3__c_1
                0x000004e7       0x1a Sketch.o
 .progmem.data._ZZN7MPU605013dmpInitializeEvE3__c_0
                0x00000501       0x1e Sketch.o
 .progmem.data._ZZN7MPU605013dmpInitializeEvE3__c
                0x0000051f       0x17 Sketch.o
 .progmem.data._ZL9dmpMemory
                0x00000536      0x789 Sketch.o
 .progmem.data.digital_pin_to_timer_PGM
                0x00000cbf       0x14 C:\Users\Saas\Desktop\diploma\Code\Diploma\Diploma\ArduinoCore\Debug\libArduinoCore.a(wiring_digital.o)
                0x00000cbf                digital_pin_to_timer_PGM
 .progmem.data.digital_pin_to_bit_mask_PGM
                0x00000cd3       0x14 C:\Users\Saas\Desktop\diploma\Code\Diploma\Diploma\ArduinoCore\Debug\libArduinoCore.a(wiring_digital.o)
                0x00000cd3                digital_pin_to_bit_mask_PGM
 .progmem.data.digital_pin_to_port_PGM
                0x00000ce7       0x14 C:\Users\Saas\Desktop\diploma\Code\Diploma\Diploma\ArduinoCore\Debug\libArduinoCore.a(wiring_digital.o)
                0x00000ce7                digital_pin_to_port_PGM
 .progmem.data.port_to_output_PGM
                0x00000cfb        0xa C:\Users\Saas\Desktop\diploma\Code\Diploma\Diploma\ArduinoCore\Debug\libArduinoCore.a(wiring_digital.o)
                0x00000cfb                port_to_output_PGM
 .progmem.data.port_to_mode_PGM
                0x00000d05        0xa C:\Users\Saas\Desktop\diploma\Code\Diploma\Diploma\ArduinoCore\Debug\libArduinoCore.a(wiring_digital.o)
                0x00000d05                port_to_mode_PGM
                0x00000d10                . = ALIGN (0x2)
 *fill*         0x00000d0f        0x1 
 *(.jumptables)
 *(.jumptables*)
 *(.lowtext)
 *(.lowtext*)
                0x00000d10                __ctors_start = .
 *(.ctors)
 .ctors         0x00000d10        0x2 Sketch.o
 .ctors         0x00000d12        0x2 C:\Users\Saas\Desktop\diploma\Code\Diploma\Diploma\ArduinoCore\Debug\libArduinoCore.a(HardwareSerial0.o)
 .ctors         0x00000d14        0x2 C:\Users\Saas\Desktop\diploma\Code\Diploma\Diploma\ArduinoCore\Debug\libArduinoCore.a(Wire.o)
                0x00000d16                __ctors_end = .
                0x00000d16                __dtors_start = .
 *(.dtors)
 .dtors         0x00000d16        0x2 Sketch.o
                0x00000d18                __dtors_end = .
 SORT(*)(.ctors)
 SORT(*)(.dtors)
 *(.init0)
 .init0         0x00000d18        0x0 C:/Program Files (x86)/Atmel/Studio/7.0/Packs/atmel/ATmega_DFP/1.6.364/gcc/dev/atmega328p/avr5/crtatmega328p.o
                0x00000d18                __init
 *(.init0)
 *(.init1)
 *(.init1)
 *(.init2)
 .init2         0x00000d18        0xc C:/Program Files (x86)/Atmel/Studio/7.0/Packs/atmel/ATmega_DFP/1.6.364/gcc/dev/atmega328p/avr5/crtatmega328p.o
 *(.init2)
 *(.init3)
 *(.init3)
 *(.init4)
 .init4         0x00000d24       0x16 c:/program files (x86)/atmel/studio/7.0/toolchain/avr8/avr8-gnu-toolchain/bin/../lib/gcc/avr/5.4.0/avr5\libgcc.a(_copy_data.o)
                0x00000d24                __do_copy_data
 .init4         0x00000d3a       0x10 c:/program files (x86)/atmel/studio/7.0/toolchain/avr8/avr8-gnu-toolchain/bin/../lib/gcc/avr/5.4.0/avr5\libgcc.a(_clear_bss.o)
                0x00000d3a                __do_clear_bss
 *(.init4)
 *(.init5)
 *(.init5)
 *(.init6)
 .init6         0x00000d4a       0x16 c:/program files (x86)/atmel/studio/7.0/toolchain/avr8/avr8-gnu-toolchain/bin/../lib/gcc/avr/5.4.0/avr5\libgcc.a(_ctors.o)
                0x00000d4a                __do_global_ctors
 *(.init6)
 *(.init7)
 *(.init7)
 *(.init8)
 *(.init8)
 *(.init9)
 .init9         0x00000d60        0x8 C:/Program Files (x86)/Atmel/Studio/7.0/Packs/atmel/ATmega_DFP/1.6.364/gcc/dev/atmega328p/avr5/crtatmega328p.o
 *(.init9)
 *(.text)
 .text          0x00000d68        0x4 C:/Program Files (x86)/Atmel/Studio/7.0/Packs/atmel/ATmega_DFP/1.6.364/gcc/dev/atmega328p/avr5/crtatmega328p.o
                0x00000d68                __vector_22
                0x00000d68                __vector_12
                0x00000d68                __bad_interrupt
                0x00000d68                __vector_6
                0x00000d68                __vector_3
                0x00000d68                __vector_23
                0x00000d68                __vector_25
                0x00000d68                __vector_11
                0x00000d68                __vector_13
                0x00000d68                __vector_17
                0x00000d68                __vector_7
                0x00000d68                __vector_5
                0x00000d68                __vector_4
                0x00000d68                __vector_9
                0x00000d68                __vector_21
                0x00000d68                __vector_15
                0x00000d68                __vector_8
                0x00000d68                __vector_14
                0x00000d68                __vector_10
                0x00000d68                __vector_20
                0x00000d6c                . = ALIGN (0x2)
 *(.text.*)
 .text._ZN9GimbalMotC2Ev
                0x00000d6c        0x2 GimbalMot.o
                0x00000d6c                _ZN9GimbalMotC1Ev
                0x00000d6c                _ZN9GimbalMotC2Ev
 .text._ZN9GimbalMotD2Ev
                0x00000d6e       0x22 GimbalMot.o
                0x00000d6e                _ZN9GimbalMotD1Ev
                0x00000d6e                _ZN9GimbalMotD2Ev
 .text._ZN9GimbalMot4initEiiiiii
                0x00000d90       0xf6 GimbalMot.o
                0x00000d90                _ZN9GimbalMot4initEiiiiii
 .text._ZN5Motor6setPWMEv
                0x00000e86       0x36 GimbalMot.o
                0x00000e86                _ZN5Motor6setPWMEv
 .text._ZN5Motor4setOEi
                0x00000ebc       0x42 GimbalMot.o
                0x00000ebc                _ZN5Motor4setOEi
 .text._ZN9GimbalMot7setVelXEi
                0x00000efe        0xa GimbalMot.o
                0x00000efe                _ZN9GimbalMot7setVelXEi
 .text._ZN6I2Cdev10writeBytesEhhhPh
                0x00000f08       0x60 libs/I2Cdev.o
                0x00000f08                _ZN6I2Cdev10writeBytesEhhhPh
 .text._ZN6I2Cdev9writeByteEhhh
                0x00000f68       0x20 libs/I2Cdev.o
                0x00000f68                _ZN6I2Cdev9writeByteEhhh
 .text._ZN6I2Cdev10writeWordsEhhhPj
                0x00000f88       0x6a libs/I2Cdev.o
                0x00000f88                _ZN6I2Cdev10writeWordsEhhhPj
 .text._ZN6I2Cdev9writeWordEhhj
                0x00000ff2       0x24 libs/I2Cdev.o
                0x00000ff2                _ZN6I2Cdev9writeWordEhhj
 .text._ZN6I2Cdev9readBytesEhhhPhj
                0x00001016      0x16a libs/I2Cdev.o
                0x00001016                _ZN6I2Cdev9readBytesEhhhPhj
 .text._ZN6I2Cdev8readByteEhhPhj
                0x00001180       0x14 libs/I2Cdev.o
                0x00001180                _ZN6I2Cdev8readByteEhhPhj
 .text._ZN6I2Cdev7readBitEhhhPhj
                0x00001194       0x4a libs/I2Cdev.o
                0x00001194                _ZN6I2Cdev7readBitEhhhPhj
 .text._ZN6I2Cdev8readBitsEhhhhPhj
                0x000011de       0x7a libs/I2Cdev.o
                0x000011de                _ZN6I2Cdev8readBitsEhhhhPhj
 .text._ZN6I2Cdev8writeBitEhhhh
                0x00001258       0x60 libs/I2Cdev.o
                0x00001258                _ZN6I2Cdev8writeBitEhhhh
 .text._ZN6I2Cdev9writeBitsEhhhhh
                0x000012b8       0x94 libs/I2Cdev.o
                0x000012b8                _ZN6I2Cdev9writeBitsEhhhhh
 .text._ZN7MPU6050C2Eh
                0x0000134c        0x6 libs/MPU6050.o
                0x0000134c                _ZN7MPU6050C1Eh
                0x0000134c                _ZN7MPU6050C2Eh
 .text._ZN7MPU60507setRateEh
                0x00001352        0xc libs/MPU6050.o
                0x00001352                _ZN7MPU60507setRateEh
 .text._ZN7MPU605020setExternalFrameSyncEh
                0x0000135e       0x16 libs/MPU6050.o
                0x0000135e                _ZN7MPU605020setExternalFrameSyncEh
 .text._ZN7MPU605011setDLPFModeEh
                0x00001374       0x16 libs/MPU6050.o
                0x00001374                _ZN7MPU605011setDLPFModeEh
 .text._ZN7MPU605021setFullScaleGyroRangeEh
                0x0000138a       0x16 libs/MPU6050.o
                0x0000138a                _ZN7MPU605021setFullScaleGyroRangeEh
 .text._ZN7MPU605022setFullScaleAccelRangeEh
                0x000013a0       0x16 libs/MPU6050.o
                0x000013a0                _ZN7MPU605022setFullScaleAccelRangeEh
 .text._ZN7MPU605027setMotionDetectionThresholdEh
                0x000013b6        0xc libs/MPU6050.o
                0x000013b6                _ZN7MPU605027setMotionDetectionThresholdEh
 .text._ZN7MPU605026setMotionDetectionDurationEh
                0x000013c2        0xc libs/MPU6050.o
                0x000013c2                _ZN7MPU605026setMotionDetectionDurationEh
 .text._ZN7MPU605031setZeroMotionDetectionThresholdEh
                0x000013ce        0xc libs/MPU6050.o
                0x000013ce                _ZN7MPU605031setZeroMotionDetectionThresholdEh
 .text._ZN7MPU605030setZeroMotionDetectionDurationEh
                0x000013da        0xc libs/MPU6050.o
                0x000013da                _ZN7MPU605030setZeroMotionDetectionDurationEh
 .text._ZN7MPU605015setSlaveAddressEhh
                0x000013e6       0x16 libs/MPU6050.o
                0x000013e6                _ZN7MPU605015setSlaveAddressEhh
 .text._ZN7MPU605013setIntEnabledEh
                0x000013fc        0xc libs/MPU6050.o
                0x000013fc                _ZN7MPU605013setIntEnabledEh
 .text._ZN7MPU605012getIntStatusEv
                0x00001408       0x24 libs/MPU6050.o
                0x00001408                _ZN7MPU605012getIntStatusEv
 .text._ZN7MPU605014setFIFOEnabledEb
                0x0000142c        0xe libs/MPU6050.o
                0x0000142c                _ZN7MPU605014setFIFOEnabledEb
 .text._ZN7MPU605023setI2CMasterModeEnabledEb
                0x0000143a        0xe libs/MPU6050.o
                0x0000143a                _ZN7MPU605023setI2CMasterModeEnabledEb
 .text._ZN7MPU60509resetFIFOEv
                0x00001448        0xe libs/MPU6050.o
                0x00001448                _ZN7MPU60509resetFIFOEv
 .text._ZN7MPU605014resetI2CMasterEv
                0x00001456        0xe libs/MPU6050.o
                0x00001456                _ZN7MPU605014resetI2CMasterEv
 .text._ZN7MPU60505resetEv
                0x00001464        0xe libs/MPU6050.o
                0x00001464                _ZN7MPU60505resetEv
 .text._ZN7MPU605015setSleepEnabledEb
                0x00001472        0xe libs/MPU6050.o
                0x00001472                _ZN7MPU605015setSleepEnabledEb
 .text._ZN7MPU605014setClockSourceEh
                0x00001480       0x16 libs/MPU6050.o
                0x00001480                _ZN7MPU605014setClockSourceEh
 .text._ZN7MPU605010initializeEv
                0x00001496       0x28 libs/MPU6050.o
                0x00001496                _ZN7MPU605010initializeEv
 .text._ZN7MPU605012getFIFOCountEv
                0x000014be       0x36 libs/MPU6050.o
                0x000014be                _ZN7MPU605012getFIFOCountEv
 .text._ZN7MPU605012getFIFOBytesEPhh
                0x000014f4       0x28 libs/MPU6050.o
                0x000014f4                _ZN7MPU605012getFIFOBytesEPhh
 .text._ZN7MPU605011getDeviceIDEv
                0x0000151c       0x38 libs/MPU6050.o
                0x0000151c                _ZN7MPU605011getDeviceIDEv
 .text._ZN7MPU605015getOTPBankValidEv
                0x00001554       0x2e libs/MPU6050.o
                0x00001554                _ZN7MPU605015getOTPBankValidEv
 .text._ZN7MPU605015setOTPBankValidEb
                0x00001582        0xe libs/MPU6050.o
                0x00001582                _ZN7MPU605015setOTPBankValidEb
 .text._ZN7MPU605015setZAccelOffsetEi
                0x00001590       0x2a libs/MPU6050.o
                0x00001590                _ZN7MPU605015setZAccelOffsetEi
 .text._ZN7MPU605014setXGyroOffsetEi
                0x000015ba        0xc libs/MPU6050.o
                0x000015ba                _ZN7MPU605014setXGyroOffsetEi
 .text._ZN7MPU605014setYGyroOffsetEi
                0x000015c6        0xc libs/MPU6050.o
                0x000015c6                _ZN7MPU605014setYGyroOffsetEi
 .text._ZN7MPU605014setZGyroOffsetEi
                0x000015d2        0xc libs/MPU6050.o
                0x000015d2                _ZN7MPU605014setZGyroOffsetEi
 .text._ZN7MPU605013setDMPEnabledEb
                0x000015de        0xe libs/MPU6050.o
                0x000015de                _ZN7MPU605013setDMPEnabledEb
 .text._ZN7MPU60508resetDMPEv
                0x000015ec        0xe libs/MPU6050.o
                0x000015ec                _ZN7MPU60508resetDMPEv
 .text._ZN7MPU605013setMemoryBankEhbb
                0x000015fa       0x16 libs/MPU6050.o
                0x000015fa                _ZN7MPU605013setMemoryBankEhbb
 .text._ZN7MPU605021setMemoryStartAddressEh
                0x00001610        0xc libs/MPU6050.o
                0x00001610                _ZN7MPU605021setMemoryStartAddressEh
 .text._ZN7MPU605014readMemoryByteEv
                0x0000161c       0x24 libs/MPU6050.o
                0x0000161c                _ZN7MPU605014readMemoryByteEv
 .text._ZN7MPU605016writeMemoryBlockEPKhjhhbb
                0x00001640      0x1d0 libs/MPU6050.o
                0x00001640                _ZN7MPU605016writeMemoryBlockEPKhjhhbb
 .text._ZN7MPU605020writeProgMemoryBlockEPKhjhhb
                0x00001810       0x16 libs/MPU6050.o
                0x00001810                _ZN7MPU605020writeProgMemoryBlockEPKhjhhb
 .text._ZN7MPU605013setDMPConfig1Eh
                0x00001826        0xc libs/MPU6050.o
                0x00001826                _ZN7MPU605013setDMPConfig1Eh
 .text._ZN7MPU605013setDMPConfig2Eh
                0x00001832        0xc libs/MPU6050.o
                0x00001832                _ZN7MPU605013setDMPConfig2Eh
 .text._ZN3PIDC2Edd
                0x0000183e       0x60 PID.o
                0x0000183e                _ZN3PIDC2Edd
                0x0000183e                _ZN3PIDC1Edd
 .text._ZN3PID5setKpEd
                0x0000189e        0xc PID.o
                0x0000189e                _ZN3PID5setKpEd
 .text._ZN3PID5setKiEd
                0x000018aa        0xc PID.o
                0x000018aa                _ZN3PID5setKiEd
 .text._ZN3PID5setKdEd
                0x000018b6        0xc PID.o
                0x000018b6                _ZN3PID5setKdEd
 .text._ZN3PID6setPosEd
                0x000018c2        0xc PID.o
                0x000018c2                _ZN3PID6setPosEd
 .text._ZN3PID7calcRegEd
                0x000018ce      0x13c PID.o
                0x000018ce                _ZN3PID7calcRegEd
 .text._Z12dmpDataReadyv
                0x00001a0a        0x8 Sketch.o
                0x00001a0a                _Z12dmpDataReadyv
 .text._ZN7MPU605013dmpInitializeEv
                0x00001a12      0x30c Sketch.o
                0x00001a12                _ZN7MPU605013dmpInitializeEv
 .text._ZN7MPU605016dmpGetQuaternionEPiPKh
                0x00001d1e       0x60 Sketch.o
                0x00001d1e                _ZN7MPU605016dmpGetQuaternionEPiPKh
 .text._ZN7MPU605016dmpGetQuaternionEP10QuaternionPKh
                0x00001d7e       0xde Sketch.o
                0x00001d7e                _ZN7MPU605016dmpGetQuaternionEP10QuaternionPKh
 .text._ZN7MPU605013dmpGetGravityEP11VectorFloatP10Quaternion
                0x00001e5c      0x18c Sketch.o
                0x00001e5c                _ZN7MPU605013dmpGetGravityEP11VectorFloatP10Quaternion
 .text._ZN7MPU605018dmpGetYawPitchRollEPfP10QuaternionP11VectorFloat
                0x00001fe8      0x1f8 Sketch.o
                0x00001fe8                _ZN7MPU605018dmpGetYawPitchRollEPfP10QuaternionP11VectorFloat
 .text._Z10updateDatav
                0x000021e0      0x17c Sketch.o
                0x000021e0                _Z10updateDatav
 .text.startup._GLOBAL__sub_I__ZN7MPU605013dmpInitializeEv
                0x0000235c       0x7c Sketch.o
 .text.exit._GLOBAL__sub_D__ZN7MPU605013dmpInitializeEv
                0x000023d8        0x8 Sketch.o
 .text.setup    0x000023e0      0x150 Sketch.o
                0x000023e0                setup
 .text.loop     0x00002530      0x17c Sketch.o
                0x00002530                loop
 .text.avr-libc.fplib
                0x000026ac        0xe c:/program files (x86)/atmel/studio/7.0/toolchain/avr8/avr8-gnu-toolchain/bin/../lib/gcc/avr/5.4.0/../../../../avr/lib/avr5\libm.a(addsf3.o)
                0x000026ac                __subsf3
                0x000026ae                __addsf3
 .text.avr-libc.fplib
                0x000026ba       0xcc c:/program files (x86)/atmel/studio/7.0/toolchain/avr8/avr8-gnu-toolchain/bin/../lib/gcc/avr/5.4.0/../../../../avr/lib/avr5\libm.a(addsf3x.o)
                0x000026dc                __addsf3x
 .text.avr-libc.fplib
                0x00002786       0x86 c:/program files (x86)/atmel/studio/7.0/toolchain/avr8/avr8-gnu-toolchain/bin/../lib/gcc/avr/5.4.0/../../../../avr/lib/avr5\libm.a(atan2.o)
                0x000027ac                atan2
 .text.avr-libc.fplib
                0x0000280c       0x5e c:/program files (x86)/atmel/studio/7.0/toolchain/avr8/avr8-gnu-toolchain/bin/../lib/gcc/avr/5.4.0/../../../../avr/lib/avr5\libm.a(atan.o)
                0x0000280c                atan
 .text.avr-libc.fplib
                0x0000286a        0xa c:/program files (x86)/atmel/studio/7.0/toolchain/avr8/avr8-gnu-toolchain/bin/../lib/gcc/avr/5.4.0/../../../../avr/lib/avr5\libm.a(cmpsf2.o)
                0x0000286a                __nesf2
                0x0000286a                __eqsf2
                0x0000286a                __cmpsf2
                0x0000286a                __ltsf2
                0x0000286a                __lesf2
 .text.avr-libc.fplib
                0x00002874        0x8 c:/program files (x86)/atmel/studio/7.0/toolchain/avr8/avr8-gnu-toolchain/bin/../lib/gcc/avr/5.4.0/../../../../avr/lib/avr5\libm.a(divsf3.o)
                0x00002874                __divsf3
 .text.avr-libc.fplib
                0x0000287c       0xdc c:/program files (x86)/atmel/studio/7.0/toolchain/avr8/avr8-gnu-toolchain/bin/../lib/gcc/avr/5.4.0/../../../../avr/lib/avr5\libm.a(divsf3x.o)
                0x0000289c                __divsf3x
                0x000028a2                __divsf3_pse
 .text.avr-libc.fplib
                0x00002958        0xe c:/program files (x86)/atmel/studio/7.0/toolchain/avr8/avr8-gnu-toolchain/bin/../lib/gcc/avr/5.4.0/../../../../avr/lib/avr5\libm.a(fixsfsi.o)
                0x00002958                __fixsfsi
 .text.avr-libc.fplib
                0x00002966       0x5e c:/program files (x86)/atmel/studio/7.0/toolchain/avr8/avr8-gnu-toolchain/bin/../lib/gcc/avr/5.4.0/../../../../avr/lib/avr5\libm.a(fixunssfsi.o)
                0x00002966                __fixunssfsi
 .text.avr-libc.fplib
                0x000029c4       0x7a c:/program files (x86)/atmel/studio/7.0/toolchain/avr8/avr8-gnu-toolchain/bin/../lib/gcc/avr/5.4.0/../../../../avr/lib/avr5\libm.a(floatsisf.o)
                0x000029c4                __floatunsisf
                0x000029c8                __floatsisf
 .text.avr-libc.fplib
                0x00002a3e       0x48 c:/program files (x86)/atmel/studio/7.0/toolchain/avr8/avr8-gnu-toolchain/bin/../lib/gcc/avr/5.4.0/../../../../avr/lib/avr5\libm.a(fp_cmp.o)
                0x00002a3e                __fp_cmp
 .text.avr-libc.fplib
                0x00002a86        0xc c:/program files (x86)/atmel/studio/7.0/toolchain/avr8/avr8-gnu-toolchain/bin/../lib/gcc/avr/5.4.0/../../../../avr/lib/avr5\libm.a(fp_inf.o)
                0x00002a86                __fp_inf
 .text.avr-libc.fplib
                0x00002a92        0x6 c:/program files (x86)/atmel/studio/7.0/toolchain/avr8/avr8-gnu-toolchain/bin/../lib/gcc/avr/5.4.0/../../../../avr/lib/avr5\libm.a(fp_nan.o)
                0x00002a92                __fp_nan
 .text.avr-libc.fplib
                0x00002a98       0x4e c:/program files (x86)/atmel/studio/7.0/toolchain/avr8/avr8-gnu-toolchain/bin/../lib/gcc/avr/5.4.0/../../../../avr/lib/avr5\libm.a(fp_powser.o)
                0x00002a98                __fp_powser
 .text.avr-libc.fplib
                0x00002ae6        0xe c:/program files (x86)/atmel/studio/7.0/toolchain/avr8/avr8-gnu-toolchain/bin/../lib/gcc/avr/5.4.0/../../../../avr/lib/avr5\libm.a(fp_pscA.o)
                0x00002ae6                __fp_pscA
 .text.avr-libc.fplib
                0x00002af4        0xe c:/program files (x86)/atmel/studio/7.0/toolchain/avr8/avr8-gnu-toolchain/bin/../lib/gcc/avr/5.4.0/../../../../avr/lib/avr5\libm.a(fp_pscB.o)
                0x00002af4                __fp_pscB
 .text.avr-libc.fplib
                0x00002b02       0x22 c:/program files (x86)/atmel/studio/7.0/toolchain/avr8/avr8-gnu-toolchain/bin/../lib/gcc/avr/5.4.0/../../../../avr/lib/avr5\libm.a(fp_round.o)
                0x00002b02                __fp_round
 .text.avr-libc.fplib
                0x00002b24       0x44 c:/program files (x86)/atmel/studio/7.0/toolchain/avr8/avr8-gnu-toolchain/bin/../lib/gcc/avr/5.4.0/../../../../avr/lib/avr5\libm.a(fp_split3.o)
                0x00002b24                __fp_split3
                0x00002b34                __fp_splitA
 .text.avr-libc.fplib
                0x00002b68        0xe c:/program files (x86)/atmel/studio/7.0/toolchain/avr8/avr8-gnu-toolchain/bin/../lib/gcc/avr/5.4.0/../../../../avr/lib/avr5\libm.a(fp_zero.o)
                0x00002b68                __fp_zero
                0x00002b6a                __fp_szero
 .text.avr-libc.fplib
                0x00002b76        0xa c:/program files (x86)/atmel/studio/7.0/toolchain/avr8/avr8-gnu-toolchain/bin/../lib/gcc/avr/5.4.0/../../../../avr/lib/avr5\libm.a(gesf2.o)
                0x00002b76                __gesf2
                0x00002b76                __gtsf2
 .text.avr-libc.fplib
                0x00002b80       0x10 c:/program files (x86)/atmel/studio/7.0/toolchain/avr8/avr8-gnu-toolchain/bin/../lib/gcc/avr/5.4.0/../../../../avr/lib/avr5\libm.a(inverse.o)
                0x00002b80                inverse
 .text.avr-libc.fplib
                0x00002b90        0x8 c:/program files (x86)/atmel/studio/7.0/toolchain/avr8/avr8-gnu-toolchain/bin/../lib/gcc/avr/5.4.0/../../../../avr/lib/avr5\libm.a(mulsf3.o)
                0x00002b90                __mulsf3
 .text.avr-libc.fplib
                0x00002b98       0xd2 c:/program files (x86)/atmel/studio/7.0/toolchain/avr8/avr8-gnu-toolchain/bin/../lib/gcc/avr/5.4.0/../../../../avr/lib/avr5\libm.a(mulsf3x.o)
                0x00002bb6                __mulsf3x
                0x00002bbc                __mulsf3_pse
 .text.avr-libc.fplib
                0x00002c6a       0x8c c:/program files (x86)/atmel/studio/7.0/toolchain/avr8/avr8-gnu-toolchain/bin/../lib/gcc/avr/5.4.0/../../../../avr/lib/avr5\libm.a(sqrt.o)
                0x00002c76                sqrtf
                0x00002c76                sqrt
 .text.avr-libc.fplib
                0x00002cf6        0x8 c:/program files (x86)/atmel/studio/7.0/toolchain/avr8/avr8-gnu-toolchain/bin/../lib/gcc/avr/5.4.0/../../../../avr/lib/avr5\libm.a(square.o)
                0x00002cf6                square
 .text.avr-libc.fplib
                0x00002cfe       0x1c c:/program files (x86)/atmel/studio/7.0/toolchain/avr8/avr8-gnu-toolchain/bin/../lib/gcc/avr/5.4.0/../../../../avr/lib/avr5\libm.a(fp_mpack.o)
                0x00002cfe                __fp_mpack
                0x00002d02                __fp_mpack_finite
 .text.avr-libc.fplib
                0x00002d1a        0xe c:/program files (x86)/atmel/studio/7.0/toolchain/avr8/avr8-gnu-toolchain/bin/../lib/gcc/avr/5.4.0/../../../../avr/lib/avr5\libm.a(fp_norm2.o)
                0x00002d1a                __fp_norm2
 .text._ZN14HardwareSerial9availableEv
                0x00002d28       0x18 C:\Users\Saas\Desktop\diploma\Code\Diploma\Diploma\ArduinoCore\Debug\libArduinoCore.a(HardwareSerial.o)
                0x00002d28                _ZN14HardwareSerial9availableEv
 .text._ZN14HardwareSerial4peekEv
                0x00002d40       0x1c C:\Users\Saas\Desktop\diploma\Code\Diploma\Diploma\ArduinoCore\Debug\libArduinoCore.a(HardwareSerial.o)
                0x00002d40                _ZN14HardwareSerial4peekEv
 .text._ZN14HardwareSerial4readEv
                0x00002d5c       0x28 C:\Users\Saas\Desktop\diploma\Code\Diploma\Diploma\ArduinoCore\Debug\libArduinoCore.a(HardwareSerial.o)
                0x00002d5c                _ZN14HardwareSerial4readEv
 .text._ZN14HardwareSerial17availableForWriteEv
                0x00002d84       0x1e C:\Users\Saas\Desktop\diploma\Code\Diploma\Diploma\ArduinoCore\Debug\libArduinoCore.a(HardwareSerial.o)
                0x00002d84                _ZN14HardwareSerial17availableForWriteEv
 .text._Z14serialEventRunv
                0x00002da2       0x1c C:\Users\Saas\Desktop\diploma\Code\Diploma\Diploma\ArduinoCore\Debug\libArduinoCore.a(HardwareSerial.o)
                0x00002da2                _Z14serialEventRunv
 .text._ZN14HardwareSerial17_tx_udr_empty_irqEv
                0x00002dbe       0x44 C:\Users\Saas\Desktop\diploma\Code\Diploma\Diploma\ArduinoCore\Debug\libArduinoCore.a(HardwareSerial.o)
                0x00002dbe                _ZN14HardwareSerial17_tx_udr_empty_irqEv
 .text._ZN14HardwareSerial5writeEh
                0x00002e02       0x9a C:\Users\Saas\Desktop\diploma\Code\Diploma\Diploma\ArduinoCore\Debug\libArduinoCore.a(HardwareSerial.o)
                0x00002e02                _ZN14HardwareSerial5writeEh
 .text._ZN14HardwareSerial5flushEv
                0x00002e9c       0x44 C:\Users\Saas\Desktop\diploma\Code\Diploma\Diploma\ArduinoCore\Debug\libArduinoCore.a(HardwareSerial.o)
                0x00002e9c                _ZN14HardwareSerial5flushEv
 .text._ZN14HardwareSerial5beginEmh
                0x00002ee0       0xca C:\Users\Saas\Desktop\diploma\Code\Diploma\Diploma\ArduinoCore\Debug\libArduinoCore.a(HardwareSerial.o)
                0x00002ee0                _ZN14HardwareSerial5beginEmh
 .text._ZN5Print17availableForWriteEv
                0x00002faa        0x6 C:\Users\Saas\Desktop\diploma\Code\Diploma\Diploma\ArduinoCore\Debug\libArduinoCore.a(HardwareSerial0.o)
                0x00002faa                _ZN5Print17availableForWriteEv
 .text.__vector_18
                0x00002fb0       0x64 C:\Users\Saas\Desktop\diploma\Code\Diploma\Diploma\ArduinoCore\Debug\libArduinoCore.a(HardwareSerial0.o)
                0x00002fb0                __vector_18
 .text.__vector_19
                0x00003014       0x4c C:\Users\Saas\Desktop\diploma\Code\Diploma\Diploma\ArduinoCore\Debug\libArduinoCore.a(HardwareSerial0.o)
                0x00003014                __vector_19
 .text._Z17Serial0_availablev
                0x00003060       0x14 C:\Users\Saas\Desktop\diploma\Code\Diploma\Diploma\ArduinoCore\Debug\libArduinoCore.a(HardwareSerial0.o)
                0x00003060                _Z17Serial0_availablev
 .text.startup._GLOBAL__sub_I___vector_18
                0x00003074       0x5a C:\Users\Saas\Desktop\diploma\Code\Diploma\Diploma\ArduinoCore\Debug\libArduinoCore.a(HardwareSerial0.o)
 .text.initVariant
                0x000030ce        0x2 C:\Users\Saas\Desktop\diploma\Code\Diploma\Diploma\ArduinoCore\Debug\libArduinoCore.a(main.o)
                0x000030ce                initVariant
 .text.startup.main
                0x000030d0       0x1e C:\Users\Saas\Desktop\diploma\Code\Diploma\Diploma\ArduinoCore\Debug\libArduinoCore.a(main.o)
                0x000030d0                main
 .text._Znwj    0x000030ee        0x4 C:\Users\Saas\Desktop\diploma\Code\Diploma\Diploma\ArduinoCore\Debug\libArduinoCore.a(new.o)
                0x000030ee                _Znwj
 .text._ZdlPv   0x000030f2        0x4 C:\Users\Saas\Desktop\diploma\Code\Diploma\Diploma\ArduinoCore\Debug\libArduinoCore.a(new.o)
                0x000030f2                _ZdlPv
 .text._ZN5Print5writeEPKhj
                0x000030f6       0x54 C:\Users\Saas\Desktop\diploma\Code\Diploma\Diploma\ArduinoCore\Debug\libArduinoCore.a(Print.o)
                0x000030f6                _ZN5Print5writeEPKhj
 .text._ZN5Print5writeEPKc
                0x0000314a       0x2a C:\Users\Saas\Desktop\diploma\Code\Diploma\Diploma\ArduinoCore\Debug\libArduinoCore.a(Print.o)
                0x0000314a                _ZN5Print5writeEPKc
 .text._ZN5Print5printEPK19__FlashStringHelper
                0x00003174       0x48 C:\Users\Saas\Desktop\diploma\Code\Diploma\Diploma\ArduinoCore\Debug\libArduinoCore.a(Print.o)
                0x00003174                _ZN5Print5printEPK19__FlashStringHelper
 .text._ZN5Print5printEc
                0x000031bc        0xe C:\Users\Saas\Desktop\diploma\Code\Diploma\Diploma\ArduinoCore\Debug\libArduinoCore.a(Print.o)
                0x000031bc                _ZN5Print5printEc
 .text._ZN5Print7printlnEv
                0x000031ca        0x8 C:\Users\Saas\Desktop\diploma\Code\Diploma\Diploma\ArduinoCore\Debug\libArduinoCore.a(Print.o)
                0x000031ca                _ZN5Print7printlnEv
 .text._ZN5Print7printlnEPK19__FlashStringHelper
                0x000031d2       0x24 C:\Users\Saas\Desktop\diploma\Code\Diploma\Diploma\ArduinoCore\Debug\libArduinoCore.a(Print.o)
                0x000031d2                _ZN5Print7printlnEPK19__FlashStringHelper
 .text._ZN5Print7printlnEPKc
                0x000031f6       0x24 C:\Users\Saas\Desktop\diploma\Code\Diploma\Diploma\ArduinoCore\Debug\libArduinoCore.a(Print.o)
                0x000031f6                _ZN5Print7printlnEPKc
 .text._ZN5Print11printNumberEmh
                0x0000321a       0x92 C:\Users\Saas\Desktop\diploma\Code\Diploma\Diploma\ArduinoCore\Debug\libArduinoCore.a(Print.o)
                0x0000321a                _ZN5Print11printNumberEmh
 .text._ZN5Print5printEmi
                0x000032ac       0x1a C:\Users\Saas\Desktop\diploma\Code\Diploma\Diploma\ArduinoCore\Debug\libArduinoCore.a(Print.o)
                0x000032ac                _ZN5Print5printEmi
 .text._ZN5Print5printEhi
                0x000032c6        0xe C:\Users\Saas\Desktop\diploma\Code\Diploma\Diploma\ArduinoCore\Debug\libArduinoCore.a(Print.o)
                0x000032c6                _ZN5Print5printEhi
 .text._ZN5Print7printlnEhi
                0x000032d4       0x24 C:\Users\Saas\Desktop\diploma\Code\Diploma\Diploma\ArduinoCore\Debug\libArduinoCore.a(Print.o)
                0x000032d4                _ZN5Print7printlnEhi
 .text._ZN5Print5printEji
                0x000032f8        0xc C:\Users\Saas\Desktop\diploma\Code\Diploma\Diploma\ArduinoCore\Debug\libArduinoCore.a(Print.o)
                0x000032f8                _ZN5Print5printEji
 .text._ZN5Print5printEli
                0x00003304       0x90 C:\Users\Saas\Desktop\diploma\Code\Diploma\Diploma\ArduinoCore\Debug\libArduinoCore.a(Print.o)
                0x00003304                _ZN5Print5printEli
 .text._ZN5Print5printEii
                0x00003394        0xe C:\Users\Saas\Desktop\diploma\Code\Diploma\Diploma\ArduinoCore\Debug\libArduinoCore.a(Print.o)
                0x00003394                _ZN5Print5printEii
 .text._ZN5Print10printFloatEdh
                0x000033a2      0x1b6 C:\Users\Saas\Desktop\diploma\Code\Diploma\Diploma\ArduinoCore\Debug\libArduinoCore.a(Print.o)
                0x000033a2                _ZN5Print10printFloatEdh
 .text._ZN5Print7printlnEdi
                0x00003558       0x24 C:\Users\Saas\Desktop\diploma\Code\Diploma\Diploma\ArduinoCore\Debug\libArduinoCore.a(Print.o)
                0x00003558                _ZN5Print7printlnEdi
 .text._ZN6Stream9timedReadEv
                0x0000357c       0x60 C:\Users\Saas\Desktop\diploma\Code\Diploma\Diploma\ArduinoCore\Debug\libArduinoCore.a(Stream.o)
                0x0000357c                _ZN6Stream9timedReadEv
 .text._ZN6Stream15readStringUntilEc
                0x000035dc       0x4c C:\Users\Saas\Desktop\diploma\Code\Diploma\Diploma\ArduinoCore\Debug\libArduinoCore.a(Stream.o)
                0x000035dc                _ZN6Stream15readStringUntilEc
 .text.nothing  0x00003628        0x2 C:\Users\Saas\Desktop\diploma\Code\Diploma\Diploma\ArduinoCore\Debug\libArduinoCore.a(WInterrupts.o)
 .text.attachInterrupt
                0x0000362a       0x40 C:\Users\Saas\Desktop\diploma\Code\Diploma\Diploma\ArduinoCore\Debug\libArduinoCore.a(WInterrupts.o)
                0x0000362a                attachInterrupt
 .text.__vector_1
                0x0000366a       0x4e C:\Users\Saas\Desktop\diploma\Code\Diploma\Diploma\ArduinoCore\Debug\libArduinoCore.a(WInterrupts.o)
                0x0000366a                __vector_1
 .text.__vector_2
                0x000036b8       0x4e C:\Users\Saas\Desktop\diploma\Code\Diploma\Diploma\ArduinoCore\Debug\libArduinoCore.a(WInterrupts.o)
                0x000036b8                __vector_2
 .text.__vector_16
                0x00003706       0x94 C:\Users\Saas\Desktop\diploma\Code\Diploma\Diploma\ArduinoCore\Debug\libArduinoCore.a(wiring.o)
                0x00003706                __vector_16
 .text.millis   0x0000379a       0x18 C:\Users\Saas\Desktop\diploma\Code\Diploma\Diploma\ArduinoCore\Debug\libArduinoCore.a(wiring.o)
                0x0000379a                millis
 .text.micros   0x000037b2       0x4a C:\Users\Saas\Desktop\diploma\Code\Diploma\Diploma\ArduinoCore\Debug\libArduinoCore.a(wiring.o)
                0x000037b2                micros
 .text.delay    0x000037fc       0x78 C:\Users\Saas\Desktop\diploma\Code\Diploma\Diploma\ArduinoCore\Debug\libArduinoCore.a(wiring.o)
                0x000037fc                delay
 .text.init     0x00003874       0x76 C:\Users\Saas\Desktop\diploma\Code\Diploma\Diploma\ArduinoCore\Debug\libArduinoCore.a(wiring.o)
                0x00003874                init
 .text.analogWrite
                0x000038ea       0xbe C:\Users\Saas\Desktop\diploma\Code\Diploma\Diploma\ArduinoCore\Debug\libArduinoCore.a(wiring_analog.o)
                0x000038ea                analogWrite
 .text.turnOffPWM
                0x000039a8       0x52 C:\Users\Saas\Desktop\diploma\Code\Diploma\Diploma\ArduinoCore\Debug\libArduinoCore.a(wiring_digital.o)
 .text.pinMode  0x000039fa       0x78 C:\Users\Saas\Desktop\diploma\Code\Diploma\Diploma\ArduinoCore\Debug\libArduinoCore.a(wiring_digital.o)
                0x000039fa                pinMode
 .text.digitalWrite
                0x00003a72       0x5e C:\Users\Saas\Desktop\diploma\Code\Diploma\Diploma\ArduinoCore\Debug\libArduinoCore.a(wiring_digital.o)
                0x00003a72                digitalWrite
 .text._ZN6StringD2Ev
                0x00003ad0       0x10 C:\Users\Saas\Desktop\diploma\Code\Diploma\Diploma\ArduinoCore\Debug\libArduinoCore.a(WString.o)
                0x00003ad0                _ZN6StringD2Ev
                0x00003ad0                _ZN6StringD1Ev
 .text._ZN6String10invalidateEv
                0x00003ae0       0x24 C:\Users\Saas\Desktop\diploma\Code\Diploma\Diploma\ArduinoCore\Debug\libArduinoCore.a(WString.o)
                0x00003ae0                _ZN6String10invalidateEv
 .text._ZN6String12changeBufferEj
                0x00003b04       0x34 C:\Users\Saas\Desktop\diploma\Code\Diploma\Diploma\ArduinoCore\Debug\libArduinoCore.a(WString.o)
                0x00003b04                _ZN6String12changeBufferEj
 .text._ZN6String7reserveEj
                0x00003b38       0x38 C:\Users\Saas\Desktop\diploma\Code\Diploma\Diploma\ArduinoCore\Debug\libArduinoCore.a(WString.o)
                0x00003b38                _ZN6String7reserveEj
 .text._ZN6String4copyEPKcj
                0x00003b70       0x42 C:\Users\Saas\Desktop\diploma\Code\Diploma\Diploma\ArduinoCore\Debug\libArduinoCore.a(WString.o)
                0x00003b70                _ZN6String4copyEPKcj
 .text._ZN6StringC2EPKc
                0x00003bb2       0x2a C:\Users\Saas\Desktop\diploma\Code\Diploma\Diploma\ArduinoCore\Debug\libArduinoCore.a(WString.o)
                0x00003bb2                _ZN6StringC2EPKc
                0x00003bb2                _ZN6StringC1EPKc
 .text._ZN6String6concatEPKcj
                0x00003bdc       0x5c C:\Users\Saas\Desktop\diploma\Code\Diploma\Diploma\ArduinoCore\Debug\libArduinoCore.a(WString.o)
                0x00003bdc                _ZN6String6concatEPKcj
 .text._ZN6String6concatEc
                0x00003c38       0x26 C:\Users\Saas\Desktop\diploma\Code\Diploma\Diploma\ArduinoCore\Debug\libArduinoCore.a(WString.o)
                0x00003c38                _ZN6String6concatEc
 .text._ZN6StringixEj
                0x00003c5e       0x24 C:\Users\Saas\Desktop\diploma\Code\Diploma\Diploma\ArduinoCore\Debug\libArduinoCore.a(WString.o)
                0x00003c5e                _ZN6StringixEj
 .text._ZN6String6removeEjj
                0x00003c82       0x66 C:\Users\Saas\Desktop\diploma\Code\Diploma\Diploma\ArduinoCore\Debug\libArduinoCore.a(WString.o)
                0x00003c82                _ZN6String6removeEjj
 .text._ZNK6String8toDoubleEv
                0x00003ce8       0x16 C:\Users\Saas\Desktop\diploma\Code\Diploma\Diploma\ArduinoCore\Debug\libArduinoCore.a(WString.o)
                0x00003ce8                _ZNK6String8toDoubleEv
 .text._ZN7TwoWire9availableEv
                0x00003cfe       0x10 C:\Users\Saas\Desktop\diploma\Code\Diploma\Diploma\ArduinoCore\Debug\libArduinoCore.a(Wire.o)
                0x00003cfe                _ZN7TwoWire9availableEv
 .text._ZN7TwoWire4readEv
                0x00003d0e       0x28 C:\Users\Saas\Desktop\diploma\Code\Diploma\Diploma\ArduinoCore\Debug\libArduinoCore.a(Wire.o)
                0x00003d0e                _ZN7TwoWire4readEv
 .text._ZN7TwoWire4peekEv
                0x00003d36       0x1e C:\Users\Saas\Desktop\diploma\Code\Diploma\Diploma\ArduinoCore\Debug\libArduinoCore.a(Wire.o)
                0x00003d36                _ZN7TwoWire4peekEv
 .text._ZN7TwoWire5flushEv
                0x00003d54        0x2 C:\Users\Saas\Desktop\diploma\Code\Diploma\Diploma\ArduinoCore\Debug\libArduinoCore.a(Wire.o)
                0x00003d54                _ZN7TwoWire5flushEv
 .text._ZN7TwoWire16onReceiveServiceEPhi
                0x00003d56       0x54 C:\Users\Saas\Desktop\diploma\Code\Diploma\Diploma\ArduinoCore\Debug\libArduinoCore.a(Wire.o)
                0x00003d56                _ZN7TwoWire16onReceiveServiceEPhi
 .text._ZN7TwoWire16onRequestServiceEv
                0x00003daa       0x18 C:\Users\Saas\Desktop\diploma\Code\Diploma\Diploma\ArduinoCore\Debug\libArduinoCore.a(Wire.o)
                0x00003daa                _ZN7TwoWire16onRequestServiceEv
 .text._ZN7TwoWire5writeEPKhj
                0x00003dc2       0x5a C:\Users\Saas\Desktop\diploma\Code\Diploma\Diploma\ArduinoCore\Debug\libArduinoCore.a(Wire.o)
                0x00003dc2                _ZN7TwoWire5writeEPKhj
 .text._ZN7TwoWire5writeEh
                0x00003e1c       0x5e C:\Users\Saas\Desktop\diploma\Code\Diploma\Diploma\ArduinoCore\Debug\libArduinoCore.a(Wire.o)
                0x00003e1c                _ZN7TwoWire5writeEh
 .text._ZN7TwoWireC2Ev
                0x00003e7a       0x20 C:\Users\Saas\Desktop\diploma\Code\Diploma\Diploma\ArduinoCore\Debug\libArduinoCore.a(Wire.o)
                0x00003e7a                _ZN7TwoWireC1Ev
                0x00003e7a                _ZN7TwoWireC2Ev
 .text._ZN7TwoWire5beginEv
                0x00003e9a       0x24 C:\Users\Saas\Desktop\diploma\Code\Diploma\Diploma\ArduinoCore\Debug\libArduinoCore.a(Wire.o)
                0x00003e9a                _ZN7TwoWire5beginEv
 .text._ZN7TwoWire17beginTransmissionEh
                0x00003ebe       0x14 C:\Users\Saas\Desktop\diploma\Code\Diploma\Diploma\ArduinoCore\Debug\libArduinoCore.a(Wire.o)
                0x00003ebe                _ZN7TwoWire17beginTransmissionEh
 .text._ZN7TwoWire15endTransmissionEh
                0x00003ed2       0x26 C:\Users\Saas\Desktop\diploma\Code\Diploma\Diploma\ArduinoCore\Debug\libArduinoCore.a(Wire.o)
                0x00003ed2                _ZN7TwoWire15endTransmissionEh
 .text._ZN7TwoWire11requestFromEhhmhh
                0x00003ef8       0xa8 C:\Users\Saas\Desktop\diploma\Code\Diploma\Diploma\ArduinoCore\Debug\libArduinoCore.a(Wire.o)
                0x00003ef8                _ZN7TwoWire11requestFromEhhmhh
 .text._ZN7TwoWire11requestFromEhhh
                0x00003fa0       0x20 C:\Users\Saas\Desktop\diploma\Code\Diploma\Diploma\ArduinoCore\Debug\libArduinoCore.a(Wire.o)
                0x00003fa0                _ZN7TwoWire11requestFromEhhh
 .text._ZN7TwoWire11requestFromEhh
                0x00003fc0        0x6 C:\Users\Saas\Desktop\diploma\Code\Diploma\Diploma\ArduinoCore\Debug\libArduinoCore.a(Wire.o)
                0x00003fc0                _ZN7TwoWire11requestFromEhh
 .text._ZN7TwoWire15endTransmissionEv
                0x00003fc6        0x6 C:\Users\Saas\Desktop\diploma\Code\Diploma\Diploma\ArduinoCore\Debug\libArduinoCore.a(Wire.o)
                0x00003fc6                _ZN7TwoWire15endTransmissionEv
 .text.startup._GLOBAL__sub_I__ZN7TwoWire8rxBufferE
                0x00003fcc        0x8 C:\Users\Saas\Desktop\diploma\Code\Diploma\Diploma\ArduinoCore\Debug\libArduinoCore.a(Wire.o)
 .text.__empty  0x00003fd4        0x2 C:\Users\Saas\Desktop\diploma\Code\Diploma\Diploma\ArduinoCore\Debug\libArduinoCore.a(hooks.o)
                0x00003fd4                yield
 .text.twi_init
                0x00003fd6       0x3c C:\Users\Saas\Desktop\diploma\Code\Diploma\Diploma\ArduinoCore\Debug\libArduinoCore.a(twi.o)
                0x00003fd6                twi_init
 .text.twi_disable
                0x00004012       0x1a C:\Users\Saas\Desktop\diploma\Code\Diploma\Diploma\ArduinoCore\Debug\libArduinoCore.a(twi.o)
                0x00004012                twi_disable
 .text.twi_transmit
                0x0000402c       0x50 C:\Users\Saas\Desktop\diploma\Code\Diploma\Diploma\ArduinoCore\Debug\libArduinoCore.a(twi.o)
                0x0000402c                twi_transmit
 .text.twi_attachSlaveRxEvent
                0x0000407c        0xa C:\Users\Saas\Desktop\diploma\Code\Diploma\Diploma\ArduinoCore\Debug\libArduinoCore.a(twi.o)
                0x0000407c                twi_attachSlaveRxEvent
 .text.twi_attachSlaveTxEvent
                0x00004086        0xa C:\Users\Saas\Desktop\diploma\Code\Diploma\Diploma\ArduinoCore\Debug\libArduinoCore.a(twi.o)
                0x00004086                twi_attachSlaveTxEvent
 .text.twi_releaseBus
                0x00004090        0xc C:\Users\Saas\Desktop\diploma\Code\Diploma\Diploma\ArduinoCore\Debug\libArduinoCore.a(twi.o)
                0x00004090                twi_releaseBus
 .text.twi_handleTimeout
                0x0000409c       0x2c C:\Users\Saas\Desktop\diploma\Code\Diploma\Diploma\ArduinoCore\Debug\libArduinoCore.a(twi.o)
                0x0000409c                twi_handleTimeout
 .text.twi_readFrom
                0x000040c8      0x1d2 C:\Users\Saas\Desktop\diploma\Code\Diploma\Diploma\ArduinoCore\Debug\libArduinoCore.a(twi.o)
                0x000040c8                twi_readFrom
 .text.twi_writeTo
                0x0000429a      0x1e0 C:\Users\Saas\Desktop\diploma\Code\Diploma\Diploma\ArduinoCore\Debug\libArduinoCore.a(twi.o)
                0x0000429a                twi_writeTo
 .text.twi_stop
                0x0000447a       0x70 C:\Users\Saas\Desktop\diploma\Code\Diploma\Diploma\ArduinoCore\Debug\libArduinoCore.a(twi.o)
                0x0000447a                twi_stop
 .text.__vector_24
                0x000044ea      0x25a C:\Users\Saas\Desktop\diploma\Code\Diploma\Diploma\ArduinoCore\Debug\libArduinoCore.a(twi.o)
                0x000044ea                __vector_24
 .text.avr-libc.fplib
                0x00004744        0xa c:/program files (x86)/atmel/studio/7.0/toolchain/avr8/avr8-gnu-toolchain/bin/../lib/gcc/avr/5.4.0/../../../../avr/lib/avr5\libm.a(unordsf2.o)
                0x00004744                __unordsf2
 .text.libgcc.div
                0x0000474e       0x44 c:/program files (x86)/atmel/studio/7.0/toolchain/avr8/avr8-gnu-toolchain/bin/../lib/gcc/avr/5.4.0/avr5\libgcc.a(_udivmodsi4.o)
                0x0000474e                __udivmodsi4
 .text.libgcc.mul
                0x00004792       0x1e c:/program files (x86)/atmel/studio/7.0/toolchain/avr8/avr8-gnu-toolchain/bin/../lib/gcc/avr/5.4.0/avr5\libgcc.a(_umulhisi3.o)
                0x00004792                __umulhisi3
 .text.libgcc.mul
                0x000047b0       0x16 c:/program files (x86)/atmel/studio/7.0/toolchain/avr8/avr8-gnu-toolchain/bin/../lib/gcc/avr/5.4.0/avr5\libgcc.a(_muluhisi3.o)
                0x000047b0                __muluhisi3
 .text.libgcc   0x000047c6        0xc c:/program files (x86)/atmel/studio/7.0/toolchain/avr8/avr8-gnu-toolchain/bin/../lib/gcc/avr/5.4.0/avr5\libgcc.a(_tablejump2.o)
                0x000047c6                __tablejump2__
 .text.avr-libc
                0x000047d2      0x242 c:/program files (x86)/atmel/studio/7.0/toolchain/avr8/avr8-gnu-toolchain/bin/../lib/gcc/avr/5.4.0/../../../../avr/lib/avr5\libc.a(malloc.o)
                0x000047d2                malloc
                0x00004902                free
 .text.avr-libc
                0x00004a14      0x18c c:/program files (x86)/atmel/studio/7.0/toolchain/avr8/avr8-gnu-toolchain/bin/../lib/gcc/avr/5.4.0/../../../../avr/lib/avr5\libc.a(realloc.o)
                0x00004a14                realloc
 .text.avr-libc
                0x00004ba0        0x8 c:/program files (x86)/atmel/studio/7.0/toolchain/avr8/avr8-gnu-toolchain/bin/../lib/gcc/avr/5.4.0/../../../../avr/lib/avr5\libc.a(atof.o)
                0x00004ba0                atof
 .text.avr-libc
                0x00004ba8       0x12 c:/program files (x86)/atmel/studio/7.0/toolchain/avr8/avr8-gnu-toolchain/bin/../lib/gcc/avr/5.4.0/../../../../avr/lib/avr5\libc.a(isspace.o)
                0x00004ba8                isspace
 .text.avr-libc
                0x00004bba       0x1a c:/program files (x86)/atmel/studio/7.0/toolchain/avr8/avr8-gnu-toolchain/bin/../lib/gcc/avr/5.4.0/../../../../avr/lib/avr5\libc.a(memcmp.o)
                0x00004bba                memcmp
 .text.avr-libc
                0x00004bd4       0x12 c:/program files (x86)/atmel/studio/7.0/toolchain/avr8/avr8-gnu-toolchain/bin/../lib/gcc/avr/5.4.0/../../../../avr/lib/avr5\libc.a(memcpy.o)
                0x00004bd4                memcpy
 .text.avr-libc
                0x00004be6        0xe c:/program files (x86)/atmel/studio/7.0/toolchain/avr8/avr8-gnu-toolchain/bin/../lib/gcc/avr/5.4.0/../../../../avr/lib/avr5\libc.a(strcpy.o)
                0x00004be6                strcpy
 .text.avr-libc
                0x00004bf4       0x1e c:/program files (x86)/atmel/studio/7.0/toolchain/avr8/avr8-gnu-toolchain/bin/../lib/gcc/avr/5.4.0/../../../../avr/lib/avr5\libc.a(strncpy.o)
                0x00004bf4                strncpy
 .text.avr-libc
                0x00004c12      0x29c c:/program files (x86)/atmel/studio/7.0/toolchain/avr8/avr8-gnu-toolchain/bin/../lib/gcc/avr/5.4.0/../../../../avr/lib/avr5\libc.a(strtod.o)
                0x00004c12                strtod
 .text.avr-libc
                0x00004eae        0x6 c:/program files (x86)/atmel/studio/7.0/toolchain/avr8/avr8-gnu-toolchain/bin/../lib/gcc/avr/5.4.0/../../../../avr/lib/avr5\libc.a(cty_isfalse.o)
                0x00004eae                __ctype_isfalse
                0x00004eb2                __ctype_istrue
 .text.avr-libc
                0x00004eb4       0x30 c:/program files (x86)/atmel/studio/7.0/toolchain/avr8/avr8-gnu-toolchain/bin/../lib/gcc/avr/5.4.0/../../../../avr/lib/avr5\libc.a(strncasecmp_P.o)
                0x00004eb4                strncasecmp_P
 .text.libgcc.prologue
                0x00004ee4       0x38 c:/program files (x86)/atmel/studio/7.0/toolchain/avr8/avr8-gnu-toolchain/bin/../lib/gcc/avr/5.4.0/avr5\libgcc.a(_prologue.o)
                0x00004ee4                __prologue_saves__
 .text.libgcc.prologue
                0x00004f1c       0x36 c:/program files (x86)/atmel/studio/7.0/toolchain/avr8/avr8-gnu-toolchain/bin/../lib/gcc/avr/5.4.0/avr5\libgcc.a(_epilogue.o)
                0x00004f1c                __epilogue_restores__
                0x00004f52                . = ALIGN (0x2)
 *(.fini9)
 .fini9         0x00004f52        0x0 c:/program files (x86)/atmel/studio/7.0/toolchain/avr8/avr8-gnu-toolchain/bin/../lib/gcc/avr/5.4.0/avr5\libgcc.a(_exit.o)
                0x00004f52                _exit
                0x00004f52                exit
 *(.fini9)
 *(.fini8)
 *(.fini8)
 *(.fini7)
 *(.fini7)
 *(.fini6)
 .fini6         0x00004f52       0x16 c:/program files (x86)/atmel/studio/7.0/toolchain/avr8/avr8-gnu-toolchain/bin/../lib/gcc/avr/5.4.0/avr5\libgcc.a(_dtors.o)
                0x00004f52                __do_global_dtors
 *(.fini6)
 *(.fini5)
 *(.fini5)
 *(.fini4)
 *(.fini4)
 *(.fini3)
 *(.fini3)
 *(.fini2)
 *(.fini2)
 *(.fini1)
 *(.fini1)
 *(.fini0)
 .fini0         0x00004f68        0x4 c:/program files (x86)/atmel/studio/7.0/toolchain/avr8/avr8-gnu-toolchain/bin/../lib/gcc/avr/5.4.0/avr5\libgcc.a(_exit.o)
 *(.fini0)
                0x00004f6c                _etext = .

.data           0x00800100       0x72 load address 0x00004f6c
                0x00800100                PROVIDE (__data_start, .)
 *(.data)
 .data          0x00800100        0x6 c:/program files (x86)/atmel/studio/7.0/toolchain/avr8/avr8-gnu-toolchain/bin/../lib/gcc/avr/5.4.0/../../../../avr/lib/avr5\libc.a(malloc.o)
                0x00800100                __malloc_heap_end
                0x00800102                __malloc_heap_start
                0x00800104                __malloc_margin
 *(.data*)
 .data._ZN6I2Cdev11readTimeoutE
                0x00800106        0x2 libs/I2Cdev.o
                0x00800106                _ZN6I2Cdev11readTimeoutE
 .data.intFunc  0x00800108        0x4 C:\Users\Saas\Desktop\diploma\Code\Diploma\Diploma\ArduinoCore\Debug\libArduinoCore.a(WInterrupts.o)
 *(.gnu.linkonce.d*)
 *(.rodata)
 *(.rodata*)
 .rodata.str1.1
                0x0080010c       0x33 Sketch.o
                                 0x34 (size before relaxing)
 .rodata._ZTV14HardwareSerial
                0x0080013f       0x12 C:\Users\Saas\Desktop\diploma\Code\Diploma\Diploma\ArduinoCore\Debug\libArduinoCore.a(HardwareSerial.o)
                0x0080013f                _ZTV14HardwareSerial
 .rodata.str1.1
                0x00800151        0xf C:\Users\Saas\Desktop\diploma\Code\Diploma\Diploma\ArduinoCore\Debug\libArduinoCore.a(Print.o)
 .rodata.str1.1
                0x00800160        0x1 C:\Users\Saas\Desktop\diploma\Code\Diploma\Diploma\ArduinoCore\Debug\libArduinoCore.a(Stream.o)
 .rodata._ZTV7TwoWire
                0x00800160       0x12 C:\Users\Saas\Desktop\diploma\Code\Diploma\Diploma\ArduinoCore\Debug\libArduinoCore.a(Wire.o)
                0x00800160                _ZTV7TwoWire
 *(.gnu.linkonce.r*)
                0x00800172                . = ALIGN (0x2)
                0x00800172                _edata = .
                0x00800172                PROVIDE (__data_end, .)

.bss            0x00800172      0x224
                0x00800172                PROVIDE (__bss_start, .)
 *(.bss)
 *(.bss*)
 .bss.mpuInterrupt
                0x00800172        0x1 Sketch.o
                0x00800172                mpuInterrupt
 .bss.tst       0x00800173        0x4 Sketch.o
                0x00800173                tst
 .bss.ypr       0x00800177        0xc Sketch.o
                0x00800177                ypr
 .bss.gravity   0x00800183        0xc Sketch.o
                0x00800183                gravity
 .bss.q         0x0080018f       0x10 Sketch.o
                0x0080018f                q
 .bss.fifoBuffer
                0x0080019f       0x40 Sketch.o
                0x0080019f                fifoBuffer
 .bss.fifoCount
                0x008001df        0x2 Sketch.o
                0x008001df                fifoCount
 .bss.packetSize
                0x008001e1        0x2 Sketch.o
                0x008001e1                packetSize
 .bss.devStatus
                0x008001e3        0x1 Sketch.o
                0x008001e3                devStatus
 .bss.mpuIntStatus
                0x008001e4        0x1 Sketch.o
                0x008001e4                mpuIntStatus
 .bss.dmpReady  0x008001e5        0x1 Sketch.o
                0x008001e5                dmpReady
 .bss.pid       0x008001e6       0x20 Sketch.o
                0x008001e6                pid
 .bss.gm        0x00800206        0x6 Sketch.o
                0x00800206                gm
 .bss.mpu       0x0080020c       0x13 Sketch.o
                0x0080020c                mpu
 .bss.Serial    0x0080021f       0x9d C:\Users\Saas\Desktop\diploma\Code\Diploma\Diploma\ArduinoCore\Debug\libArduinoCore.a(HardwareSerial0.o)
                0x0080021f                Serial
 .bss.timer0_fract
                0x008002bc        0x1 C:\Users\Saas\Desktop\diploma\Code\Diploma\Diploma\ArduinoCore\Debug\libArduinoCore.a(wiring.o)
 .bss.timer0_millis
                0x008002bd        0x4 C:\Users\Saas\Desktop\diploma\Code\Diploma\Diploma\ArduinoCore\Debug\libArduinoCore.a(wiring.o)
                0x008002bd                timer0_millis
 .bss.timer0_overflow_count
                0x008002c1        0x4 C:\Users\Saas\Desktop\diploma\Code\Diploma\Diploma\ArduinoCore\Debug\libArduinoCore.a(wiring.o)
                0x008002c1                timer0_overflow_count
 .bss._ZZN6StringixEjE19dummy_writable_char
                0x008002c5        0x1 C:\Users\Saas\Desktop\diploma\Code\Diploma\Diploma\ArduinoCore\Debug\libArduinoCore.a(WString.o)
 .bss.Wire      0x008002c6        0xc C:\Users\Saas\Desktop\diploma\Code\Diploma\Diploma\ArduinoCore\Debug\libArduinoCore.a(Wire.o)
                0x008002c6                Wire
 .bss._ZN7TwoWire14user_onReceiveE
                0x008002d2        0x2 C:\Users\Saas\Desktop\diploma\Code\Diploma\Diploma\ArduinoCore\Debug\libArduinoCore.a(Wire.o)
                0x008002d2                _ZN7TwoWire14user_onReceiveE
 .bss._ZN7TwoWire14user_onRequestE
                0x008002d4        0x2 C:\Users\Saas\Desktop\diploma\Code\Diploma\Diploma\ArduinoCore\Debug\libArduinoCore.a(Wire.o)
                0x008002d4                _ZN7TwoWire14user_onRequestE
 .bss._ZN7TwoWire12transmittingE
                0x008002d6        0x1 C:\Users\Saas\Desktop\diploma\Code\Diploma\Diploma\ArduinoCore\Debug\libArduinoCore.a(Wire.o)
                0x008002d6                _ZN7TwoWire12transmittingE
 .bss._ZN7TwoWire14txBufferLengthE
                0x008002d7        0x1 C:\Users\Saas\Desktop\diploma\Code\Diploma\Diploma\ArduinoCore\Debug\libArduinoCore.a(Wire.o)
                0x008002d7                _ZN7TwoWire14txBufferLengthE
 .bss._ZN7TwoWire13txBufferIndexE
                0x008002d8        0x1 C:\Users\Saas\Desktop\diploma\Code\Diploma\Diploma\ArduinoCore\Debug\libArduinoCore.a(Wire.o)
                0x008002d8                _ZN7TwoWire13txBufferIndexE
 .bss._ZN7TwoWire8txBufferE
                0x008002d9       0x20 C:\Users\Saas\Desktop\diploma\Code\Diploma\Diploma\ArduinoCore\Debug\libArduinoCore.a(Wire.o)
                0x008002d9                _ZN7TwoWire8txBufferE
 .bss._ZN7TwoWire9txAddressE
                0x008002f9        0x1 C:\Users\Saas\Desktop\diploma\Code\Diploma\Diploma\ArduinoCore\Debug\libArduinoCore.a(Wire.o)
                0x008002f9                _ZN7TwoWire9txAddressE
 .bss._ZN7TwoWire14rxBufferLengthE
                0x008002fa        0x1 C:\Users\Saas\Desktop\diploma\Code\Diploma\Diploma\ArduinoCore\Debug\libArduinoCore.a(Wire.o)
                0x008002fa                _ZN7TwoWire14rxBufferLengthE
 .bss._ZN7TwoWire13rxBufferIndexE
                0x008002fb        0x1 C:\Users\Saas\Desktop\diploma\Code\Diploma\Diploma\ArduinoCore\Debug\libArduinoCore.a(Wire.o)
                0x008002fb                _ZN7TwoWire13rxBufferIndexE
 .bss._ZN7TwoWire8rxBufferE
                0x008002fc       0x20 C:\Users\Saas\Desktop\diploma\Code\Diploma\Diploma\ArduinoCore\Debug\libArduinoCore.a(Wire.o)
                0x008002fc                _ZN7TwoWire8rxBufferE
 .bss.twi_error
                0x0080031c        0x1 C:\Users\Saas\Desktop\diploma\Code\Diploma\Diploma\ArduinoCore\Debug\libArduinoCore.a(twi.o)
 .bss.twi_rxBufferIndex
                0x0080031d        0x1 C:\Users\Saas\Desktop\diploma\Code\Diploma\Diploma\ArduinoCore\Debug\libArduinoCore.a(twi.o)
 .bss.twi_rxBuffer
                0x0080031e       0x20 C:\Users\Saas\Desktop\diploma\Code\Diploma\Diploma\ArduinoCore\Debug\libArduinoCore.a(twi.o)
 .bss.twi_txBufferLength
                0x0080033e        0x1 C:\Users\Saas\Desktop\diploma\Code\Diploma\Diploma\ArduinoCore\Debug\libArduinoCore.a(twi.o)
 .bss.twi_txBufferIndex
                0x0080033f        0x1 C:\Users\Saas\Desktop\diploma\Code\Diploma\Diploma\ArduinoCore\Debug\libArduinoCore.a(twi.o)
 .bss.twi_txBuffer
                0x00800340       0x20 C:\Users\Saas\Desktop\diploma\Code\Diploma\Diploma\ArduinoCore\Debug\libArduinoCore.a(twi.o)
 .bss.twi_masterBufferLength
                0x00800360        0x1 C:\Users\Saas\Desktop\diploma\Code\Diploma\Diploma\ArduinoCore\Debug\libArduinoCore.a(twi.o)
 .bss.twi_masterBufferIndex
                0x00800361        0x1 C:\Users\Saas\Desktop\diploma\Code\Diploma\Diploma\ArduinoCore\Debug\libArduinoCore.a(twi.o)
 .bss.twi_masterBuffer
                0x00800362       0x20 C:\Users\Saas\Desktop\diploma\Code\Diploma\Diploma\ArduinoCore\Debug\libArduinoCore.a(twi.o)
 .bss.twi_onSlaveReceive
                0x00800382        0x2 C:\Users\Saas\Desktop\diploma\Code\Diploma\Diploma\ArduinoCore\Debug\libArduinoCore.a(twi.o)
 .bss.twi_onSlaveTransmit
                0x00800384        0x2 C:\Users\Saas\Desktop\diploma\Code\Diploma\Diploma\ArduinoCore\Debug\libArduinoCore.a(twi.o)
 .bss.twi_do_reset_on_timeout
                0x00800386        0x1 C:\Users\Saas\Desktop\diploma\Code\Diploma\Diploma\ArduinoCore\Debug\libArduinoCore.a(twi.o)
 .bss.twi_timed_out_flag
                0x00800387        0x1 C:\Users\Saas\Desktop\diploma\Code\Diploma\Diploma\ArduinoCore\Debug\libArduinoCore.a(twi.o)
 .bss.twi_timeout_us
                0x00800388        0x4 C:\Users\Saas\Desktop\diploma\Code\Diploma\Diploma\ArduinoCore\Debug\libArduinoCore.a(twi.o)
 .bss.twi_inRepStart
                0x0080038c        0x1 C:\Users\Saas\Desktop\diploma\Code\Diploma\Diploma\ArduinoCore\Debug\libArduinoCore.a(twi.o)
 .bss.twi_sendStop
                0x0080038d        0x1 C:\Users\Saas\Desktop\diploma\Code\Diploma\Diploma\ArduinoCore\Debug\libArduinoCore.a(twi.o)
 .bss.twi_slarw
                0x0080038e        0x1 C:\Users\Saas\Desktop\diploma\Code\Diploma\Diploma\ArduinoCore\Debug\libArduinoCore.a(twi.o)
 .bss.twi_state
                0x0080038f        0x1 C:\Users\Saas\Desktop\diploma\Code\Diploma\Diploma\ArduinoCore\Debug\libArduinoCore.a(twi.o)
 *(COMMON)
 COMMON         0x00800390        0x4 c:/program files (x86)/atmel/studio/7.0/toolchain/avr8/avr8-gnu-toolchain/bin/../lib/gcc/avr/5.4.0/../../../../avr/lib/avr5\libc.a(malloc.o)
                0x00800390                __brkval
                0x00800392                __flp
 COMMON         0x00800394        0x2 c:/program files (x86)/atmel/studio/7.0/toolchain/avr8/avr8-gnu-toolchain/bin/../lib/gcc/avr/5.4.0/../../../../avr/lib/avr5\libc.a(errno.o)
                0x00800394                errno
                0x00800396                PROVIDE (__bss_end, .)
                0x00004f6c                __data_load_start = LOADADDR (.data)
                0x00004fde                __data_load_end = (__data_load_start + SIZEOF (.data))

.noinit         0x00800396        0x0
                [!provide]                PROVIDE (__noinit_start, .)
 *(.noinit*)
                [!provide]                PROVIDE (__noinit_end, .)
                0x00800396                _end = .
                0x00800396                PROVIDE (__heap_start, .)

.eeprom         0x00810000        0x0
 *(.eeprom*)
                0x00810000                __eeprom_end = .

.fuse
 *(.fuse)
 *(.lfuse)
 *(.hfuse)
 *(.efuse)

.lock
 *(.lock*)

.signature
 *(.signature*)

.user_signatures
 *(.user_signatures*)

.stab
 *(.stab)

.stabstr
 *(.stabstr)

.stab.excl
 *(.stab.excl)

.stab.exclstr
 *(.stab.exclstr)

.stab.index
 *(.stab.index)

.stab.indexstr
 *(.stab.indexstr)

.comment        0x00000000       0x5c
 *(.comment)
 .comment       0x00000000       0x30 GimbalMot.o
                                 0x31 (size before relaxing)
 .comment       0x00000030       0x31 libs/I2Cdev.o
 .comment       0x00000030       0x31 libs/MPU6050.o
 .comment       0x00000030       0x31 PID.o
 .comment       0x00000030       0x31 Sketch.o
 .comment       0x00000030       0x31 C:\Users\Saas\Desktop\diploma\Code\Diploma\Diploma\ArduinoCore\Debug\libArduinoCore.a(HardwareSerial.o)
 .comment       0x00000030       0x31 C:\Users\Saas\Desktop\diploma\Code\Diploma\Diploma\ArduinoCore\Debug\libArduinoCore.a(HardwareSerial0.o)
 .comment       0x00000030       0x31 C:\Users\Saas\Desktop\diploma\Code\Diploma\Diploma\ArduinoCore\Debug\libArduinoCore.a(main.o)
 .comment       0x00000030       0x31 C:\Users\Saas\Desktop\diploma\Code\Diploma\Diploma\ArduinoCore\Debug\libArduinoCore.a(new.o)
 .comment       0x00000030       0x31 C:\Users\Saas\Desktop\diploma\Code\Diploma\Diploma\ArduinoCore\Debug\libArduinoCore.a(Print.o)
 .comment       0x00000030       0x31 C:\Users\Saas\Desktop\diploma\Code\Diploma\Diploma\ArduinoCore\Debug\libArduinoCore.a(Stream.o)
 .comment       0x00000030       0x31 C:\Users\Saas\Desktop\diploma\Code\Diploma\Diploma\ArduinoCore\Debug\libArduinoCore.a(WInterrupts.o)
 .comment       0x00000030       0x31 C:\Users\Saas\Desktop\diploma\Code\Diploma\Diploma\ArduinoCore\Debug\libArduinoCore.a(wiring.o)
 .comment       0x00000030       0x31 C:\Users\Saas\Desktop\diploma\Code\Diploma\Diploma\ArduinoCore\Debug\libArduinoCore.a(wiring_analog.o)
 .comment       0x00000030       0x31 C:\Users\Saas\Desktop\diploma\Code\Diploma\Diploma\ArduinoCore\Debug\libArduinoCore.a(wiring_digital.o)
 .comment       0x00000030       0x31 C:\Users\Saas\Desktop\diploma\Code\Diploma\Diploma\ArduinoCore\Debug\libArduinoCore.a(WString.o)
 .comment       0x00000030       0x31 C:\Users\Saas\Desktop\diploma\Code\Diploma\Diploma\ArduinoCore\Debug\libArduinoCore.a(Wire.o)
 .comment       0x00000030       0x31 C:\Users\Saas\Desktop\diploma\Code\Diploma\Diploma\ArduinoCore\Debug\libArduinoCore.a(hooks.o)
 .comment       0x00000030       0x31 C:\Users\Saas\Desktop\diploma\Code\Diploma\Diploma\ArduinoCore\Debug\libArduinoCore.a(twi.o)
 .comment       0x00000030       0x31 c:/program files (x86)/atmel/studio/7.0/toolchain/avr8/avr8-gnu-toolchain/bin/../lib/gcc/avr/5.4.0/../../../../avr/lib/avr5\libc.a(malloc.o)
 .comment       0x00000030       0x31 c:/program files (x86)/atmel/studio/7.0/toolchain/avr8/avr8-gnu-toolchain/bin/../lib/gcc/avr/5.4.0/../../../../avr/lib/avr5\libc.a(realloc.o)
 .comment       0x00000030       0x31 c:/program files (x86)/atmel/studio/7.0/toolchain/avr8/avr8-gnu-toolchain/bin/../lib/gcc/avr/5.4.0/../../../../avr/lib/avr5\libc.a(strtod.o)
 .comment       0x00000030       0x2c c:/program files (x86)/atmel/studio/7.0/toolchain/avr8/avr8-gnu-toolchain/bin/../lib/gcc/avr/5.4.0/../../../../avr/lib/avr5\libc.a(errno.o)
                                 0x2d (size before relaxing)

.note.gnu.avr.deviceinfo
                0x00000000       0x40
 .note.gnu.avr.deviceinfo
                0x00000000       0x40 C:/Program Files (x86)/Atmel/Studio/7.0/Packs/atmel/ATmega_DFP/1.6.364/gcc/dev/atmega328p/avr5/crtatmega328p.o

.note.gnu.build-id
 *(.note.gnu.build-id)

.debug
 *(.debug)

.line
 *(.line)

.debug_srcinfo
 *(.debug_srcinfo)

.debug_sfnames
 *(.debug_sfnames)

.debug_aranges  0x00000000     0x1308
 *(.debug_aranges)
 .debug_aranges
                0x00000000       0x60 GimbalMot.o
 .debug_aranges
                0x00000060       0xa0 libs/I2Cdev.o
 .debug_aranges
                0x00000100      0x898 libs/MPU6050.o
 .debug_aranges
                0x00000998       0x50 PID.o
 .debug_aranges
                0x000009e8      0x108 Sketch.o
 .debug_aranges
                0x00000af0       0x68 C:\Users\Saas\Desktop\diploma\Code\Diploma\Diploma\ArduinoCore\Debug\libArduinoCore.a(HardwareSerial.o)
 .debug_aranges
                0x00000b58       0x48 C:\Users\Saas\Desktop\diploma\Code\Diploma\Diploma\ArduinoCore\Debug\libArduinoCore.a(HardwareSerial0.o)
 .debug_aranges
                0x00000ba0       0x30 C:\Users\Saas\Desktop\diploma\Code\Diploma\Diploma\ArduinoCore\Debug\libArduinoCore.a(main.o)
 .debug_aranges
                0x00000bd0       0x30 C:\Users\Saas\Desktop\diploma\Code\Diploma\Diploma\ArduinoCore\Debug\libArduinoCore.a(new.o)
 .debug_aranges
                0x00000c00      0x100 C:\Users\Saas\Desktop\diploma\Code\Diploma\Diploma\ArduinoCore\Debug\libArduinoCore.a(Print.o)
 .debug_aranges
                0x00000d00       0x98 C:\Users\Saas\Desktop\diploma\Code\Diploma\Diploma\ArduinoCore\Debug\libArduinoCore.a(Stream.o)
 .debug_aranges
                0x00000d98       0x40 C:\Users\Saas\Desktop\diploma\Code\Diploma\Diploma\ArduinoCore\Debug\libArduinoCore.a(WInterrupts.o)
 .debug_aranges
                0x00000dd8       0x48 C:\Users\Saas\Desktop\diploma\Code\Diploma\Diploma\ArduinoCore\Debug\libArduinoCore.a(wiring.o)
 .debug_aranges
                0x00000e20       0x30 C:\Users\Saas\Desktop\diploma\Code\Diploma\Diploma\ArduinoCore\Debug\libArduinoCore.a(wiring_analog.o)
 .debug_aranges
                0x00000e50       0x38 C:\Users\Saas\Desktop\diploma\Code\Diploma\Diploma\ArduinoCore\Debug\libArduinoCore.a(wiring_digital.o)
 .debug_aranges
                0x00000e88      0x2b8 C:\Users\Saas\Desktop\diploma\Code\Diploma\Diploma\ArduinoCore\Debug\libArduinoCore.a(WString.o)
 .debug_aranges
                0x00001140      0x110 C:\Users\Saas\Desktop\diploma\Code\Diploma\Diploma\ArduinoCore\Debug\libArduinoCore.a(Wire.o)
 .debug_aranges
                0x00001250       0x20 C:\Users\Saas\Desktop\diploma\Code\Diploma\Diploma\ArduinoCore\Debug\libArduinoCore.a(hooks.o)
 .debug_aranges
                0x00001270       0x98 C:\Users\Saas\Desktop\diploma\Code\Diploma\Diploma\ArduinoCore\Debug\libArduinoCore.a(twi.o)

.debug_pubnames
 *(.debug_pubnames)

.debug_info     0x00000000    0x23f72
 *(.debug_info .gnu.linkonce.wi.*)
 .debug_info    0x00000000      0x5f4 C:/Program Files (x86)/Atmel/Studio/7.0/Packs/atmel/ATmega_DFP/1.6.364/gcc/dev/atmega328p/avr5/crtatmega328p.o
 .debug_info    0x000005f4      0x82e GimbalMot.o
 .debug_info    0x00000e22     0x1199 libs/I2Cdev.o
 .debug_info    0x00001fbb     0x9a5a libs/MPU6050.o
 .debug_info    0x0000ba15      0x59a PID.o
 .debug_info    0x0000bfaf     0x74a9 Sketch.o
 .debug_info    0x00013458     0x1f64 C:\Users\Saas\Desktop\diploma\Code\Diploma\Diploma\ArduinoCore\Debug\libArduinoCore.a(HardwareSerial.o)
 .debug_info    0x000153bc     0x1b16 C:\Users\Saas\Desktop\diploma\Code\Diploma\Diploma\ArduinoCore\Debug\libArduinoCore.a(HardwareSerial0.o)
 .debug_info    0x00016ed2      0x237 C:\Users\Saas\Desktop\diploma\Code\Diploma\Diploma\ArduinoCore\Debug\libArduinoCore.a(main.o)
 .debug_info    0x00017109      0x15f C:\Users\Saas\Desktop\diploma\Code\Diploma\Diploma\ArduinoCore\Debug\libArduinoCore.a(new.o)
 .debug_info    0x00017268     0x28ff C:\Users\Saas\Desktop\diploma\Code\Diploma\Diploma\ArduinoCore\Debug\libArduinoCore.a(Print.o)
 .debug_info    0x00019b67     0x2157 C:\Users\Saas\Desktop\diploma\Code\Diploma\Diploma\ArduinoCore\Debug\libArduinoCore.a(Stream.o)
 .debug_info    0x0001bcbe      0x21c C:\Users\Saas\Desktop\diploma\Code\Diploma\Diploma\ArduinoCore\Debug\libArduinoCore.a(WInterrupts.o)
 .debug_info    0x0001beda      0x2cb C:\Users\Saas\Desktop\diploma\Code\Diploma\Diploma\ArduinoCore\Debug\libArduinoCore.a(wiring.o)
 .debug_info    0x0001c1a5      0x26d C:\Users\Saas\Desktop\diploma\Code\Diploma\Diploma\ArduinoCore\Debug\libArduinoCore.a(wiring_analog.o)
 .debug_info    0x0001c412      0x5fe C:\Users\Saas\Desktop\diploma\Code\Diploma\Diploma\ArduinoCore\Debug\libArduinoCore.a(wiring_digital.o)
 .debug_info    0x0001ca10     0x4338 C:\Users\Saas\Desktop\diploma\Code\Diploma\Diploma\ArduinoCore\Debug\libArduinoCore.a(WString.o)
 .debug_info    0x00020d48     0x2910 C:\Users\Saas\Desktop\diploma\Code\Diploma\Diploma\ArduinoCore\Debug\libArduinoCore.a(Wire.o)
 .debug_info    0x00023658       0x3e C:\Users\Saas\Desktop\diploma\Code\Diploma\Diploma\ArduinoCore\Debug\libArduinoCore.a(hooks.o)
 .debug_info    0x00023696      0x8dc C:\Users\Saas\Desktop\diploma\Code\Diploma\Diploma\ArduinoCore\Debug\libArduinoCore.a(twi.o)

.debug_abbrev   0x00000000     0x3e36
 *(.debug_abbrev)
 .debug_abbrev  0x00000000      0x5a2 C:/Program Files (x86)/Atmel/Studio/7.0/Packs/atmel/ATmega_DFP/1.6.364/gcc/dev/atmega328p/avr5/crtatmega328p.o
 .debug_abbrev  0x000005a2      0x24a GimbalMot.o
 .debug_abbrev  0x000007ec      0x2bf libs/I2Cdev.o
 .debug_abbrev  0x00000aab      0x435 libs/MPU6050.o
 .debug_abbrev  0x00000ee0      0x243 PID.o
 .debug_abbrev  0x00001123      0x71d Sketch.o
 .debug_abbrev  0x00001840      0x4b7 C:\Users\Saas\Desktop\diploma\Code\Diploma\Diploma\ArduinoCore\Debug\libArduinoCore.a(HardwareSerial.o)
 .debug_abbrev  0x00001cf7      0x3ce C:\Users\Saas\Desktop\diploma\Code\Diploma\Diploma\ArduinoCore\Debug\libArduinoCore.a(HardwareSerial0.o)
 .debug_abbrev  0x000020c5      0x12d C:\Users\Saas\Desktop\diploma\Code\Diploma\Diploma\ArduinoCore\Debug\libArduinoCore.a(main.o)
 .debug_abbrev  0x000021f2      0x109 C:\Users\Saas\Desktop\diploma\Code\Diploma\Diploma\ArduinoCore\Debug\libArduinoCore.a(new.o)
 .debug_abbrev  0x000022fb      0x47a C:\Users\Saas\Desktop\diploma\Code\Diploma\Diploma\ArduinoCore\Debug\libArduinoCore.a(Print.o)
 .debug_abbrev  0x00002775      0x478 C:\Users\Saas\Desktop\diploma\Code\Diploma\Diploma\ArduinoCore\Debug\libArduinoCore.a(Stream.o)
 .debug_abbrev  0x00002bed       0xfc C:\Users\Saas\Desktop\diploma\Code\Diploma\Diploma\ArduinoCore\Debug\libArduinoCore.a(WInterrupts.o)
 .debug_abbrev  0x00002ce9      0x146 C:\Users\Saas\Desktop\diploma\Code\Diploma\Diploma\ArduinoCore\Debug\libArduinoCore.a(wiring.o)
 .debug_abbrev  0x00002e2f      0x16b C:\Users\Saas\Desktop\diploma\Code\Diploma\Diploma\ArduinoCore\Debug\libArduinoCore.a(wiring_analog.o)
 .debug_abbrev  0x00002f9a      0x15b C:\Users\Saas\Desktop\diploma\Code\Diploma\Diploma\ArduinoCore\Debug\libArduinoCore.a(wiring_digital.o)
 .debug_abbrev  0x000030f5      0x4c2 C:\Users\Saas\Desktop\diploma\Code\Diploma\Diploma\ArduinoCore\Debug\libArduinoCore.a(WString.o)
 .debug_abbrev  0x000035b7      0x563 C:\Users\Saas\Desktop\diploma\Code\Diploma\Diploma\ArduinoCore\Debug\libArduinoCore.a(Wire.o)
 .debug_abbrev  0x00003b1a       0x2a C:\Users\Saas\Desktop\diploma\Code\Diploma\Diploma\ArduinoCore\Debug\libArduinoCore.a(hooks.o)
 .debug_abbrev  0x00003b44      0x2f2 C:\Users\Saas\Desktop\diploma\Code\Diploma\Diploma\ArduinoCore\Debug\libArduinoCore.a(twi.o)

.debug_line     0x00000000     0x8204
 *(.debug_line .debug_line.* .debug_line_end)
 .debug_line    0x00000000      0x134 C:/Program Files (x86)/Atmel/Studio/7.0/Packs/atmel/ATmega_DFP/1.6.364/gcc/dev/atmega328p/avr5/crtatmega328p.o
 .debug_line    0x00000134      0x333 GimbalMot.o
 .debug_line    0x00000467      0x639 libs/I2Cdev.o
 .debug_line    0x00000aa0     0x2870 libs/MPU6050.o
 .debug_line    0x00003310      0x228 PID.o
 .debug_line    0x00003538      0xc45 Sketch.o
 .debug_line    0x0000417d      0x4d9 C:\Users\Saas\Desktop\diploma\Code\Diploma\Diploma\ArduinoCore\Debug\libArduinoCore.a(HardwareSerial.o)
 .debug_line    0x00004656      0x2a1 C:\Users\Saas\Desktop\diploma\Code\Diploma\Diploma\ArduinoCore\Debug\libArduinoCore.a(HardwareSerial0.o)
 .debug_line    0x000048f7      0x17a C:\Users\Saas\Desktop\diploma\Code\Diploma\Diploma\ArduinoCore\Debug\libArduinoCore.a(main.o)
 .debug_line    0x00004a71      0x145 C:\Users\Saas\Desktop\diploma\Code\Diploma\Diploma\ArduinoCore\Debug\libArduinoCore.a(new.o)
 .debug_line    0x00004bb6      0x69a C:\Users\Saas\Desktop\diploma\Code\Diploma\Diploma\ArduinoCore\Debug\libArduinoCore.a(Print.o)
 .debug_line    0x00005250      0x60c C:\Users\Saas\Desktop\diploma\Code\Diploma\Diploma\ArduinoCore\Debug\libArduinoCore.a(Stream.o)
 .debug_line    0x0000585c      0x1b7 C:\Users\Saas\Desktop\diploma\Code\Diploma\Diploma\ArduinoCore\Debug\libArduinoCore.a(WInterrupts.o)
 .debug_line    0x00005a13      0x2ae C:\Users\Saas\Desktop\diploma\Code\Diploma\Diploma\ArduinoCore\Debug\libArduinoCore.a(wiring.o)
 .debug_line    0x00005cc1      0x224 C:\Users\Saas\Desktop\diploma\Code\Diploma\Diploma\ArduinoCore\Debug\libArduinoCore.a(wiring_analog.o)
 .debug_line    0x00005ee5      0x267 C:\Users\Saas\Desktop\diploma\Code\Diploma\Diploma\ArduinoCore\Debug\libArduinoCore.a(wiring_digital.o)
 .debug_line    0x0000614c     0x1360 C:\Users\Saas\Desktop\diploma\Code\Diploma\Diploma\ArduinoCore\Debug\libArduinoCore.a(WString.o)
 .debug_line    0x000074ac      0x643 C:\Users\Saas\Desktop\diploma\Code\Diploma\Diploma\ArduinoCore\Debug\libArduinoCore.a(Wire.o)
 .debug_line    0x00007aef       0x41 C:\Users\Saas\Desktop\diploma\Code\Diploma\Diploma\ArduinoCore\Debug\libArduinoCore.a(hooks.o)
 .debug_line    0x00007b30      0x6d4 C:\Users\Saas\Desktop\diploma\Code\Diploma\Diploma\ArduinoCore\Debug\libArduinoCore.a(twi.o)

.debug_frame    0x00000000     0x4754
 *(.debug_frame)
 .debug_frame   0x00000000      0x104 GimbalMot.o
 .debug_frame   0x00000104      0x3b8 libs/I2Cdev.o
 .debug_frame   0x000004bc     0x20c8 libs/MPU6050.o
 .debug_frame   0x00002584      0x108 PID.o
 .debug_frame   0x0000268c      0x5cc Sketch.o
 .debug_frame   0x00002c58      0x110 C:\Users\Saas\Desktop\diploma\Code\Diploma\Diploma\ArduinoCore\Debug\libArduinoCore.a(HardwareSerial.o)
 .debug_frame   0x00002d68       0xe0 C:\Users\Saas\Desktop\diploma\Code\Diploma\Diploma\ArduinoCore\Debug\libArduinoCore.a(HardwareSerial0.o)
 .debug_frame   0x00002e48       0x54 C:\Users\Saas\Desktop\diploma\Code\Diploma\Diploma\ArduinoCore\Debug\libArduinoCore.a(main.o)
 .debug_frame   0x00002e9c       0x64 C:\Users\Saas\Desktop\diploma\Code\Diploma\Diploma\ArduinoCore\Debug\libArduinoCore.a(new.o)
 .debug_frame   0x00002f00      0x3ac C:\Users\Saas\Desktop\diploma\Code\Diploma\Diploma\ArduinoCore\Debug\libArduinoCore.a(Print.o)
 .debug_frame   0x000032ac      0x2e4 C:\Users\Saas\Desktop\diploma\Code\Diploma\Diploma\ArduinoCore\Debug\libArduinoCore.a(Stream.o)
 .debug_frame   0x00003590       0xf4 C:\Users\Saas\Desktop\diploma\Code\Diploma\Diploma\ArduinoCore\Debug\libArduinoCore.a(WInterrupts.o)
 .debug_frame   0x00003684       0xc4 C:\Users\Saas\Desktop\diploma\Code\Diploma\Diploma\ArduinoCore\Debug\libArduinoCore.a(wiring.o)
 .debug_frame   0x00003748       0x54 C:\Users\Saas\Desktop\diploma\Code\Diploma\Diploma\ArduinoCore\Debug\libArduinoCore.a(wiring_analog.o)
 .debug_frame   0x0000379c       0x7c C:\Users\Saas\Desktop\diploma\Code\Diploma\Diploma\ArduinoCore\Debug\libArduinoCore.a(wiring_digital.o)
 .debug_frame   0x00003818      0xa60 C:\Users\Saas\Desktop\diploma\Code\Diploma\Diploma\ArduinoCore\Debug\libArduinoCore.a(WString.o)
 .debug_frame   0x00004278      0x2b0 C:\Users\Saas\Desktop\diploma\Code\Diploma\Diploma\ArduinoCore\Debug\libArduinoCore.a(Wire.o)
 .debug_frame   0x00004528       0x24 C:\Users\Saas\Desktop\diploma\Code\Diploma\Diploma\ArduinoCore\Debug\libArduinoCore.a(hooks.o)
 .debug_frame   0x0000454c      0x208 C:\Users\Saas\Desktop\diploma\Code\Diploma\Diploma\ArduinoCore\Debug\libArduinoCore.a(twi.o)

.debug_str      0x00000000     0x85fa
 *(.debug_str)
 .debug_str     0x00000000      0x208 C:/Program Files (x86)/Atmel/Studio/7.0/Packs/atmel/ATmega_DFP/1.6.364/gcc/dev/atmega328p/avr5/crtatmega328p.o
 .debug_str     0x00000208      0x397 GimbalMot.o
                                0x3eb (size before relaxing)
 .debug_str     0x0000059f      0x3e4 libs/I2Cdev.o
                                0x65d (size before relaxing)
 .debug_str     0x00000983     0x3c75 libs/MPU6050.o
                               0x41cb (size before relaxing)
 .debug_str     0x000045f8       0xf3 PID.o
                                0x347 (size before relaxing)
 .debug_str     0x000046eb     0x2838 Sketch.o
                               0x67e9 (size before relaxing)
 .debug_str     0x00006f23      0x3c5 C:\Users\Saas\Desktop\diploma\Code\Diploma\Diploma\ArduinoCore\Debug\libArduinoCore.a(HardwareSerial.o)
                               0x1605 (size before relaxing)
 .debug_str     0x000072e8       0x86 C:\Users\Saas\Desktop\diploma\Code\Diploma\Diploma\ArduinoCore\Debug\libArduinoCore.a(HardwareSerial0.o)
                               0x13f8 (size before relaxing)
 .debug_str     0x0000736e       0x37 C:\Users\Saas\Desktop\diploma\Code\Diploma\Diploma\ArduinoCore\Debug\libArduinoCore.a(main.o)
                                0x2a4 (size before relaxing)
 .debug_str     0x000073a5       0x4c C:\Users\Saas\Desktop\diploma\Code\Diploma\Diploma\ArduinoCore\Debug\libArduinoCore.a(new.o)
                                0x1cf (size before relaxing)
 .debug_str     0x000073f1      0x300 C:\Users\Saas\Desktop\diploma\Code\Diploma\Diploma\ArduinoCore\Debug\libArduinoCore.a(Print.o)
                               0x1232 (size before relaxing)
 .debug_str     0x000076f1       0x9d C:\Users\Saas\Desktop\diploma\Code\Diploma\Diploma\ArduinoCore\Debug\libArduinoCore.a(Stream.o)
                               0x1256 (size before relaxing)
 .debug_str     0x0000778e      0x146 C:\Users\Saas\Desktop\diploma\Code\Diploma\Diploma\ArduinoCore\Debug\libArduinoCore.a(WInterrupts.o)
                                0x227 (size before relaxing)
 .debug_str     0x000078d4       0x66 C:\Users\Saas\Desktop\diploma\Code\Diploma\Diploma\ArduinoCore\Debug\libArduinoCore.a(wiring.o)
                                0x23a (size before relaxing)
 .debug_str     0x0000793a       0x73 C:\Users\Saas\Desktop\diploma\Code\Diploma\Diploma\ArduinoCore\Debug\libArduinoCore.a(wiring_analog.o)
                                0x23e (size before relaxing)
 .debug_str     0x000079ad       0xa3 C:\Users\Saas\Desktop\diploma\Code\Diploma\Diploma\ArduinoCore\Debug\libArduinoCore.a(wiring_digital.o)
                                0x29f (size before relaxing)
 .debug_str     0x00007a50      0x3c1 C:\Users\Saas\Desktop\diploma\Code\Diploma\Diploma\ArduinoCore\Debug\libArduinoCore.a(WString.o)
                               0x1185 (size before relaxing)
 .debug_str     0x00007e11      0x5b4 C:\Users\Saas\Desktop\diploma\Code\Diploma\Diploma\ArduinoCore\Debug\libArduinoCore.a(Wire.o)
                               0x1999 (size before relaxing)
 .debug_str     0x000083c5       0x1c C:\Users\Saas\Desktop\diploma\Code\Diploma\Diploma\ArduinoCore\Debug\libArduinoCore.a(hooks.o)
                                0x12f (size before relaxing)
 .debug_str     0x000083e1      0x219 C:\Users\Saas\Desktop\diploma\Code\Diploma\Diploma\ArduinoCore\Debug\libArduinoCore.a(twi.o)
                                0x4ed (size before relaxing)

.debug_loc      0x00000000    0x1743a
 *(.debug_loc)
 .debug_loc     0x00000000      0x51f GimbalMot.o
 .debug_loc     0x0000051f     0x1636 libs/I2Cdev.o
 .debug_loc     0x00001b55     0x9e3f libs/MPU6050.o
 .debug_loc     0x0000b994      0x402 PID.o
 .debug_loc     0x0000bd96     0x1bb1 Sketch.o
 .debug_loc     0x0000d947      0x4dc C:\Users\Saas\Desktop\diploma\Code\Diploma\Diploma\ArduinoCore\Debug\libArduinoCore.a(HardwareSerial.o)
 .debug_loc     0x0000de23      0x1b0 C:\Users\Saas\Desktop\diploma\Code\Diploma\Diploma\ArduinoCore\Debug\libArduinoCore.a(HardwareSerial0.o)
 .debug_loc     0x0000dfd3       0x72 C:\Users\Saas\Desktop\diploma\Code\Diploma\Diploma\ArduinoCore\Debug\libArduinoCore.a(new.o)
 .debug_loc     0x0000e045     0x1c87 C:\Users\Saas\Desktop\diploma\Code\Diploma\Diploma\ArduinoCore\Debug\libArduinoCore.a(Print.o)
 .debug_loc     0x0000fccc     0x143b C:\Users\Saas\Desktop\diploma\Code\Diploma\Diploma\ArduinoCore\Debug\libArduinoCore.a(Stream.o)
 .debug_loc     0x00011107      0x235 C:\Users\Saas\Desktop\diploma\Code\Diploma\Diploma\ArduinoCore\Debug\libArduinoCore.a(WInterrupts.o)
 .debug_loc     0x0001133c      0x28d C:\Users\Saas\Desktop\diploma\Code\Diploma\Diploma\ArduinoCore\Debug\libArduinoCore.a(wiring.o)
 .debug_loc     0x000115c9       0xfe C:\Users\Saas\Desktop\diploma\Code\Diploma\Diploma\ArduinoCore\Debug\libArduinoCore.a(wiring_analog.o)
 .debug_loc     0x000116c7      0x5fc C:\Users\Saas\Desktop\diploma\Code\Diploma\Diploma\ArduinoCore\Debug\libArduinoCore.a(wiring_digital.o)
 .debug_loc     0x00011cc3     0x423d C:\Users\Saas\Desktop\diploma\Code\Diploma\Diploma\ArduinoCore\Debug\libArduinoCore.a(WString.o)
 .debug_loc     0x00015f00      0xcbb C:\Users\Saas\Desktop\diploma\Code\Diploma\Diploma\ArduinoCore\Debug\libArduinoCore.a(Wire.o)
 .debug_loc     0x00016bbb      0x87f C:\Users\Saas\Desktop\diploma\Code\Diploma\Diploma\ArduinoCore\Debug\libArduinoCore.a(twi.o)

.debug_macinfo
 *(.debug_macinfo)

.debug_weaknames
 *(.debug_weaknames)

.debug_funcnames
 *(.debug_funcnames)

.debug_typenames
 *(.debug_typenames)

.debug_varnames
 *(.debug_varnames)

.debug_pubtypes
 *(.debug_pubtypes)

.debug_ranges   0x00000000     0x1340
 *(.debug_ranges)
 .debug_ranges  0x00000000       0x50 GimbalMot.o
 .debug_ranges  0x00000050      0x100 libs/I2Cdev.o
 .debug_ranges  0x00000150      0x8b8 libs/MPU6050.o
 .debug_ranges  0x00000a08       0x40 PID.o
 .debug_ranges  0x00000a48       0xf8 Sketch.o
 .debug_ranges  0x00000b40       0x58 C:\Users\Saas\Desktop\diploma\Code\Diploma\Diploma\ArduinoCore\Debug\libArduinoCore.a(HardwareSerial.o)
 .debug_ranges  0x00000b98       0x38 C:\Users\Saas\Desktop\diploma\Code\Diploma\Diploma\ArduinoCore\Debug\libArduinoCore.a(HardwareSerial0.o)
 .debug_ranges  0x00000bd0       0x20 C:\Users\Saas\Desktop\diploma\Code\Diploma\Diploma\ArduinoCore\Debug\libArduinoCore.a(main.o)
 .debug_ranges  0x00000bf0       0x20 C:\Users\Saas\Desktop\diploma\Code\Diploma\Diploma\ArduinoCore\Debug\libArduinoCore.a(new.o)
 .debug_ranges  0x00000c10      0x120 C:\Users\Saas\Desktop\diploma\Code\Diploma\Diploma\ArduinoCore\Debug\libArduinoCore.a(Print.o)
 .debug_ranges  0x00000d30       0xd0 C:\Users\Saas\Desktop\diploma\Code\Diploma\Diploma\ArduinoCore\Debug\libArduinoCore.a(Stream.o)
 .debug_ranges  0x00000e00       0x30 C:\Users\Saas\Desktop\diploma\Code\Diploma\Diploma\ArduinoCore\Debug\libArduinoCore.a(WInterrupts.o)
 .debug_ranges  0x00000e30       0x38 C:\Users\Saas\Desktop\diploma\Code\Diploma\Diploma\ArduinoCore\Debug\libArduinoCore.a(wiring.o)
 .debug_ranges  0x00000e68       0x20 C:\Users\Saas\Desktop\diploma\Code\Diploma\Diploma\ArduinoCore\Debug\libArduinoCore.a(wiring_analog.o)
 .debug_ranges  0x00000e88       0x28 C:\Users\Saas\Desktop\diploma\Code\Diploma\Diploma\ArduinoCore\Debug\libArduinoCore.a(wiring_digital.o)
 .debug_ranges  0x00000eb0      0x2f8 C:\Users\Saas\Desktop\diploma\Code\Diploma\Diploma\ArduinoCore\Debug\libArduinoCore.a(WString.o)
 .debug_ranges  0x000011a8      0x100 C:\Users\Saas\Desktop\diploma\Code\Diploma\Diploma\ArduinoCore\Debug\libArduinoCore.a(Wire.o)
 .debug_ranges  0x000012a8       0x10 C:\Users\Saas\Desktop\diploma\Code\Diploma\Diploma\ArduinoCore\Debug\libArduinoCore.a(hooks.o)
 .debug_ranges  0x000012b8       0x88 C:\Users\Saas\Desktop\diploma\Code\Diploma\Diploma\ArduinoCore\Debug\libArduinoCore.a(twi.o)

.debug_macro
 *(.debug_macro)
OUTPUT(MPU6050_DMP6.elf elf32-avr)
LOAD linker stubs
